
Magic 8.3 revision 623 - Compiled on Tue Mar 17 08:19:38 UTC 2026.
Starting magic under Tcl interpreter
Using the terminal as the console.
WARNING: RLIMIT_NOFILE is above 1024 and Tcl_Version<9 this may cause runtime issues [rlim_cur=1048576]
Using NULL graphics device.
Processing system .magicrc file
Switching to WIRING tool.
Switching to NETLIST tool.
Switching to PICK tool.
Switching to BOX tool.
Sourcing design .magicrc for technology ihp-sg13g2 ...
2 Magic internal units = 1 Lambda
Input style sg13g2(): scaleFactor=2, multiplier=2
The following types are not handled by extraction and will be treated as non-electrical types:
    pblock sealcont difffill nemitter hvnemitter hvisodiffres sealvia1 sealvia2 sealvia3 sealvia4 sealvia5 sealvia6 pillar solder seal glass thruvia inductor 
Scaled tech values by 2 / 1 to match internal grid scaling
Loading ihp-sg13g2 Device Generator Menu ...
Loading "/nix/store/4ih3gsigr3b9bd23wa17npi2ivyrcbnd-python3-3.13.9-env/lib/python3.13/site-packages/librelane/scripts/magic/wrapper.tcl" from command line.
Warning: Calma reading is not undoable!  I hope that's OK.
Library written using GDS-II Release 3.0
Library name: CPU_TOP
Reading "sg13g2_buf_1".
Reading "sg13g2_decap_4".
Reading "sg13g2_decap_8".
Reading "sg13g2_fill_1".
Reading "sg13g2_inv_1".
Reading "sg13g2_dlygate4sd3_1".
Reading "sg13g2_fill_2".
Reading "sg13g2_mux2_1".
Reading "sg13g2_dfrbpq_1".
Reading "sg13g2_buf_2".
Reading "sg13g2_o21ai_1".
Reading "sg13g2_a21o_1".
Reading "sg13g2_and2_1".
Reading "sg13g2_nor3_2".
Reading "sg13g2_nand2_1".
Reading "sg13g2_nand2b_2".
Reading "sg13g2_or3_1".
Reading "sg13g2_nor2_1".
Reading "sg13g2_nand2b_1".
Reading "sg13g2_nor3_1".
Reading "sg13g2_a22oi_1".
Reading "sg13g2_a21oi_1".
CIF file read warning: CIF style sg13g2(): units rescaled by factor of 5 / 1
Reading "sg13g2_nor2b_1".
Reading "sg13g2_or2_1".
Reading "sg13g2_xnor2_1".
Reading "sg13g2_buf_8".
Reading "sg13g2_a221oi_1".
Reading "sg13g2_nand4_1".
Reading "sg13g2_inv_2".
Reading "sg13g2_nor4_1".
Reading "sg13g2_nand3_1".
Reading "sg13g2_and3_1".
Reading "sg13g2_and4_1".
Reading "sg13g2_inv_16".
Reading "sg13g2_nand3b_1".
Reading "sg13g2_inv_8".
Reading "sg13g2_buf_16".
Reading "sg13g2_or4_1".
Reading "sg13g2_xor2_1".
Reading "sg13g2_inv_4".
Reading "sg13g2_buf_4".
Reading "sg13g2_nor4_2".
Reading "sg13g2_a21oi_2".
Reading "CPU_TOP".
    5000 uses
[INFO] Loading CPU_TOP

DRC style is now "drc(full)"
Loading DRC CIF style.
No errors found.
[INFO] COUNT: 0
[INFO] Should be divided by 3 or 4
[INFO] DRC Checking DONE (/home/user/cpu_project/runs/RUN_2026-06-05_18-53-50/64-magic-drc/reports/drc.magic.rpt)
[INFO] Saving mag view with DRC errors (/home/user/cpu_project/runs/RUN_2026-06-05_18-53-50/64-magic-drc/views/CPU_TOP.drc.mag)
[INFO] Saved
