Clock: clk
Sources: clk 
Generated: no
Virtual: yes
Propagated: no
Period: 10.000000

===========================================================================
report_clock_properties
============================================================================
Clock                   Period          Waveform
----------------------------------------------------
clk                  10.000000    0.000000  5.000000

===========================================================================
report_clock_latency
============================================================================
Clock clk
rise -> rise
    min     max
0.000000 0.000000 source latency
0.384348         network latency _5244_/CLK
        0.408663 network latency _5177_/CLK
---------------
0.384348 0.408663 latency
        0.024316 skew

fall -> fall
    min     max
0.000000 0.000000 source latency
0.371977         network latency _5244_/CLK
        0.395854 network latency _5177_/CLK
---------------
0.371977 0.395854 latency
        0.023877 skew



===========================================================================
report_clock_min_period
============================================================================
clk period_min = 5.77 fmax = 173.30
