
===========================================================================
 report_power
============================================================================
======================= nom_typ_1p20V_25C Corner ===================================

Group                    Internal    Switching      Leakage        Total
                            Power        Power        Power        Power (Watts)
------------------------------------------------------------------------
Sequential           2.090405e-03 2.418144e-04 1.313200e-07 2.332350e-03  37.5%
Combinational        1.465995e-03 1.796927e-03 5.171105e-07 3.263438e-03  52.5%
Clock                2.829849e-04 3.390662e-04 2.865246e-08 6.220798e-04  10.0%
Macro                0.000000e+00 0.000000e+00 0.000000e+00 0.000000e+00   0.0%
Pad                  0.000000e+00 0.000000e+00 0.000000e+00 0.000000e+00   0.0%
------------------------------------------------------------------------
Total                3.839383e-03 2.377807e-03 6.770833e-07 6.217867e-03 100.0%
                            61.7%        38.2%         0.0%
Writing metric power__internal__total: 0.003839383367449045
Writing metric power__switching__total: 0.00237780692987144
Writing metric power__leakage__total: 6.770832783331571e-7
Writing metric power__total: 0.006217867136001587

