
===========================================================================
report_checks -unconstrained
===========================================================================
======================= nom_slow_1p08V_125C Corner ===================================

Startpoint: rst (input port clocked by clk)
Endpoint: _5176_ (recovery check against rising-edge clock clk)
Path Group: asynchronous
Path Type: max

Fanout         Cap        Slew       Delay        Time   Description
---------------------------------------------------------------------------------------------
                      0.150000    0.000000    0.000000   clock clk (rise edge)
                                  0.000000    0.000000   clock network delay (ideal)
                                  2.000000    2.000000 v input external delay
   260    0.687973    0.874590    0.656590    2.656590 v rst (in)
                                                         rst (net)
                      0.874590    0.000000    2.656590 v _2632_/A (sg13g2_inv_1)
     1    0.004657    0.169976    0.180176    2.836766 ^ _2632_/Y (sg13g2_inv_1)
                                                         _0000_ (net)
                      0.169976    0.000000    2.836766 ^ _5176_/RESET_B (sg13g2_dfrbpq_1)
                                              2.836766   data arrival time

                      0.150000   10.000000   10.000000   clock clk (rise edge)
                                  0.000000   10.000000   clock network delay (ideal)
                                 -0.250000    9.750000   clock uncertainty
                                  0.000000    9.750000   clock reconvergence pessimism
                                              9.750000 ^ _5176_/CLK (sg13g2_dfrbpq_1)
                                 -0.236089    9.513911   library recovery time
                                              9.513911   data required time
---------------------------------------------------------------------------------------------
                                              9.513911   data required time
                                             -2.836766   data arrival time
---------------------------------------------------------------------------------------------
                                              6.677146   slack (MET)


Startpoint: imem_data[31] (input port clocked by clk)
Endpoint: _5364_ (rising edge-triggered flip-flop clocked by clk)
Path Group: clk
Path Type: max

Fanout         Cap        Slew       Delay        Time   Description
---------------------------------------------------------------------------------------------
                      0.150000    0.000000    0.000000   clock clk (rise edge)
                                  0.000000    0.000000   clock network delay (ideal)
                                  2.000000    2.000000 v input external delay
     6    0.015080    0.042058    0.016827    2.016827 v imem_data[31] (in)
                                                         imem_data[31] (net)
                      0.042058    0.000000    2.016827 v _2653_/A_N (sg13g2_nand2b_1)
     6    0.016940    0.179431    0.218296    2.235123 v _2653_/Y (sg13g2_nand2b_1)
                                                         _0549_ (net)
                      0.179431    0.000000    2.235123 v _2654_/B (sg13g2_nor2_1)
     5    0.014278    0.223878    0.239873    2.474996 ^ _2654_/Y (sg13g2_nor2_1)
                                                         _0550_ (net)
                      0.223878    0.000000    2.474996 ^ _2656_/B (sg13g2_nand2_1)
    28    0.115294    1.054807    0.932784    3.407779 v _2656_/Y (sg13g2_nand2_1)
                                                         _0552_ (net)
                      1.054807    0.000000    3.407779 v _2657_/B (sg13g2_nor2_1)
    46    0.130630    1.716135    1.721175    5.128955 ^ _2657_/Y (sg13g2_nor2_1)
                                                         _0553_ (net)
                      1.716135    0.000000    5.128955 ^ _2666_/C (sg13g2_nor4_1)
     2    0.005427    0.298733    0.345886    5.474840 v _2666_/Y (sg13g2_nor4_1)
                                                         _0562_ (net)
                      0.298733    0.000000    5.474840 v _2684_/A (sg13g2_nand4_1)
     1    0.002803    0.144633    0.130672    5.605513 ^ _2684_/Y (sg13g2_nand4_1)
                                                         _0579_ (net)
                      0.144633    0.000000    5.605513 ^ _2685_/C (sg13g2_nor3_1)
     9    0.023322    0.309269    0.190536    5.796049 v _2685_/Y (sg13g2_nor3_1)
                                                         _0580_ (net)
                      0.309269    0.000000    5.796049 v _2686_/A_N (sg13g2_nand2b_1)
     4    0.010209    0.124088    0.264425    6.060473 v _2686_/Y (sg13g2_nand2b_1)
                                                         _0581_ (net)
                      0.124088    0.000000    6.060473 v _4238_/C (sg13g2_nor3_1)
    45    0.169120    3.224878    2.448040    8.508513 ^ _4238_/Y (sg13g2_nor3_1)
                                                         _2055_ (net)
                      3.224878    0.000000    8.508513 ^ _4273_/S (sg13g2_mux2_1)
     1    0.001355    0.101552    0.687678    9.196191 v _4273_/X (sg13g2_mux2_1)
                                                         _0418_ (net)
                      0.101552    0.000000    9.196191 v _5364_/D (sg13g2_dfrbpq_1)
                                              9.196191   data arrival time

                      0.150000   10.000000   10.000000   clock clk (rise edge)
                                  0.000000   10.000000   clock network delay (ideal)
                                 -0.250000    9.750000   clock uncertainty
                                  0.000000    9.750000   clock reconvergence pessimism
                                              9.750000 ^ _5364_/CLK (sg13g2_dfrbpq_1)
                                 -0.171055    9.578945   library setup time
                                              9.578945   data required time
---------------------------------------------------------------------------------------------
                                              9.578945   data required time
                                             -9.196191   data arrival time
---------------------------------------------------------------------------------------------
                                              0.382754   slack (MET)




===========================================================================
report_checks --slack_max -0.01
============================================================================
======================= nom_slow_1p08V_125C Corner ===================================

No paths found.


===========================================================================
 report_check_types -max_slew -max_cap -max_fanout -violators
============================================================================
======================= nom_slow_1p08V_125C Corner ===================================

max slew

Pin                                        Limit        Slew       Slack
------------------------------------------------------------------------
_4491_/Y                                2.507400    3.472134   -0.964734 (VIOLATED)
_4496_/B                                2.507400    3.472134   -0.964734 (VIOLATED)
_4497_/A1                               2.507400    3.472134   -0.964734 (VIOLATED)
_4498_/B                                2.507400    3.472134   -0.964734 (VIOLATED)
_4647_/A                                2.507400    3.472134   -0.964734 (VIOLATED)
_4648_/A2                               2.507400    3.472134   -0.964734 (VIOLATED)
_4650_/A                                2.507400    3.472134   -0.964734 (VIOLATED)
_4655_/A1                               2.507400    3.472134   -0.964734 (VIOLATED)
_4664_/A                                2.507400    3.472134   -0.964734 (VIOLATED)
_4665_/A1                               2.507400    3.472134   -0.964734 (VIOLATED)
_4668_/A                                2.507400    3.472134   -0.964734 (VIOLATED)
_4673_/A1                               2.507400    3.472134   -0.964734 (VIOLATED)
_4682_/A                                2.507400    3.472134   -0.964734 (VIOLATED)
_4683_/A1                               2.507400    3.472134   -0.964734 (VIOLATED)
_4691_/A                                2.507400    3.472134   -0.964734 (VIOLATED)
_4692_/A1                               2.507400    3.472134   -0.964734 (VIOLATED)
_4700_/A                                2.507400    3.472134   -0.964734 (VIOLATED)
_4701_/A1                               2.507400    3.472134   -0.964734 (VIOLATED)
_4709_/S                                2.507400    3.472134   -0.964734 (VIOLATED)
_4717_/A                                2.507400    3.472134   -0.964734 (VIOLATED)
_4718_/A1                               2.507400    3.472134   -0.964734 (VIOLATED)
_4722_/A                                2.507400    3.472134   -0.964734 (VIOLATED)
_4727_/A1                               2.507400    3.472134   -0.964734 (VIOLATED)
_4738_/A                                2.507400    3.472134   -0.964734 (VIOLATED)
_4739_/A1                               2.507400    3.472134   -0.964734 (VIOLATED)
_4745_/S                                2.507400    3.472134   -0.964734 (VIOLATED)
_4758_/A                                2.507400    3.472134   -0.964734 (VIOLATED)
_4759_/A1                               2.507400    3.472134   -0.964734 (VIOLATED)
_4769_/A                                2.507400    3.472134   -0.964734 (VIOLATED)
_4770_/A1                               2.507400    3.472134   -0.964734 (VIOLATED)
_4777_/A                                2.507400    3.472134   -0.964734 (VIOLATED)
_4778_/A1                               2.507400    3.472134   -0.964734 (VIOLATED)
_4782_/A                                2.507400    3.472134   -0.964734 (VIOLATED)
_4786_/A1                               2.507400    3.472134   -0.964734 (VIOLATED)
_4789_/A_N                              2.507400    3.472134   -0.964734 (VIOLATED)
_4796_/A                                2.507400    3.472134   -0.964734 (VIOLATED)
_4800_/A                                2.507400    3.472134   -0.964734 (VIOLATED)
_4804_/A1                               2.507400    3.472134   -0.964734 (VIOLATED)
_4814_/A                                2.507400    3.472134   -0.964734 (VIOLATED)
_4815_/A1                               2.507400    3.472134   -0.964734 (VIOLATED)
_4825_/A                                2.507400    3.472134   -0.964734 (VIOLATED)
_4826_/A1                               2.507400    3.472134   -0.964734 (VIOLATED)
_4829_/A_N                              2.507400    3.472134   -0.964734 (VIOLATED)
_4835_/B                                2.507400    3.472134   -0.964734 (VIOLATED)
_4839_/A                                2.507400    3.472134   -0.964734 (VIOLATED)
_4843_/A1                               2.507400    3.472134   -0.964734 (VIOLATED)
_4853_/A                                2.507400    3.472134   -0.964734 (VIOLATED)
_4854_/A1                               2.507400    3.472134   -0.964734 (VIOLATED)
_4862_/A                                2.507400    3.472134   -0.964734 (VIOLATED)
_4863_/A1                               2.507400    3.472134   -0.964734 (VIOLATED)
_4873_/A                                2.507400    3.472134   -0.964734 (VIOLATED)
_4874_/A1                               2.507400    3.472134   -0.964734 (VIOLATED)
_4878_/A                                2.507400    3.472134   -0.964734 (VIOLATED)
_4882_/A1                               2.507400    3.472134   -0.964734 (VIOLATED)
_4892_/A                                2.507400    3.472134   -0.964734 (VIOLATED)
_4893_/A1                               2.507400    3.472134   -0.964734 (VIOLATED)
_4895_/A                                2.507400    3.472134   -0.964734 (VIOLATED)
_4899_/A1                               2.507400    3.472134   -0.964734 (VIOLATED)
_4908_/B1                               2.507400    3.472134   -0.964734 (VIOLATED)
_4910_/A1                               2.507400    3.472134   -0.964734 (VIOLATED)
_4914_/A                                2.507400    3.472134   -0.964734 (VIOLATED)
_4916_/A1                               2.507400    3.472134   -0.964734 (VIOLATED)
_4238_/Y                                2.507400    3.224878   -0.717477 (VIOLATED)
_4239_/S                                2.507400    3.224878   -0.717477 (VIOLATED)
_4240_/S                                2.507400    3.224878   -0.717477 (VIOLATED)
_4241_/S                                2.507400    3.224878   -0.717477 (VIOLATED)
_4242_/S                                2.507400    3.224878   -0.717477 (VIOLATED)
_4243_/S                                2.507400    3.224878   -0.717477 (VIOLATED)
_4244_/S                                2.507400    3.224878   -0.717477 (VIOLATED)
_4245_/S                                2.507400    3.224878   -0.717477 (VIOLATED)
_4246_/S                                2.507400    3.224878   -0.717477 (VIOLATED)
_4247_/S                                2.507400    3.224878   -0.717477 (VIOLATED)
_4248_/S                                2.507400    3.224878   -0.717477 (VIOLATED)
_4249_/B                                2.507400    3.224878   -0.717477 (VIOLATED)
_4250_/A2                               2.507400    3.224878   -0.717477 (VIOLATED)
_4251_/S                                2.507400    3.224878   -0.717477 (VIOLATED)
_4252_/S                                2.507400    3.224878   -0.717477 (VIOLATED)
_4253_/B                                2.507400    3.224878   -0.717477 (VIOLATED)
_4254_/A2                               2.507400    3.224878   -0.717477 (VIOLATED)
_4255_/B                                2.507400    3.224878   -0.717477 (VIOLATED)
_4256_/A2                               2.507400    3.224878   -0.717477 (VIOLATED)
_4257_/S                                2.507400    3.224878   -0.717477 (VIOLATED)
_4258_/S                                2.507400    3.224878   -0.717477 (VIOLATED)
_4259_/B                                2.507400    3.224878   -0.717477 (VIOLATED)
_4260_/A2                               2.507400    3.224878   -0.717477 (VIOLATED)
_4261_/B                                2.507400    3.224878   -0.717477 (VIOLATED)
_4262_/A2                               2.507400    3.224878   -0.717477 (VIOLATED)
_4263_/B                                2.507400    3.224878   -0.717477 (VIOLATED)
_4264_/A2                               2.507400    3.224878   -0.717477 (VIOLATED)
_4265_/S                                2.507400    3.224878   -0.717477 (VIOLATED)
_4266_/S                                2.507400    3.224878   -0.717477 (VIOLATED)
_4267_/S                                2.507400    3.224878   -0.717477 (VIOLATED)
_4268_/B                                2.507400    3.224878   -0.717477 (VIOLATED)
_4269_/A2                               2.507400    3.224878   -0.717477 (VIOLATED)
_4270_/B                                2.507400    3.224878   -0.717477 (VIOLATED)
_4271_/A2                               2.507400    3.224878   -0.717477 (VIOLATED)
_4272_/S                                2.507400    3.224878   -0.717477 (VIOLATED)
_4273_/S                                2.507400    3.224878   -0.717477 (VIOLATED)
_4274_/B                                2.507400    3.224878   -0.717477 (VIOLATED)
_4275_/A2                               2.507400    3.224878   -0.717477 (VIOLATED)
_4276_/B                                2.507400    3.224878   -0.717477 (VIOLATED)
_4277_/A2                               2.507400    3.224878   -0.717477 (VIOLATED)
_4278_/B                                2.507400    3.224878   -0.717477 (VIOLATED)
_4279_/A2                               2.507400    3.224878   -0.717477 (VIOLATED)
_4280_/B                                2.507400    3.224878   -0.717477 (VIOLATED)
_4281_/A2                               2.507400    3.224878   -0.717477 (VIOLATED)
_4282_/B                                2.507400    3.224878   -0.717477 (VIOLATED)
_4283_/A2                               2.507400    3.224878   -0.717477 (VIOLATED)
_3321_/Y                                2.507400    3.004031   -0.496631 (VIOLATED)
_3797_/S                                2.507400    3.004031   -0.496631 (VIOLATED)
_3816_/S                                2.507400    3.004031   -0.496631 (VIOLATED)
_3841_/S                                2.507400    3.004031   -0.496631 (VIOLATED)
_3861_/S                                2.507400    3.004031   -0.496631 (VIOLATED)
_3891_/S                                2.507400    3.004031   -0.496631 (VIOLATED)
_3909_/S                                2.507400    3.004031   -0.496631 (VIOLATED)
_3932_/A                                2.507400    3.004031   -0.496631 (VIOLATED)
_3933_/A2                               2.507400    3.004031   -0.496631 (VIOLATED)
_3954_/S                                2.507400    3.004031   -0.496631 (VIOLATED)
_3990_/S                                2.507400    3.004031   -0.496631 (VIOLATED)
_4013_/S                                2.507400    3.004031   -0.496631 (VIOLATED)
_4037_/S                                2.507400    3.004031   -0.496631 (VIOLATED)
_4060_/S                                2.507400    3.004031   -0.496631 (VIOLATED)
_4086_/S                                2.507400    3.004031   -0.496631 (VIOLATED)
_4108_/S                                2.507400    3.004031   -0.496631 (VIOLATED)
_4129_/S                                2.507400    3.004031   -0.496631 (VIOLATED)
_4150_/S                                2.507400    3.004031   -0.496631 (VIOLATED)
_4179_/S                                2.507400    3.004031   -0.496631 (VIOLATED)
_4197_/S                                2.507400    3.004031   -0.496631 (VIOLATED)
_4220_/S                                2.507400    3.004031   -0.496631 (VIOLATED)
_4221_/B                                2.507400    3.004031   -0.496631 (VIOLATED)
_4222_/A2                               2.507400    3.004031   -0.496631 (VIOLATED)
_4223_/S                                2.507400    3.004031   -0.496631 (VIOLATED)
_4224_/B                                2.507400    3.004031   -0.496631 (VIOLATED)
_4225_/A2                               2.507400    3.004031   -0.496631 (VIOLATED)
_4226_/S                                2.507400    3.004031   -0.496631 (VIOLATED)
_4227_/S                                2.507400    3.004031   -0.496631 (VIOLATED)
_4228_/S                                2.507400    3.004031   -0.496631 (VIOLATED)
_4229_/S                                2.507400    3.004031   -0.496631 (VIOLATED)
_4230_/S                                2.507400    3.004031   -0.496631 (VIOLATED)
_4231_/B                                2.507400    3.004031   -0.496631 (VIOLATED)
_4232_/A2                               2.507400    3.004031   -0.496631 (VIOLATED)
_4233_/B                                2.507400    3.004031   -0.496631 (VIOLATED)
_4234_/A2                               2.507400    3.004031   -0.496631 (VIOLATED)
_4235_/S                                2.507400    3.004031   -0.496631 (VIOLATED)
_4236_/S                                2.507400    3.004031   -0.496631 (VIOLATED)
_4237_/S                                2.507400    3.004031   -0.496631 (VIOLATED)
_3063_/Y                                2.507400    2.582956   -0.075556 (VIOLATED)
_3064_/B                                2.507400    2.582956   -0.075556 (VIOLATED)
_3065_/A_N                              2.507400    2.582956   -0.075556 (VIOLATED)
_3068_/B1                               2.507400    2.582956   -0.075556 (VIOLATED)
_3092_/B1                               2.507400    2.582956   -0.075556 (VIOLATED)
_3093_/A2                               2.507400    2.582956   -0.075556 (VIOLATED)
_3112_/B1                               2.507400    2.582956   -0.075556 (VIOLATED)
_3113_/A2                               2.507400    2.582956   -0.075556 (VIOLATED)
_3135_/B1                               2.507400    2.582956   -0.075556 (VIOLATED)
_3136_/A2                               2.507400    2.582956   -0.075556 (VIOLATED)
_3154_/B1                               2.507400    2.582956   -0.075556 (VIOLATED)
_3155_/A2                               2.507400    2.582956   -0.075556 (VIOLATED)
_3178_/B1                               2.507400    2.582956   -0.075556 (VIOLATED)
_3179_/A2                               2.507400    2.582956   -0.075556 (VIOLATED)
_3197_/B1                               2.507400    2.582956   -0.075556 (VIOLATED)
_3198_/A2                               2.507400    2.582956   -0.075556 (VIOLATED)
_3222_/B                                2.507400    2.582956   -0.075556 (VIOLATED)
_3223_/A1                               2.507400    2.582956   -0.075556 (VIOLATED)
_3245_/B1                               2.507400    2.582956   -0.075556 (VIOLATED)
_3246_/A2                               2.507400    2.582956   -0.075556 (VIOLATED)
_3265_/B1                               2.507400    2.582956   -0.075556 (VIOLATED)
_3266_/A2                               2.507400    2.582956   -0.075556 (VIOLATED)
_3286_/B1                               2.507400    2.582956   -0.075556 (VIOLATED)
_3287_/A2                               2.507400    2.582956   -0.075556 (VIOLATED)
_3305_/B1                               2.507400    2.582956   -0.075556 (VIOLATED)
_3306_/A2                               2.507400    2.582956   -0.075556 (VIOLATED)
_3318_/B1                               2.507400    2.582956   -0.075556 (VIOLATED)
_3319_/A2                               2.507400    2.582956   -0.075556 (VIOLATED)
_3796_/A2                               2.507400    2.582956   -0.075556 (VIOLATED)
_3815_/A2                               2.507400    2.582956   -0.075556 (VIOLATED)
_3840_/A2                               2.507400    2.582956   -0.075556 (VIOLATED)
_3860_/A2                               2.507400    2.582956   -0.075556 (VIOLATED)
_3889_/B                                2.507400    2.582956   -0.075556 (VIOLATED)
_3908_/A2                               2.507400    2.582956   -0.075556 (VIOLATED)
_3930_/B1                               2.507400    2.582956   -0.075556 (VIOLATED)
_3931_/A2                               2.507400    2.582956   -0.075556 (VIOLATED)
_3952_/B1                               2.507400    2.582956   -0.075556 (VIOLATED)
_3953_/A2                               2.507400    2.582956   -0.075556 (VIOLATED)
_3988_/B1                               2.507400    2.582956   -0.075556 (VIOLATED)
_3989_/A2                               2.507400    2.582956   -0.075556 (VIOLATED)
_4011_/B1                               2.507400    2.582956   -0.075556 (VIOLATED)
_4012_/A2                               2.507400    2.582956   -0.075556 (VIOLATED)
_4035_/B1                               2.507400    2.582956   -0.075556 (VIOLATED)
_4036_/A2                               2.507400    2.582956   -0.075556 (VIOLATED)
_4058_/B1                               2.507400    2.582956   -0.075556 (VIOLATED)
_4059_/A2                               2.507400    2.582956   -0.075556 (VIOLATED)
_4084_/B1                               2.507400    2.582956   -0.075556 (VIOLATED)
_4085_/A2                               2.507400    2.582956   -0.075556 (VIOLATED)
_4106_/B1                               2.507400    2.582956   -0.075556 (VIOLATED)
_4107_/A2                               2.507400    2.582956   -0.075556 (VIOLATED)
_4127_/B1                               2.507400    2.582956   -0.075556 (VIOLATED)
_4128_/A2                               2.507400    2.582956   -0.075556 (VIOLATED)
_4148_/B1                               2.507400    2.582956   -0.075556 (VIOLATED)
_4149_/A2                               2.507400    2.582956   -0.075556 (VIOLATED)
_4177_/B1                               2.507400    2.582956   -0.075556 (VIOLATED)
_4178_/A2                               2.507400    2.582956   -0.075556 (VIOLATED)
_4195_/B1                               2.507400    2.582956   -0.075556 (VIOLATED)
_4196_/A2                               2.507400    2.582956   -0.075556 (VIOLATED)
_4218_/B1                               2.507400    2.582956   -0.075556 (VIOLATED)
_4219_/A2                               2.507400    2.582956   -0.075556 (VIOLATED)

max fanout

Pin                                   Limit Fanout  Slack
---------------------------------------------------------
rst                                       8    260   -252 (VIOLATED)
_4491_/Y                                  8     61    -53 (VIOLATED)
_3063_/Y                                  8     59    -51 (VIOLATED)
_2657_/Y                                  8     46    -38 (VIOLATED)
_4238_/Y                                  8     45    -37 (VIOLATED)
_2680_/Y                                  8     42    -34 (VIOLATED)
_4319_/Y                                  8     40    -32 (VIOLATED)
_3321_/Y                                  8     37    -29 (VIOLATED)
_2713_/X                                  8     36    -28 (VIOLATED)
_4394_/Y                                  8     34    -26 (VIOLATED)
_2688_/Y                                  8     33    -25 (VIOLATED)
_4284_/Y                                  8     33    -25 (VIOLATED)
_4360_/Y                                  8     33    -25 (VIOLATED)
imem_data[20]                             8     32    -24 (VIOLATED)
_2700_/Y                                  8     32    -24 (VIOLATED)
_2716_/X                                  8     32    -24 (VIOLATED)
_2720_/Y                                  8     32    -24 (VIOLATED)
_2724_/Y                                  8     32    -24 (VIOLATED)
_3008_/Y                                  8     32    -24 (VIOLATED)
_2694_/X                                  8     31    -23 (VIOLATED)
_2705_/Y                                  8     31    -23 (VIOLATED)
_2999_/Y                                  8     30    -22 (VIOLATED)
_2703_/X                                  8     29    -21 (VIOLATED)
_2959_/X                                  8     29    -21 (VIOLATED)
_2656_/Y                                  8     28    -20 (VIOLATED)
_2698_/Y                                  8     28    -20 (VIOLATED)
_2722_/Y                                  8     28    -20 (VIOLATED)
_2696_/X                                  8     27    -19 (VIOLATED)
_2717_/X                                  8     27    -19 (VIOLATED)
imem_data[23]                             8     26    -18 (VIOLATED)
_2681_/Y                                  8     26    -18 (VIOLATED)
_2679_/X                                  8     24    -16 (VIOLATED)
imem_data[15]                             8     23    -15 (VIOLATED)
_2968_/Y                                  8     22    -14 (VIOLATED)
_2668_/X                                  8     21    -13 (VIOLATED)
_2670_/Y                                  8     20    -12 (VIOLATED)
_2691_/X                                  8     20    -12 (VIOLATED)
_2710_/X                                  8     20    -12 (VIOLATED)
_3056_/Y                                  8     20    -12 (VIOLATED)
_2645_/Y                                  8     19    -11 (VIOLATED)
_2649_/Y                                  8     19    -11 (VIOLATED)
_2664_/X                                  8     19    -11 (VIOLATED)
_2770_/Y                                  8     19    -11 (VIOLATED)
_2665_/Y                                  8     18    -10 (VIOLATED)
_2673_/Y                                  8     18    -10 (VIOLATED)
_3009_/Y                                  8     18    -10 (VIOLATED)
_2650_/Y                                  8     17     -9 (VIOLATED)
_2708_/Y                                  8     17     -9 (VIOLATED)
_2939_/Y                                  8     17     -9 (VIOLATED)
_2572_/Y                                  8     16     -8 (VIOLATED)
_2646_/Y                                  8     16     -8 (VIOLATED)
_2682_/Y                                  8     16     -8 (VIOLATED)
_2690_/X                                  8     16     -8 (VIOLATED)
_3385_/Y                                  8     16     -8 (VIOLATED)
_3462_/Y                                  8     16     -8 (VIOLATED)
imem_data[25]                             8     15     -7 (VIOLATED)
_2749_/Y                                  8     15     -7 (VIOLATED)
_2787_/Y                                  8     15     -7 (VIOLATED)
_2805_/Y                                  8     15     -7 (VIOLATED)
_2856_/Y                                  8     15     -7 (VIOLATED)
_3057_/Y                                  8     15     -7 (VIOLATED)
_3366_/Y                                  8     15     -7 (VIOLATED)
_3477_/Y                                  8     15     -7 (VIOLATED)
_3514_/Y                                  8     15     -7 (VIOLATED)
_2655_/Y                                  8     14     -6 (VIOLATED)
_2672_/Y                                  8     14     -6 (VIOLATED)
_2925_/Y                                  8     14     -6 (VIOLATED)
_3010_/X                                  8     14     -6 (VIOLATED)
_3442_/X                                  8     14     -6 (VIOLATED)
_4521_/Y                                  8     14     -6 (VIOLATED)
imem_data[24]                             8     13     -5 (VIOLATED)
imem_data[27]                             8     13     -5 (VIOLATED)
_2669_/Y                                  8     13     -5 (VIOLATED)
_2671_/Y                                  8     13     -5 (VIOLATED)
_2840_/Y                                  8     13     -5 (VIOLATED)
_2876_/Y                                  8     13     -5 (VIOLATED)
_2969_/X                                  8     13     -5 (VIOLATED)
_3007_/Y                                  8     13     -5 (VIOLATED)
_3531_/Y                                  8     13     -5 (VIOLATED)
_3686_/Y                                  8     13     -5 (VIOLATED)
imem_data[21]                             8     12     -4 (VIOLATED)
imem_data[22]                             8     12     -4 (VIOLATED)
_2711_/Y                                  8     12     -4 (VIOLATED)
_3347_/Y                                  8     12     -4 (VIOLATED)
_3426_/Y                                  8     12     -4 (VIOLATED)
_3496_/Y                                  8     12     -4 (VIOLATED)
_4572_/Y                                  8     12     -4 (VIOLATED)
_2899_/Y                                  8     11     -3 (VIOLATED)
_3552_/Y                                  8     11     -3 (VIOLATED)
_3672_/Y                                  8     11     -3 (VIOLATED)
imem_data[26]                             8     10     -2 (VIOLATED)
imem_data[28]                             8     10     -2 (VIOLATED)
imem_data[29]                             8     10     -2 (VIOLATED)
_2689_/Y                                  8     10     -2 (VIOLATED)
_2712_/Y                                  8     10     -2 (VIOLATED)
_2714_/X                                  8     10     -2 (VIOLATED)
_2824_/X                                  8     10     -2 (VIOLATED)
_3406_/Y                                  8     10     -2 (VIOLATED)
_3606_/Y                                  8     10     -2 (VIOLATED)
_3625_/X                                  8     10     -2 (VIOLATED)
_2642_/Y                                  8      9        (VIOLATED)
_2658_/Y                                  8      9        (VIOLATED)
_2685_/Y                                  8      9        (VIOLATED)
_2730_/Y                                  8      9        (VIOLATED)
_2736_/Y                                  8      9        (VIOLATED)
_2825_/Y                                  8      9        (VIOLATED)
_3326_/Y                                  8      9        (VIOLATED)
_3587_/Y                                  8      9        (VIOLATED)
_3642_/Y                                  8      9        (VIOLATED)



===========================================================================
report_parasitic_annotation -report_unannotated
============================================================================
Found 3035 unannotated drivers.
 clk
 dmem_rdata[0]
 dmem_rdata[10]
 dmem_rdata[11]
 dmem_rdata[12]
 dmem_rdata[13]
 dmem_rdata[14]
 dmem_rdata[15]
 dmem_rdata[16]
 dmem_rdata[17]
 dmem_rdata[18]
 dmem_rdata[19]
 dmem_rdata[1]
 dmem_rdata[20]
 dmem_rdata[21]
 dmem_rdata[22]
 dmem_rdata[23]
 dmem_rdata[24]
 dmem_rdata[25]
 dmem_rdata[26]
 dmem_rdata[27]
 dmem_rdata[28]
 dmem_rdata[29]
 dmem_rdata[2]
 dmem_rdata[30]
 dmem_rdata[31]
 dmem_rdata[3]
 dmem_rdata[4]
 dmem_rdata[5]
 dmem_rdata[6]
 dmem_rdata[7]
 dmem_rdata[8]
 dmem_rdata[9]
 imem_data[0]
 imem_data[10]
 imem_data[11]
 imem_data[12]
 imem_data[13]
 imem_data[14]
 imem_data[15]
 imem_data[16]
 imem_data[17]
 imem_data[18]
 imem_data[19]
 imem_data[1]
 imem_data[20]
 imem_data[21]
 imem_data[22]
 imem_data[23]
 imem_data[24]
 imem_data[25]
 imem_data[26]
 imem_data[27]
 imem_data[28]
 imem_data[29]
 imem_data[2]
 imem_data[30]
 imem_data[31]
 imem_data[3]
 imem_data[4]
 imem_data[5]
 imem_data[6]
 imem_data[7]
 imem_data[8]
 imem_data[9]
 io_addr[0]
 io_addr[1]
 io_addr[2]
 io_addr[3]
 io_addr[4]
 io_addr[5]
 io_addr[6]
 io_addr[7]
 io_rdata[0]
 io_rdata[10]
 io_rdata[11]
 io_rdata[12]
 io_rdata[13]
 io_rdata[14]
 io_rdata[15]
 io_rdata[16]
 io_rdata[17]
 io_rdata[18]
 io_rdata[19]
 io_rdata[1]
 io_rdata[20]
 io_rdata[21]
 io_rdata[22]
 io_rdata[23]
 io_rdata[24]
 io_rdata[25]
 io_rdata[26]
 io_rdata[27]
 io_rdata[28]
 io_rdata[29]
 io_rdata[2]
 io_rdata[30]
 io_rdata[31]
 io_rdata[3]
 io_rdata[4]
 io_rdata[5]
 io_rdata[6]
 io_rdata[7]
 io_rdata[8]
 io_rdata[9]
 rst
 _2539_/Y
 _2540_/Y
 _2541_/Y
 _2542_/Y
 _2543_/Y
 _2544_/Y
 _2545_/Y
 _2546_/Y
 _2547_/Y
 _2548_/Y
 _2549_/Y
 _2550_/Y
 _2551_/Y
 _2552_/Y
 _2553_/Y
 _2554_/Y
 _2555_/Y
 _2556_/Y
 _2557_/Y
 _2558_/Y
 _2559_/Y
 _2560_/Y
 _2561_/Y
 _2562_/Y
 _2563_/Y
 _2564_/Y
 _2565_/Y
 _2566_/Y
 _2567_/Y
 _2568_/Y
 _2569_/Y
 _2570_/Y
 _2571_/Y
 _2572_/Y
 _2573_/Y
 _2574_/Y
 _2575_/Y
 _2576_/Y
 _2577_/Y
 _2578_/Y
 _2579_/Y
 _2580_/Y
 _2581_/Y
 _2582_/Y
 _2583_/Y
 _2584_/Y
 _2585_/Y
 _2586_/Y
 _2587_/Y
 _2588_/Y
 _2589_/Y
 _2590_/Y
 _2591_/Y
 _2592_/Y
 _2593_/Y
 _2594_/Y
 _2595_/Y
 _2596_/Y
 _2597_/Y
 _2598_/Y
 _2599_/Y
 _2600_/Y
 _2601_/Y
 _2602_/Y
 _2603_/Y
 _2604_/Y
 _2605_/Y
 _2606_/Y
 _2607_/Y
 _2608_/Y
 _2609_/Y
 _2610_/Y
 _2611_/Y
 _2612_/Y
 _2613_/Y
 _2614_/Y
 _2615_/Y
 _2616_/Y
 _2617_/Y
 _2618_/Y
 _2619_/Y
 _2620_/Y
 _2621_/Y
 _2622_/Y
 _2623_/Y
 _2624_/Y
 _2625_/Y
 _2626_/Y
 _2627_/Y
 _2628_/Y
 _2629_/Y
 _2630_/Y
 _2631_/Y
 _2632_/Y
 _2633_/Y
 _2634_/Y
 _2635_/Y
 _2636_/Y
 _2637_/Y
 _2638_/Y
 _2639_/Y
 _2640_/Y
 _2641_/Y
 _2642_/Y
 _2643_/X
 _2644_/Y
 _2645_/Y
 _2646_/Y
 _2647_/Y
 _2648_/Y
 _2649_/Y
 _2650_/Y
 _2651_/Y
 _2652_/Y
 _2653_/Y
 _2654_/Y
 _2655_/Y
 _2656_/Y
 _2657_/Y
 _2658_/Y
 _2659_/Y
 _2660_/Y
 _2661_/Y
 _2662_/Y
 _2663_/Y
 _2664_/X
 _2665_/Y
 _2666_/Y
 _2667_/Y
 _2668_/X
 _2669_/Y
 _2670_/Y
 _2671_/Y
 _2672_/Y
 _2673_/Y
 _2674_/Y
 _2675_/Y
 _2676_/Y
 _2677_/Y
 _2678_/Y
 _2679_/X
 _2680_/Y
 _2681_/Y
 _2682_/Y
 _2683_/Y
 _2684_/Y
 _2685_/Y
 _2686_/Y
 _2687_/Y
 _2688_/Y
 _2689_/Y
 _2690_/X
 _2691_/X
 _2692_/Y
 _2693_/Y
 _2694_/X
 _2695_/Y
 _2696_/X
 _2697_/Y
 _2698_/Y
 _2699_/Y
 _2700_/Y
 _2701_/Y
 _2702_/Y
 _2703_/X
 _2704_/Y
 _2705_/Y
 _2706_/Y
 _2707_/Y
 _2708_/Y
 _2709_/Y
 _2710_/X
 _2711_/Y
 _2712_/Y
 _2713_/X
 _2714_/X
 _2715_/Y
 _2716_/X
 _2717_/X
 _2718_/Y
 _2719_/Y
 _2720_/Y
 _2721_/Y
 _2722_/Y
 _2723_/Y
 _2724_/Y
 _2725_/Y
 _2726_/Y
 _2727_/Y
 _2728_/X
 _2729_/Y
 _2730_/Y
 _2731_/Y
 _2732_/Y
 _2733_/Y
 _2734_/Y
 _2735_/X
 _2736_/Y
 _2737_/Y
 _2738_/Y
 _2739_/Y
 _2740_/Y
 _2741_/Y
 _2742_/X
 _2743_/X
 _2744_/X
 _2745_/Y
 _2746_/Y
 _2747_/Y
 _2748_/Y
 _2749_/Y
 _2750_/Y
 _2751_/Y
 _2752_/X
 _2753_/Y
 _2754_/Y
 _2755_/Y
 _2756_/Y
 _2757_/X
 _2758_/X
 _2759_/Y
 _2760_/Y
 _2761_/X
 _2762_/Y
 _2763_/Y
 _2764_/Y
 _2765_/Y
 _2766_/Y
 _2767_/Y
 _2768_/Y
 _2769_/Y
 _2770_/Y
 _2771_/Y
 _2772_/Y
 _2773_/Y
 _2774_/Y
 _2775_/Y
 _2776_/X
 _2777_/Y
 _2778_/Y
 _2779_/Y
 _2780_/X
 _2781_/Y
 _2782_/Y
 _2783_/Y
 _2784_/Y
 _2785_/Y
 _2786_/Y
 _2787_/Y
 _2788_/Y
 _2789_/Y
 _2790_/Y
 _2791_/Y
 _2792_/Y
 _2793_/Y
 _2794_/Y
 _2795_/X
 _2796_/Y
 _2797_/X
 _2798_/Y
 _2799_/Y
 _2800_/X
 _2801_/Y
 _2802_/Y
 _2803_/Y
 _2804_/Y
 _2805_/Y
 _2806_/Y
 _2807_/Y
 _2808_/Y
 _2809_/Y
 _2810_/Y
 _2811_/Y
 _2812_/X
 _2813_/Y
 _2814_/Y
 _2815_/Y
 _2816_/Y
 _2817_/Y
 _2818_/Y
 _2819_/X
 _2820_/Y
 _2821_/X
 _2822_/Y
 _2823_/X
 _2824_/X
 _2825_/Y
 _2826_/Y
 _2827_/Y
 _2828_/Y
 _2829_/Y
 _2830_/Y
 _2831_/Y
 _2832_/X
 _2833_/Y
 _2834_/Y
 _2835_/Y
 _2836_/Y
 _2837_/Y
 _2838_/Y
 _2839_/X
 _2840_/Y
 _2841_/X
 _2842_/Y
 _2843_/Y
 _2844_/Y
 _2845_/Y
 _2846_/Y
 _2847_/X
 _2848_/X
 _2849_/Y
 _2850_/Y
 _2851_/X
 _2852_/Y
 _2853_/Y
 _2854_/Y
 _2855_/Y
 _2856_/Y
 _2857_/Y
 _2858_/X
 _2859_/X
 _2860_/Y
 _2861_/Y
 _2862_/Y
 _2863_/Y
 _2864_/Y
 _2865_/Y
 _2866_/Y
 _2867_/Y
 _2868_/X
 _2869_/X
 _2870_/X
 _2871_/Y
 _2872_/Y
 _2873_/Y
 _2874_/Y
 _2875_/Y
 _2876_/Y
 _2877_/X
 _2878_/X
 _2879_/Y
 _2880_/Y
 _2881_/Y
 _2882_/Y
 _2883_/X
 _2884_/Y
 _2885_/Y
 _2886_/Y
 _2887_/X
 _2888_/X
 _2889_/Y
 _2890_/Y
 _2891_/Y
 _2892_/Y
 _2893_/Y
 _2894_/Y
 _2895_/Y
 _2896_/Y
 _2897_/Y
 _2898_/Y
 _2899_/Y
 _2900_/Y
 _2901_/Y
 _2902_/Y
 _2903_/Y
 _2904_/Y
 _2905_/Y
 _2906_/Y
 _2907_/X
 _2908_/Y
 _2909_/Y
 _2910_/Y
 _2911_/X
 _2912_/X
 _2913_/Y
 _2914_/Y
 _2915_/Y
 _2916_/Y
 _2917_/Y
 _2918_/Y
 _2919_/Y
 _2920_/Y
 _2921_/Y
 _2922_/Y
 _2923_/X
 _2924_/X
 _2925_/Y
 _2926_/Y
 _2927_/Y
 _2928_/Y
 _2929_/Y
 _2930_/Y
 _2931_/X
 _2932_/X
 _2933_/X
 _2934_/Y
 _2935_/Y
 _2936_/Y
 _2937_/Y
 _2938_/Y
 _2939_/Y
 _2940_/Y
 _2941_/Y
 _2942_/Y
 _2943_/Y
 _2944_/Y
 _2945_/Y
 _2946_/X
 _2947_/X
 _2948_/X
 _2949_/Y
 _2950_/Y
 _2951_/X
 _2952_/Y
 _2953_/Y
 _2954_/Y
 _2955_/Y
 _2956_/Y
 _2957_/Y
 _2958_/Y
 _2959_/X
 _2960_/Y
 _2961_/Y
 _2962_/Y
 _2963_/Y
 _2964_/Y
 _2965_/Y
 _2966_/Y
 _2967_/Y
 _2968_/Y
 _2969_/X
 _2970_/X
 _2971_/Y
 _2972_/Y
 _2973_/Y
 _2974_/X
 _2975_/X
 _2976_/Y
 _2977_/Y
 _2978_/X
 _2979_/Y
 _2980_/X
 _2981_/Y
 _2982_/Y
 _2983_/Y
 _2984_/Y
 _2985_/Y
 _2986_/Y
 _2987_/Y
 _2988_/X
 _2989_/X
 _2990_/Y
 _2991_/Y
 _2992_/Y
 _2993_/Y
 _2994_/Y
 _2995_/Y
 _2996_/Y
 _2997_/X
 _2998_/Y
 _2999_/Y
 _3000_/Y
 _3001_/X
 _3002_/Y
 _3003_/Y
 _3004_/Y
 _3005_/Y
 _3006_/X
 _3007_/Y
 _3008_/Y
 _3009_/Y
 _3010_/X
 _3011_/Y
 _3012_/Y
 _3013_/Y
 _3014_/Y
 _3015_/Y
 _3016_/Y
 _3017_/Y
 _3018_/Y
 _3019_/Y
 _3020_/Y
 _3021_/Y
 _3022_/Y
 _3023_/Y
 _3024_/Y
 _3025_/Y
 _3026_/Y
 _3027_/Y
 _3028_/Y
 _3029_/Y
 _3030_/Y
 _3031_/Y
 _3032_/X
 _3033_/Y
 _3034_/Y
 _3035_/Y
 _3036_/Y
 _3037_/X
 _3038_/Y
 _3039_/Y
 _3040_/Y
 _3041_/Y
 _3042_/Y
 _3043_/Y
 _3044_/Y
 _3045_/Y
 _3046_/Y
 _3047_/X
 _3048_/Y
 _3049_/Y
 _3050_/Y
 _3051_/X
 _3052_/Y
 _3053_/Y
 _3054_/Y
 _3055_/Y
 _3056_/Y
 _3057_/Y
 _3058_/Y
 _3059_/Y
 _3060_/Y
 _3061_/Y
 _3062_/Y
 _3063_/Y
 _3064_/Y
 _3065_/Y
 _3066_/Y
 _3067_/Y
 _3068_/Y
 _3069_/Y
 _3070_/Y
 _3071_/X
 _3072_/Y
 _3073_/Y
 _3074_/Y
 _3075_/Y
 _3076_/Y
 _3077_/Y
 _3078_/Y
 _3079_/Y
 _3080_/Y
 _3081_/Y
 _3082_/Y
 _3083_/Y
 _3084_/Y
 _3085_/Y
 _3086_/Y
 _3087_/X
 _3088_/Y
 _3089_/Y
 _3090_/Y
 _3091_/Y
 _3092_/Y
 _3093_/Y
 _3094_/X
 _3095_/Y
 _3096_/Y
 _3097_/Y
 _3098_/X
 _3099_/Y
 _3100_/X
 _3101_/Y
 _3102_/Y
 _3103_/Y
 _3104_/Y
 _3105_/Y
 _3106_/Y
 _3107_/Y
 _3108_/Y
 _3109_/Y
 _3110_/Y
 _3111_/Y
 _3112_/Y
 _3113_/Y
 _3114_/X
 _3115_/Y
 _3116_/Y
 _3117_/Y
 _3118_/Y
 _3119_/Y
 _3120_/Y
 _3121_/Y
 _3122_/Y
 _3123_/Y
 _3124_/Y
 _3125_/Y
 _3126_/Y
 _3127_/X
 _3128_/Y
 _3129_/Y
 _3130_/Y
 _3131_/X
 _3132_/Y
 _3133_/Y
 _3134_/X
 _3135_/Y
 _3136_/Y
 _3137_/X
 _3138_/Y
 _3139_/Y
 _3140_/X
 _3141_/Y
 _3142_/X
 _3143_/Y
 _3144_/Y
 _3145_/Y
 _3146_/Y
 _3147_/Y
 _3148_/Y
 _3149_/Y
 _3150_/Y
 _3151_/Y
 _3152_/Y
 _3153_/X
 _3154_/Y
 _3155_/Y
 _3156_/X
 _3157_/Y
 _3158_/Y
 _3159_/Y
 _3160_/Y
 _3161_/Y
 _3162_/Y
 _3163_/Y
 _3164_/Y
 _3165_/Y
 _3166_/Y
 _3167_/Y
 _3168_/Y
 _3169_/Y
 _3170_/Y
 _3171_/Y
 _3172_/Y
 _3173_/Y
 _3174_/Y
 _3175_/Y
 _3176_/Y
 _3177_/X
 _3178_/Y
 _3179_/Y
 _3180_/X
 _3181_/Y
 _3182_/Y
 _3183_/Y
 _3184_/Y
 _3185_/Y
 _3186_/Y
 _3187_/X
 _3188_/Y
 _3189_/Y
 _3190_/Y
 _3191_/X
 _3192_/X
 _3193_/Y
 _3194_/Y
 _3195_/Y
 _3196_/X
 _3197_/Y
 _3198_/Y
 _3199_/X
 _3200_/Y
 _3201_/Y
 _3202_/Y
 _3203_/Y
 _3204_/Y
 _3205_/X
 _3206_/Y
 _3207_/Y
 _3208_/Y
 _3209_/Y
 _3210_/Y
 _3211_/Y
 _3212_/Y
 _3213_/Y
 _3214_/Y
 _3215_/Y
 _3216_/Y
 _3217_/Y
 _3218_/Y
 _3219_/Y
 _3220_/Y
 _3221_/Y
 _3222_/Y
 _3223_/Y
 _3224_/X
 _3225_/Y
 _3226_/Y
 _3227_/Y
 _3228_/Y
 _3229_/Y
 _3230_/Y
 _3231_/X
 _3232_/Y
 _3233_/Y
 _3234_/Y
 _3235_/Y
 _3236_/Y
 _3237_/Y
 _3238_/X
 _3239_/Y
 _3240_/Y
 _3241_/Y
 _3242_/Y
 _3243_/Y
 _3244_/X
 _3245_/Y
 _3246_/Y
 _3247_/X
 _3248_/Y
 _3249_/Y
 _3250_/Y
 _3251_/Y
 _3252_/Y
 _3253_/Y
 _3254_/Y
 _3255_/Y
 _3256_/Y
 _3257_/Y
 _3258_/Y
 _3259_/Y
 _3260_/Y
 _3261_/Y
 _3262_/Y
 _3263_/Y
 _3264_/Y
 _3265_/Y
 _3266_/Y
 _3267_/X
 _3268_/Y
 _3269_/Y
 _3270_/Y
 _3271_/Y
 _3272_/Y
 _3273_/Y
 _3274_/Y
 _3275_/Y
 _3276_/Y
 _3277_/Y
 _3278_/X
 _3279_/Y
 _3280_/Y
 _3281_/X
 _3282_/Y
 _3283_/X
 _3284_/Y
 _3285_/Y
 _3286_/Y
 _3287_/Y
 _3288_/X
 _3289_/Y
 _3290_/X
 _3291_/Y
 _3292_/Y
 _3293_/Y
 _3294_/Y
 _3295_/X
 _3296_/Y
 _3297_/Y
 _3298_/X
 _3299_/Y
 _3300_/Y
 _3301_/Y
 _3302_/Y
 _3303_/Y
 _3304_/Y
 _3305_/Y
 _3306_/Y
 _3307_/X
 _3308_/Y
 _3309_/Y
 _3310_/Y
 _3311_/Y
 _3312_/Y
 _3313_/Y
 _3314_/Y
 _3315_/Y
 _3316_/Y
 _3317_/Y
 _3318_/Y
 _3319_/Y
 _3320_/X
 _3321_/Y
 _3322_/Y
 _3323_/Y
 _3324_/Y
 _3325_/Y
 _3326_/Y
 _3327_/Y
 _3328_/Y
 _3329_/Y
 _3330_/Y
 _3331_/Y
 _3332_/Y
 _3333_/Y
 _3334_/Y
 _3335_/Y
 _3336_/Y
 _3337_/Y
 _3338_/Y
 _3339_/Y
 _3340_/Y
 _3341_/Y
 _3342_/X
 _3343_/Y
 _3344_/Y
 _3345_/Y
 _3346_/Y
 _3347_/Y
 _3348_/Y
 _3349_/Y
 _3350_/Y
 _3351_/Y
 _3352_/Y
 _3353_/Y
 _3354_/Y
 _3355_/Y
 _3356_/Y
 _3357_/Y
 _3358_/Y
 _3359_/Y
 _3360_/Y
 _3361_/Y
 _3362_/Y
 _3363_/Y
 _3364_/Y
 _3365_/Y
 _3366_/Y
 _3367_/Y
 _3368_/Y
 _3369_/Y
 _3370_/Y
 _3371_/Y
 _3372_/Y
 _3373_/Y
 _3374_/X
 _3375_/Y
 _3376_/Y
 _3377_/Y
 _3378_/X
 _3379_/X
 _3380_/Y
 _3381_/Y
 _3382_/Y
 _3383_/Y
 _3384_/X
 _3385_/Y
 _3386_/Y
 _3387_/Y
 _3388_/X
 _3389_/Y
 _3390_/Y
 _3391_/Y
 _3392_/X
 _3393_/X
 _3394_/Y
 _3395_/Y
 _3396_/Y
 _3397_/X
 _3398_/Y
 _3399_/Y
 _3400_/Y
 _3401_/Y
 _3402_/Y
 _3403_/X
 _3404_/Y
 _3405_/Y
 _3406_/Y
 _3407_/X
 _3408_/Y
 _3409_/Y
 _3410_/Y
 _3411_/Y
 _3412_/Y
 _3413_/Y
 _3414_/Y
 _3415_/Y
 _3416_/Y
 _3417_/Y
 _3418_/Y
 _3419_/Y
 _3420_/Y
 _3421_/Y
 _3422_/Y
 _3423_/Y
 _3424_/Y
 _3425_/Y
 _3426_/Y
 _3427_/Y
 _3428_/Y
 _3429_/Y
 _3430_/Y
 _3431_/Y
 _3432_/Y
 _3433_/X
 _3434_/Y
 _3435_/Y
 _3436_/Y
 _3437_/Y
 _3438_/Y
 _3439_/Y
 _3440_/Y
 _3441_/Y
 _3442_/X
 _3443_/Y
 _3444_/X
 _3445_/Y
 _3446_/Y
 _3447_/Y
 _3448_/Y
 _3449_/X
 _3450_/X
 _3451_/Y
 _3452_/Y
 _3453_/Y
 _3454_/Y
 _3455_/Y
 _3456_/Y
 _3457_/Y
 _3458_/Y
 _3459_/Y
 _3460_/Y
 _3461_/Y
 _3462_/Y
 _3463_/Y
 _3464_/Y
 _3465_/Y
 _3466_/Y
 _3467_/Y
 _3468_/X
 _3469_/Y
 _3470_/Y
 _3471_/Y
 _3472_/Y
 _3473_/Y
 _3474_/Y
 _3475_/Y
 _3476_/Y
 _3477_/Y
 _3478_/Y
 _3479_/X
 _3480_/Y
 _3481_/Y
 _3482_/Y
 _3483_/Y
 _3484_/Y
 _3485_/X
 _3486_/Y
 _3487_/Y
 _3488_/Y
 _3489_/Y
 _3490_/Y
 _3491_/Y
 _3492_/Y
 _3493_/Y
 _3494_/X
 _3495_/Y
 _3496_/Y
 _3497_/Y
 _3498_/Y
 _3499_/Y
 _3500_/Y
 _3501_/Y
 _3502_/Y
 _3503_/X
 _3504_/Y
 _3505_/Y
 _3506_/Y
 _3507_/X
 _3508_/Y
 _3509_/Y
 _3510_/Y
 _3511_/Y
 _3512_/Y
 _3513_/Y
 _3514_/Y
 _3515_/Y
 _3516_/Y
 _3517_/Y
 _3518_/Y
 _3519_/Y
 _3520_/Y
 _3521_/X
 _3522_/X
 _3523_/X
 _3524_/Y
 _3525_/Y
 _3526_/Y
 _3527_/Y
 _3528_/Y
 _3529_/Y
 _3530_/X
 _3531_/Y
 _3532_/Y
 _3533_/X
 _3534_/Y
 _3535_/Y
 _3536_/Y
 _3537_/Y
 _3538_/Y
 _3539_/Y
 _3540_/X
 _3541_/Y
 _3542_/X
 _3543_/X
 _3544_/Y
 _3545_/Y
 _3546_/Y
 _3547_/Y
 _3548_/Y
 _3549_/X
 _3550_/Y
 _3551_/X
 _3552_/Y
 _3553_/X
 _3554_/Y
 _3555_/Y
 _3556_/Y
 _3557_/Y
 _3558_/Y
 _3559_/X
 _3560_/Y
 _3561_/X
 _3562_/X
 _3563_/Y
 _3564_/Y
 _3565_/X
 _3566_/X
 _3567_/Y
 _3568_/Y
 _3569_/Y
 _3570_/X
 _3571_/Y
 _3572_/Y
 _3573_/X
 _3574_/Y
 _3575_/Y
 _3576_/Y
 _3577_/Y
 _3578_/Y
 _3579_/Y
 _3580_/Y
 _3581_/Y
 _3582_/Y
 _3583_/Y
 _3584_/Y
 _3585_/Y
 _3586_/Y
 _3587_/Y
 _3588_/Y
 _3589_/Y
 _3590_/X
 _3591_/Y
 _3592_/Y
 _3593_/Y
 _3594_/Y
 _3595_/X
 _3596_/Y
 _3597_/Y
 _3598_/Y
 _3599_/Y
 _3600_/Y
 _3601_/Y
 _3602_/Y
 _3603_/Y
 _3604_/Y
 _3605_/X
 _3606_/Y
 _3607_/Y
 _3608_/Y
 _3609_/Y
 _3610_/Y
 _3611_/Y
 _3612_/Y
 _3613_/Y
 _3614_/X
 _3615_/X
 _3616_/X
 _3617_/Y
 _3618_/Y
 _3619_/Y
 _3620_/Y
 _3621_/Y
 _3622_/Y
 _3623_/Y
 _3624_/X
 _3625_/X
 _3626_/Y
 _3627_/Y
 _3628_/Y
 _3629_/Y
 _3630_/Y
 _3631_/Y
 _3632_/Y
 _3633_/Y
 _3634_/Y
 _3635_/Y
 _3636_/Y
 _3637_/X
 _3638_/X
 _3639_/Y
 _3640_/Y
 _3641_/Y
 _3642_/Y
 _3643_/Y
 _3644_/X
 _3645_/Y
 _3646_/Y
 _3647_/Y
 _3648_/Y
 _3649_/Y
 _3650_/Y
 _3651_/Y
 _3652_/Y
 _3653_/X
 _3654_/Y
 _3655_/X
 _3656_/Y
 _3657_/Y
 _3658_/Y
 _3659_/Y
 _3660_/Y
 _3661_/Y
 _3662_/Y
 _3663_/Y
 _3664_/Y
 _3665_/Y
 _3666_/Y
 _3667_/Y
 _3668_/Y
 _3669_/Y
 _3670_/Y
 _3671_/Y
 _3672_/Y
 _3673_/Y
 _3674_/Y
 _3675_/Y
 _3676_/Y
 _3677_/Y
 _3678_/Y
 _3679_/Y
 _3680_/Y
 _3681_/Y
 _3682_/Y
 _3683_/Y
 _3684_/Y
 _3685_/Y
 _3686_/Y
 _3687_/Y
 _3688_/Y
 _3689_/Y
 _3690_/Y
 _3691_/Y
 _3692_/Y
 _3693_/Y
 _3694_/Y
 _3695_/Y
 _3696_/X
 _3697_/X
 _3698_/Y
 _3699_/Y
 _3700_/Y
 _3701_/Y
 _3702_/Y
 _3703_/Y
 _3704_/Y
 _3705_/Y
 _3706_/Y
 _3707_/X
 _3708_/Y
 _3709_/Y
 _3710_/Y
 _3711_/Y
 _3712_/Y
 _3713_/Y
 _3714_/Y
 _3715_/X
 _3716_/Y
 _3717_/Y
 _3718_/Y
 _3719_/Y
 _3720_/Y
 _3721_/Y
 _3722_/Y
 _3723_/Y
 _3724_/Y
 _3725_/Y
 _3726_/Y
 _3727_/Y
 _3728_/Y
 _3729_/Y
 _3730_/Y
 _3731_/Y
 _3732_/Y
 _3733_/Y
 _3734_/Y
 _3735_/Y
 _3736_/Y
 _3737_/X
 _3738_/X
 _3739_/X
 _3740_/Y
 _3741_/Y
 _3742_/Y
 _3743_/X
 _3744_/Y
 _3745_/X
 _3746_/Y
 _3747_/Y
 _3748_/Y
 _3749_/X
 _3750_/Y
 _3751_/Y
 _3752_/Y
 _3753_/Y
 _3754_/Y
 _3755_/X
 _3756_/Y
 _3757_/Y
 _3758_/Y
 _3759_/Y
 _3760_/Y
 _3761_/Y
 _3762_/Y
 _3763_/Y
 _3764_/Y
 _3765_/X
 _3766_/Y
 _3767_/Y
 _3768_/Y
 _3769_/Y
 _3770_/Y
 _3771_/Y
 _3772_/Y
 _3773_/Y
 _3774_/Y
 _3775_/Y
 _3776_/Y
 _3777_/Y
 _3778_/Y
 _3779_/X
 _3780_/Y
 _3781_/Y
 _3782_/Y
 _3783_/Y
 _3784_/Y
 _3785_/Y
 _3786_/X
 _3787_/Y
 _3788_/Y
 _3789_/Y
 _3790_/Y
 _3791_/Y
 _3792_/Y
 _3793_/Y
 _3794_/X
 _3795_/Y
 _3796_/Y
 _3797_/X
 _3798_/Y
 _3799_/Y
 _3800_/Y
 _3801_/Y
 _3802_/X
 _3803_/X
 _3804_/Y
 _3805_/Y
 _3806_/Y
 _3807_/Y
 _3808_/Y
 _3809_/Y
 _3810_/Y
 _3811_/Y
 _3812_/Y
 _3813_/Y
 _3814_/Y
 _3815_/Y
 _3816_/X
 _3817_/Y
 _3818_/X
 _3819_/Y
 _3820_/Y
 _3821_/Y
 _3822_/Y
 _3823_/X
 _3824_/X
 _3825_/Y
 _3826_/Y
 _3827_/X
 _3828_/Y
 _3829_/Y
 _3830_/Y
 _3831_/Y
 _3832_/Y
 _3833_/Y
 _3834_/Y
 _3835_/Y
 _3836_/Y
 _3837_/Y
 _3838_/Y
 _3839_/Y
 _3840_/Y
 _3841_/X
 _3842_/Y
 _3843_/Y
 _3844_/Y
 _3845_/Y
 _3846_/Y
 _3847_/Y
 _3848_/Y
 _3849_/Y
 _3850_/Y
 _3851_/Y
 _3852_/Y
 _3853_/Y
 _3854_/Y
 _3855_/X
 _3856_/Y
 _3857_/Y
 _3858_/X
 _3859_/Y
 _3860_/Y
 _3861_/X
 _3862_/Y
 _3863_/Y
 _3864_/Y
 _3865_/X
 _3866_/Y
 _3867_/Y
 _3868_/X
 _3869_/Y
 _3870_/Y
 _3871_/Y
 _3872_/Y
 _3873_/Y
 _3874_/X
 _3875_/Y
 _3876_/Y
 _3877_/Y
 _3878_/Y
 _3879_/Y
 _3880_/Y
 _3881_/Y
 _3882_/Y
 _3883_/Y
 _3884_/Y
 _3885_/Y
 _3886_/Y
 _3887_/Y
 _3888_/Y
 _3889_/Y
 _3890_/Y
 _3891_/X
 _3892_/Y
 _3893_/Y
 _3894_/Y
 _3895_/Y
 _3896_/Y
 _3897_/Y
 _3898_/Y
 _3899_/Y
 _3900_/Y
 _3901_/Y
 _3902_/Y
 _3903_/Y
 _3904_/Y
 _3905_/Y
 _3906_/Y
 _3907_/Y
 _3908_/X
 _3909_/X
 _3910_/Y
 _3911_/Y
 _3912_/Y
 _3913_/Y
 _3914_/Y
 _3915_/Y
 _3916_/Y
 _3917_/Y
 _3918_/Y
 _3919_/Y
 _3920_/Y
 _3921_/Y
 _3922_/Y
 _3923_/Y
 _3924_/Y
 _3925_/Y
 _3926_/Y
 _3927_/Y
 _3928_/Y
 _3929_/Y
 _3930_/Y
 _3931_/Y
 _3932_/Y
 _3933_/Y
 _3934_/Y
 _3935_/Y
 _3936_/Y
 _3937_/Y
 _3938_/Y
 _3939_/Y
 _3940_/Y
 _3941_/Y
 _3942_/Y
 _3943_/Y
 _3944_/Y
 _3945_/Y
 _3946_/Y
 _3947_/Y
 _3948_/Y
 _3949_/X
 _3950_/Y
 _3951_/Y
 _3952_/Y
 _3953_/Y
 _3954_/X
 _3955_/Y
 _3956_/Y
 _3957_/X
 _3958_/Y
 _3959_/Y
 _3960_/X
 _3961_/Y
 _3962_/Y
 _3963_/Y
 _3964_/Y
 _3965_/Y
 _3966_/Y
 _3967_/Y
 _3968_/Y
 _3969_/Y
 _3970_/Y
 _3971_/Y
 _3972_/Y
 _3973_/Y
 _3974_/Y
 _3975_/Y
 _3976_/Y
 _3977_/Y
 _3978_/Y
 _3979_/X
 _3980_/Y
 _3981_/Y
 _3982_/X
 _3983_/Y
 _3984_/Y
 _3985_/Y
 _3986_/Y
 _3987_/Y
 _3988_/Y
 _3989_/Y
 _3990_/X
 _3991_/X
 _3992_/Y
 _3993_/Y
 _3994_/Y
 _3995_/Y
 _3996_/Y
 _3997_/Y
 _3998_/Y
 _3999_/Y
 _4000_/Y
 _4001_/Y
 _4002_/Y
 _4003_/Y
 _4004_/Y
 _4005_/Y
 _4006_/X
 _4007_/Y
 _4008_/Y
 _4009_/Y
 _4010_/Y
 _4011_/Y
 _4012_/Y
 _4013_/X
 _4014_/X
 _4015_/Y
 _4016_/Y
 _4017_/Y
 _4018_/Y
 _4019_/Y
 _4020_/Y
 _4021_/Y
 _4022_/Y
 _4023_/Y
 _4024_/Y
 _4025_/Y
 _4026_/Y
 _4027_/Y
 _4028_/Y
 _4029_/Y
 _4030_/X
 _4031_/Y
 _4032_/X
 _4033_/Y
 _4034_/Y
 _4035_/Y
 _4036_/Y
 _4037_/X
 _4038_/Y
 _4039_/Y
 _4040_/Y
 _4041_/X
 _4042_/X
 _4043_/Y
 _4044_/Y
 _4045_/Y
 _4046_/Y
 _4047_/Y
 _4048_/Y
 _4049_/Y
 _4050_/Y
 _4051_/Y
 _4052_/Y
 _4053_/Y
 _4054_/Y
 _4055_/X
 _4056_/Y
 _4057_/Y
 _4058_/Y
 _4059_/Y
 _4060_/X
 _4061_/Y
 _4062_/X
 _4063_/Y
 _4064_/Y
 _4065_/Y
 _4066_/Y
 _4067_/Y
 _4068_/Y
 _4069_/Y
 _4070_/Y
 _4071_/Y
 _4072_/Y
 _4073_/Y
 _4074_/Y
 _4075_/Y
 _4076_/Y
 _4077_/Y
 _4078_/X
 _4079_/Y
 _4080_/Y
 _4081_/Y
 _4082_/Y
 _4083_/X
 _4084_/Y
 _4085_/Y
 _4086_/X
 _4087_/Y
 _4088_/Y
 _4089_/Y
 _4090_/Y
 _4091_/Y
 _4092_/Y
 _4093_/Y
 _4094_/Y
 _4095_/Y
 _4096_/Y
 _4097_/Y
 _4098_/Y
 _4099_/Y
 _4100_/Y
 _4101_/Y
 _4102_/Y
 _4103_/Y
 _4104_/Y
 _4105_/Y
 _4106_/Y
 _4107_/Y
 _4108_/X
 _4109_/Y
 _4110_/X
 _4111_/Y
 _4112_/Y
 _4113_/X
 _4114_/Y
 _4115_/Y
 _4116_/Y
 _4117_/Y
 _4118_/Y
 _4119_/Y
 _4120_/Y
 _4121_/Y
 _4122_/Y
 _4123_/Y
 _4124_/Y
 _4125_/Y
 _4126_/Y
 _4127_/Y
 _4128_/Y
 _4129_/X
 _4130_/X
 _4131_/Y
 _4132_/X
 _4133_/Y
 _4134_/Y
 _4135_/Y
 _4136_/Y
 _4137_/Y
 _4138_/Y
 _4139_/Y
 _4140_/Y
 _4141_/Y
 _4142_/Y
 _4143_/Y
 _4144_/Y
 _4145_/Y
 _4146_/Y
 _4147_/Y
 _4148_/Y
 _4149_/Y
 _4150_/X
 _4151_/Y
 _4152_/Y
 _4153_/Y
 _4154_/Y
 _4155_/Y
 _4156_/Y
 _4157_/Y
 _4158_/Y
 _4159_/Y
 _4160_/Y
 _4161_/Y
 _4162_/Y
 _4163_/Y
 _4164_/Y
 _4165_/Y
 _4166_/Y
 _4167_/Y
 _4168_/Y
 _4169_/Y
 _4170_/X
 _4171_/Y
 _4172_/Y
 _4173_/Y
 _4174_/Y
 _4175_/Y
 _4176_/Y
 _4177_/Y
 _4178_/Y
 _4179_/X
 _4180_/Y
 _4181_/Y
 _4182_/Y
 _4183_/Y
 _4184_/Y
 _4185_/Y
 _4186_/Y
 _4187_/Y
 _4188_/Y
 _4189_/Y
 _4190_/Y
 _4191_/X
 _4192_/Y
 _4193_/Y
 _4194_/X
 _4195_/Y
 _4196_/Y
 _4197_/X
 _4198_/Y
 _4199_/Y
 _4200_/Y
 _4201_/Y
 _4202_/X
 _4203_/Y
 _4204_/Y
 _4205_/Y
 _4206_/Y
 _4207_/Y
 _4208_/Y
 _4209_/Y
 _4210_/Y
 _4211_/Y
 _4212_/Y
 _4213_/Y
 _4214_/Y
 _4215_/Y
 _4216_/Y
 _4217_/Y
 _4218_/Y
 _4219_/Y
 _4220_/X
 _4221_/Y
 _4222_/Y
 _4223_/X
 _4224_/Y
 _4225_/Y
 _4226_/X
 _4227_/X
 _4228_/X
 _4229_/X
 _4230_/X
 _4231_/Y
 _4232_/Y
 _4233_/Y
 _4234_/Y
 _4235_/X
 _4236_/X
 _4237_/X
 _4238_/Y
 _4239_/X
 _4240_/X
 _4241_/X
 _4242_/X
 _4243_/X
 _4244_/X
 _4245_/X
 _4246_/X
 _4247_/X
 _4248_/X
 _4249_/Y
 _4250_/Y
 _4251_/X
 _4252_/X
 _4253_/Y
 _4254_/Y
 _4255_/Y
 _4256_/Y
 _4257_/X
 _4258_/X
 _4259_/Y
 _4260_/Y
 _4261_/Y
 _4262_/Y
 _4263_/Y
 _4264_/Y
 _4265_/X
 _4266_/X
 _4267_/X
 _4268_/Y
 _4269_/Y
 _4270_/Y
 _4271_/Y
 _4272_/X
 _4273_/X
 _4274_/Y
 _4275_/Y
 _4276_/Y
 _4277_/Y
 _4278_/Y
 _4279_/Y
 _4280_/Y
 _4281_/Y
 _4282_/Y
 _4283_/Y
 _4284_/Y
 _4285_/X
 _4286_/X
 _4287_/X
 _4288_/X
 _4289_/X
 _4290_/X
 _4291_/X
 _4292_/X
 _4293_/X
 _4294_/X
 _4295_/X
 _4296_/X
 _4297_/X
 _4298_/X
 _4299_/X
 _4300_/X
 _4301_/X
 _4302_/X
 _4303_/X
 _4304_/Y
 _4305_/Y
 _4306_/X
 _4307_/X
 _4308_/X
 _4309_/X
 _4310_/X
 _4311_/X
 _4312_/X
 _4313_/X
 _4314_/X
 _4315_/X
 _4316_/X
 _4317_/X
 _4318_/Y
 _4319_/Y
 _4320_/X
 _4321_/X
 _4322_/X
 _4323_/X
 _4324_/X
 _4325_/X
 _4326_/X
 _4327_/X
 _4328_/X
 _4329_/X
 _4330_/X
 _4331_/X
 _4332_/X
 _4333_/X
 _4334_/X
 _4335_/Y
 _4336_/Y
 _4337_/X
 _4338_/Y
 _4339_/Y
 _4340_/X
 _4341_/Y
 _4342_/Y
 _4343_/X
 _4344_/X
 _4345_/X
 _4346_/Y
 _4347_/Y
 _4348_/Y
 _4349_/Y
 _4350_/X
 _4351_/Y
 _4352_/Y
 _4353_/Y
 _4354_/Y
 _4355_/Y
 _4356_/Y
 _4357_/X
 _4358_/X
 _4359_/X
 _4360_/Y
 _4361_/X
 _4362_/X
 _4363_/X
 _4364_/X
 _4365_/X
 _4366_/X
 _4367_/X
 _4368_/X
 _4369_/X
 _4370_/X
 _4371_/X
 _4372_/X
 _4373_/X
 _4374_/X
 _4375_/X
 _4376_/X
 _4377_/X
 _4378_/X
 _4379_/X
 _4380_/Y
 _4381_/Y
 _4382_/X
 _4383_/X
 _4384_/X
 _4385_/X
 _4386_/X
 _4387_/X
 _4388_/X
 _4389_/X
 _4390_/X
 _4391_/X
 _4392_/X
 _4393_/X
 _4394_/Y
 _4395_/X
 _4396_/X
 _4397_/X
 _4398_/X
 _4399_/X
 _4400_/X
 _4401_/X
 _4402_/X
 _4403_/X
 _4404_/X
 _4405_/X
 _4406_/X
 _4407_/X
 _4408_/X
 _4409_/X
 _4410_/X
 _4411_/X
 _4412_/X
 _4413_/X
 _4414_/Y
 _4415_/Y
 _4416_/X
 _4417_/X
 _4418_/X
 _4419_/X
 _4420_/X
 _4421_/X
 _4422_/X
 _4423_/X
 _4424_/X
 _4425_/X
 _4426_/X
 _4427_/Y
 _4428_/Y
 _4429_/Y
 _4430_/Y
 _4431_/Y
 _4432_/Y
 _4433_/Y
 _4434_/Y
 _4435_/Y
 _4436_/Y
 _4437_/Y
 _4438_/X
 _4439_/Y
 _4440_/Y
 _4441_/Y
 _4442_/Y
 _4443_/Y
 _4444_/Y
 _4445_/Y
 _4446_/Y
 _4447_/Y
 _4448_/Y
 _4449_/Y
 _4450_/Y
 _4451_/Y
 _4452_/Y
 _4453_/Y
 _4454_/Y
 _4455_/Y
 _4456_/X
 _4457_/Y
 _4458_/Y
 _4459_/Y
 _4460_/Y
 _4461_/Y
 _4462_/Y
 _4463_/Y
 _4464_/Y
 _4465_/Y
 _4466_/Y
 _4467_/Y
 _4468_/Y
 _4469_/X
 _4470_/Y
 _4471_/X
 _4472_/X
 _4473_/Y
 _4474_/X
 _4475_/Y
 _4476_/Y
 _4477_/Y
 _4478_/X
 _4479_/Y
 _4480_/Y
 _4481_/X
 _4482_/Y
 _4483_/Y
 _4484_/Y
 _4485_/Y
 _4486_/Y
 _4487_/Y
 _4488_/Y
 _4489_/Y
 _4490_/Y
 _4491_/Y
 _4492_/Y
 _4493_/Y
 _4494_/Y
 _4495_/Y
 _4496_/Y
 _4497_/Y
 _4498_/Y
 _4499_/Y
 _4500_/X
 _4501_/X
 _4502_/X
 _4503_/X
 _4504_/X
 _4505_/X
 _4506_/X
 _4507_/X
 _4508_/X
 _4509_/X
 _4510_/X
 _4511_/X
 _4512_/X
 _4513_/X
 _4514_/X
 _4515_/X
 _4516_/X
 _4517_/X
 _4518_/X
 _4519_/Y
 _4520_/Y
 _4521_/Y
 _4522_/Y
 _4523_/Y
 _4524_/Y
 _4525_/Y
 _4526_/X
 _4527_/X
 _4528_/Y
 _4529_/Y
 _4530_/X
 _4531_/X
 _4532_/Y
 _4533_/Y
 _4534_/Y
 _4535_/X
 _4536_/Y
 _4537_/Y
 _4538_/Y
 _4539_/Y
 _4540_/X
 _4541_/X
 _4542_/Y
 _4543_/Y
 _4544_/Y
 _4545_/Y
 _4546_/X
 _4547_/Y
 _4548_/Y
 _4549_/Y
 _4550_/Y
 _4551_/Y
 _4552_/Y
 _4553_/X
 _4554_/X
 _4555_/Y
 _4556_/X
 _4557_/Y
 _4558_/X
 _4559_/Y
 _4560_/Y
 _4561_/Y
 _4562_/X
 _4563_/Y
 _4564_/Y
 _4565_/Y
 _4566_/Y
 _4567_/Y
 _4568_/X
 _4569_/X
 _4570_/X
 _4571_/X
 _4572_/Y
 _4573_/Y
 _4574_/Y
 _4575_/X
 _4576_/Y
 _4577_/Y
 _4578_/Y
 _4579_/Y
 _4580_/Y
 _4581_/Y
 _4582_/Y
 _4583_/Y
 _4584_/Y
 _4585_/Y
 _4586_/Y
 _4587_/Y
 _4588_/Y
 _4589_/Y
 _4590_/Y
 _4591_/Y
 _4592_/Y
 _4593_/Y
 _4594_/Y
 _4595_/Y
 _4596_/Y
 _4597_/Y
 _4598_/Y
 _4599_/Y
 _4600_/Y
 _4601_/Y
 _4602_/Y
 _4603_/Y
 _4604_/Y
 _4605_/X
 _4606_/Y
 _4607_/Y
 _4608_/Y
 _4609_/Y
 _4610_/Y
 _4611_/Y
 _4612_/Y
 _4613_/Y
 _4614_/Y
 _4615_/Y
 _4616_/Y
 _4617_/Y
 _4618_/Y
 _4619_/Y
 _4620_/Y
 _4621_/Y
 _4622_/Y
 _4623_/X
 _4624_/Y
 _4625_/Y
 _4626_/Y
 _4627_/X
 _4628_/Y
 _4629_/Y
 _4630_/Y
 _4631_/X
 _4632_/Y
 _4633_/Y
 _4634_/Y
 _4635_/Y
 _4636_/Y
 _4637_/Y
 _4638_/Y
 _4639_/X
 _4640_/Y
 _4641_/Y
 _4642_/X
 _4643_/Y
 _4644_/Y
 _4645_/Y
 _4646_/X
 _4647_/Y
 _4648_/Y
 _4649_/X
 _4650_/Y
 _4651_/Y
 _4652_/Y
 _4653_/Y
 _4654_/Y
 _4655_/Y
 _4656_/Y
 _4657_/X
 _4658_/Y
 _4659_/Y
 _4660_/Y
 _4661_/Y
 _4662_/Y
 _4663_/Y
 _4664_/Y
 _4665_/Y
 _4666_/X
 _4667_/Y
 _4668_/Y
 _4669_/Y
 _4670_/Y
 _4671_/Y
 _4672_/Y
 _4673_/Y
 _4674_/Y
 _4675_/Y
 _4676_/Y
 _4677_/Y
 _4678_/Y
 _4679_/Y
 _4680_/Y
 _4681_/Y
 _4682_/Y
 _4683_/Y
 _4684_/Y
 _4685_/X
 _4686_/X
 _4687_/Y
 _4688_/Y
 _4689_/Y
 _4690_/Y
 _4691_/Y
 _4692_/Y
 _4693_/Y
 _4694_/X
 _4695_/Y
 _4696_/Y
 _4697_/Y
 _4698_/Y
 _4699_/Y
 _4700_/Y
 _4701_/Y
 _4702_/Y
 _4703_/Y
 _4704_/Y
 _4705_/Y
 _4706_/X
 _4707_/Y
 _4708_/Y
 _4709_/X
 _4710_/Y
 _4711_/Y
 _4712_/Y
 _4713_/Y
 _4714_/Y
 _4715_/Y
 _4716_/X
 _4717_/Y
 _4718_/Y
 _4719_/Y
 _4720_/Y
 _4721_/X
 _4722_/Y
 _4723_/Y
 _4724_/Y
 _4725_/Y
 _4726_/X
 _4727_/Y
 _4728_/X
 _4729_/Y
 _4730_/Y
 _4731_/Y
 _4732_/Y
 _4733_/Y
 _4734_/X
 _4735_/Y
 _4736_/Y
 _4737_/Y
 _4738_/Y
 _4739_/Y
 _4740_/Y
 _4741_/Y
 _4742_/Y
 _4743_/Y
 _4744_/Y
 _4745_/X
 _4746_/Y
 _4747_/Y
 _4748_/Y
 _4749_/Y
 _4750_/Y
 _4751_/Y
 _4752_/Y
 _4753_/X
 _4754_/Y
 _4755_/Y
 _4756_/Y
 _4757_/X
 _4758_/Y
 _4759_/Y
 _4760_/Y
 _4761_/Y
 _4762_/Y
 _4763_/Y
 _4764_/Y
 _4765_/Y
 _4766_/Y
 _4767_/X
 _4768_/Y
 _4769_/Y
 _4770_/Y
 _4771_/Y
 _4772_/Y
 _4773_/Y
 _4774_/Y
 _4775_/X
 _4776_/Y
 _4777_/Y
 _4778_/Y
 _4779_/Y
 _4780_/X
 _4781_/Y
 _4782_/Y
 _4783_/Y
 _4784_/Y
 _4785_/Y
 _4786_/Y
 _4787_/Y
 _4788_/Y
 _4789_/Y
 _4790_/Y
 _4791_/Y
 _4792_/X
 _4793_/X
 _4794_/Y
 _4795_/Y
 _4796_/Y
 _4797_/Y
 _4798_/Y
 _4799_/Y
 _4800_/Y
 _4801_/Y
 _4802_/Y
 _4803_/Y
 _4804_/Y
 _4805_/X
 _4806_/Y
 _4807_/Y
 _4808_/X
 _4809_/Y
 _4810_/Y
 _4811_/Y
 _4812_/Y
 _4813_/X
 _4814_/Y
 _4815_/Y
 _4816_/Y
 _4817_/Y
 _4818_/Y
 _4819_/X
 _4820_/Y
 _4821_/Y
 _4822_/Y
 _4823_/Y
 _4824_/Y
 _4825_/Y
 _4826_/Y
 _4827_/X
 _4828_/Y
 _4829_/Y
 _4830_/Y
 _4831_/Y
 _4832_/Y
 _4833_/X
 _4834_/Y
 _4835_/Y
 _4836_/Y
 _4837_/Y
 _4838_/X
 _4839_/Y
 _4840_/Y
 _4841_/Y
 _4842_/Y
 _4843_/Y
 _4844_/X
 _4845_/X
 _4846_/Y
 _4847_/Y
 _4848_/Y
 _4849_/Y
 _4850_/X
 _4851_/Y
 _4852_/X
 _4853_/Y
 _4854_/Y
 _4855_/Y
 _4856_/Y
 _4857_/Y
 _4858_/Y
 _4859_/Y
 _4860_/Y
 _4861_/X
 _4862_/Y
 _4863_/Y
 _4864_/X
 _4865_/X
 _4866_/Y
 _4867_/Y
 _4868_/Y
 _4869_/X
 _4870_/Y
 _4871_/Y
 _4872_/Y
 _4873_/Y
 _4874_/Y
 _4875_/Y
 _4876_/Y
 _4877_/Y
 _4878_/Y
 _4879_/Y
 _4880_/Y
 _4881_/Y
 _4882_/Y
 _4883_/Y
 _4884_/Y
 _4885_/X
 _4886_/Y
 _4887_/Y
 _4888_/Y
 _4889_/Y
 _4890_/Y
 _4891_/Y
 _4892_/Y
 _4893_/Y
 _4894_/Y
 _4895_/Y
 _4896_/Y
 _4897_/Y
 _4898_/X
 _4899_/Y
 _4900_/Y
 _4901_/Y
 _4902_/Y
 _4903_/X
 _4904_/Y
 _4905_/Y
 _4906_/Y
 _4907_/Y
 _4908_/Y
 _4909_/X
 _4910_/Y
 _4911_/X
 _4912_/Y
 _4913_/Y
 _4914_/Y
 _4915_/Y
 _4916_/Y
 _4917_/Y
 _4918_/Y
 _4919_/Y
 _4920_/Y
 _4921_/Y
 _4922_/Y
 _4923_/Y
 _4924_/Y
 _4925_/Y
 _4926_/Y
 _4927_/Y
 _4928_/Y
 _4929_/Y
 _4930_/Y
 _4931_/Y
 _4932_/Y
 _4933_/Y
 _4934_/Y
 _4935_/Y
 _4936_/Y
 _4937_/Y
 _4938_/Y
 _4939_/Y
 _4940_/Y
 _4941_/Y
 _4942_/Y
 _4943_/Y
 _4944_/Y
 _4945_/Y
 _4946_/Y
 _4947_/Y
 _4948_/Y
 _4949_/Y
 _4950_/Y
 _4951_/Y
 _4952_/Y
 _4953_/Y
 _4954_/Y
 _4955_/Y
 _4956_/Y
 _4957_/Y
 _4958_/Y
 _4959_/Y
 _4960_/Y
 _4961_/Y
 _4962_/Y
 _4963_/Y
 _4964_/Y
 _4965_/Y
 _4966_/Y
 _4967_/Y
 _4968_/Y
 _4969_/Y
 _4970_/Y
 _4971_/Y
 _4972_/Y
 _4973_/Y
 _4974_/Y
 _4975_/Y
 _4976_/Y
 _4977_/Y
 _4978_/Y
 _4979_/Y
 _4980_/Y
 _4981_/Y
 _4982_/Y
 _4983_/Y
 _4984_/Y
 _4985_/Y
 _4986_/Y
 _4987_/Y
 _4988_/Y
 _4989_/Y
 _4990_/Y
 _4991_/Y
 _4992_/Y
 _4993_/Y
 _4994_/Y
 _4995_/Y
 _4996_/Y
 _4997_/Y
 _4998_/Y
 _4999_/Y
 _5000_/Y
 _5001_/Y
 _5002_/Y
 _5003_/Y
 _5004_/Y
 _5005_/Y
 _5006_/Y
 _5007_/Y
 _5008_/Y
 _5009_/Y
 _5010_/Y
 _5011_/Y
 _5012_/Y
 _5013_/Y
 _5014_/Y
 _5015_/Y
 _5016_/Y
 _5017_/Y
 _5018_/Y
 _5019_/Y
 _5020_/Y
 _5021_/Y
 _5022_/Y
 _5023_/Y
 _5024_/Y
 _5025_/Y
 _5026_/Y
 _5027_/Y
 _5028_/Y
 _5029_/Y
 _5030_/Y
 _5031_/Y
 _5032_/Y
 _5033_/Y
 _5034_/Y
 _5035_/Y
 _5036_/Y
 _5037_/Y
 _5038_/Y
 _5039_/Y
 _5040_/Y
 _5041_/Y
 _5042_/Y
 _5043_/Y
 _5044_/Y
 _5045_/Y
 _5046_/Y
 _5047_/Y
 _5048_/Y
 _5049_/Y
 _5050_/Y
 _5051_/Y
 _5052_/Y
 _5053_/Y
 _5054_/Y
 _5055_/Y
 _5056_/Y
 _5057_/Y
 _5058_/Y
 _5059_/Y
 _5060_/Y
 _5061_/Y
 _5062_/Y
 _5063_/Y
 _5064_/Y
 _5065_/Y
 _5066_/Y
 _5067_/Y
 _5068_/Y
 _5069_/Y
 _5070_/Y
 _5071_/Y
 _5072_/Y
 _5073_/Y
 _5074_/Y
 _5075_/Y
 _5076_/Y
 _5077_/Y
 _5078_/Y
 _5079_/Y
 _5080_/Y
 _5081_/Y
 _5082_/Y
 _5083_/Y
 _5084_/Y
 _5085_/Y
 _5086_/Y
 _5087_/Y
 _5088_/Y
 _5089_/Y
 _5090_/Y
 _5091_/Y
 _5092_/Y
 _5093_/Y
 _5094_/Y
 _5095_/Y
 _5096_/Y
 _5097_/Y
 _5098_/Y
 _5099_/Y
 _5100_/Y
 _5101_/Y
 _5102_/Y
 _5103_/Y
 _5104_/Y
 _5105_/Y
 _5106_/Y
 _5107_/Y
 _5108_/Y
 _5109_/Y
 _5110_/Y
 _5111_/Y
 _5112_/Y
 _5113_/Y
 _5114_/Y
 _5115_/Y
 _5116_/Y
 _5117_/Y
 _5118_/Y
 _5119_/Y
 _5120_/Y
 _5121_/Y
 _5122_/Y
 _5123_/Y
 _5124_/Y
 _5125_/Y
 _5126_/Y
 _5127_/Y
 _5128_/Y
 _5129_/Y
 _5130_/Y
 _5131_/Y
 _5132_/Y
 _5133_/Y
 _5134_/Y
 _5135_/Y
 _5136_/Y
 _5137_/Y
 _5138_/Y
 _5139_/Y
 _5140_/Y
 _5141_/Y
 _5142_/Y
 _5143_/Y
 _5144_/Y
 _5145_/Y
 _5146_/Y
 _5147_/Y
 _5148_/Y
 _5149_/Y
 _5150_/Y
 _5151_/Y
 _5152_/Y
 _5153_/Y
 _5154_/Y
 _5155_/Y
 _5156_/Y
 _5157_/Y
 _5158_/Y
 _5159_/Y
 _5160_/Y
 _5161_/Y
 _5162_/Y
 _5163_/Y
 _5164_/Y
 _5165_/Y
 _5166_/Y
 _5167_/Y
 _5168_/Y
 _5169_/Y
 _5170_/Y
 _5171_/Y
 _5172_/Y
 _5173_/Y
 _5174_/Y
 _5175_/Y
 _5176_/Q
 _5177_/Q
 _5178_/Q
 _5179_/Q
 _5180_/Q
 _5181_/Q
 _5182_/Q
 _5183_/Q
 _5184_/Q
 _5185_/Q
 _5186_/Q
 _5187_/Q
 _5188_/Q
 _5189_/Q
 _5190_/Q
 _5191_/Q
 _5192_/Q
 _5193_/Q
 _5194_/Q
 _5195_/Q
 _5196_/Q
 _5197_/Q
 _5198_/Q
 _5199_/Q
 _5200_/Q
 _5201_/Q
 _5202_/Q
 _5203_/Q
 _5204_/Q
 _5205_/Q
 _5206_/Q
 _5207_/Q
 _5208_/Q
 _5209_/Q
 _5210_/Q
 _5211_/Q
 _5212_/Q
 _5213_/Q
 _5214_/Q
 _5215_/Q
 _5216_/Q
 _5217_/Q
 _5218_/Q
 _5219_/Q
 _5220_/Q
 _5221_/Q
 _5222_/Q
 _5223_/Q
 _5224_/Q
 _5225_/Q
 _5226_/Q
 _5227_/Q
 _5228_/Q
 _5229_/Q
 _5230_/Q
 _5231_/Q
 _5232_/Q
 _5233_/Q
 _5234_/Q
 _5235_/Q
 _5236_/Q
 _5237_/Q
 _5238_/Q
 _5239_/Q
 _5240_/Q
 _5241_/Q
 _5242_/Q
 _5243_/Q
 _5244_/Q
 _5245_/Q
 _5246_/Q
 _5247_/Q
 _5248_/Q
 _5249_/Q
 _5250_/Q
 _5251_/Q
 _5252_/Q
 _5253_/Q
 _5254_/Q
 _5255_/Q
 _5256_/Q
 _5257_/Q
 _5258_/Q
 _5259_/Q
 _5260_/Q
 _5261_/Q
 _5262_/Q
 _5263_/Q
 _5264_/Q
 _5265_/Q
 _5266_/Q
 _5267_/Q
 _5268_/Q
 _5269_/Q
 _5270_/Q
 _5271_/Q
 _5272_/Q
 _5273_/Q
 _5274_/Q
 _5275_/Q
 _5276_/Q
 _5277_/Q
 _5278_/Q
 _5279_/Q
 _5280_/Q
 _5281_/Q
 _5282_/Q
 _5283_/Q
 _5284_/Q
 _5285_/Q
 _5286_/Q
 _5287_/Q
 _5288_/Q
 _5289_/Q
 _5290_/Q
 _5291_/Q
 _5292_/Q
 _5293_/Q
 _5294_/Q
 _5295_/Q
 _5296_/Q
 _5297_/Q
 _5298_/Q
 _5299_/Q
 _5300_/Q
 _5301_/Q
 _5302_/Q
 _5303_/Q
 _5304_/Q
 _5305_/Q
 _5306_/Q
 _5307_/Q
 _5308_/Q
 _5309_/Q
 _5310_/Q
 _5311_/Q
 _5312_/Q
 _5313_/Q
 _5314_/Q
 _5315_/Q
 _5316_/Q
 _5317_/Q
 _5318_/Q
 _5319_/Q
 _5320_/Q
 _5321_/Q
 _5322_/Q
 _5323_/Q
 _5324_/Q
 _5325_/Q
 _5326_/Q
 _5327_/Q
 _5328_/Q
 _5329_/Q
 _5330_/Q
 _5331_/Q
 _5332_/Q
 _5333_/Q
 _5334_/Q
 _5335_/Q
 _5336_/Q
 _5337_/Q
 _5338_/Q
 _5339_/Q
 _5340_/Q
 _5341_/Q
 _5342_/Q
 _5343_/Q
 _5344_/Q
 _5345_/Q
 _5346_/Q
 _5347_/Q
 _5348_/Q
 _5349_/Q
 _5350_/Q
 _5351_/Q
 _5352_/Q
 _5353_/Q
 _5354_/Q
 _5355_/Q
 _5356_/Q
 _5357_/Q
 _5358_/Q
 _5359_/Q
 _5360_/Q
 _5361_/Q
 _5362_/Q
 _5363_/Q
 _5364_/Q
 _5365_/Q
 _5366_/Q
 _5367_/Q
 _5368_/Q
 _5369_/Q
 _5370_/Q
 _5371_/Q
 _5372_/Q
 _5373_/Q
 _5374_/Q
 _5375_/Q
 _5376_/Q
 _5377_/Q
 _5378_/Q
 _5379_/Q
 _5380_/Q
 _5381_/Q
 _5382_/Q
 _5383_/Q
 _5384_/Q
 _5385_/Q
 _5386_/Q
 _5387_/Q
 _5388_/Q
 _5389_/Q
 _5390_/Q
 _5391_/Q
 _5392_/Q
 _5393_/Q
 _5394_/Q
 _5395_/Q
 _5396_/Q
 _5397_/Q
 _5398_/Q
 _5399_/Q
 _5400_/Q
 _5401_/Q
 _5402_/Q
 _5403_/Q
 _5404_/Q
 _5405_/Q
 _5406_/Q
 _5407_/Q
 _5408_/Q
 _5409_/Q
 _5410_/Q
 _5411_/Q
 _5412_/Q
 _5413_/Q
 _5414_/Q
 _5415_/Q
 _5416_/Q
 _5417_/Q
 _5418_/Q
 _5419_/Q
 _5420_/Q
 _5421_/Q
 _5422_/Q
 _5423_/Q
 _5424_/Q
 _5425_/Q
 _5426_/Q
 _5427_/Q
 _5428_/Q
 _5429_/Q
 _5430_/Q
 _5431_/Q
 _5432_/Q
 _5433_/Q
 _5434_/Q
 _5435_/Q
 _5436_/X
 _5437_/X
 _5438_/X
 _5439_/X
 _5440_/X
 _5441_/X
 _5442_/X
 _5443_/X
 _5444_/X
 _5445_/X
 _5446_/X
 _5447_/X
 _5448_/X
 _5449_/X
 _5450_/X
 _5451_/X
 _5452_/X
 _5453_/X
 _5454_/X
 _5455_/X
 _5456_/X
 _5457_/X
 _5458_/X
 _5459_/X
 _5460_/X
 _5461_/X
 _5462_/X
 _5463_/X
 _5464_/X
 _5465_/X
 _5466_/X
 _5467_/X
Found 0 partially unannotated drivers.

===========================================================================
max slew violation count 206
max fanout violation count 109
max cap violation count 0
============================================================================

===========================================================================
check_setup -verbose -unconstrained_endpoints -multiple_clock -no_clock -no_input_delay -loops -generated_clocks
===========================================================================
