
===========================================================================
 report_power
============================================================================
======================= nom_slow_1p08V_125C Corner ===================================

Group                    Internal    Switching      Leakage        Total
                            Power        Power        Power        Power (Watts)
------------------------------------------------------------------------
Sequential           1.651277e-03 1.293368e-04 6.139535e-07 1.781228e-03  60.2%
Combinational        6.200535e-04 5.575313e-04 1.374606e-06 1.178959e-03  39.8%
Clock                0.000000e+00 0.000000e+00 0.000000e+00 0.000000e+00   0.0%
Macro                0.000000e+00 0.000000e+00 0.000000e+00 0.000000e+00   0.0%
Pad                  0.000000e+00 0.000000e+00 0.000000e+00 0.000000e+00   0.0%
------------------------------------------------------------------------
Total                2.271331e-03 6.868679e-04 1.988562e-06 2.960188e-03 100.0%
                            76.7%        23.2%         0.1%

