Reading timing models for corner nom_typ_1p20V_25C…
Reading timing library for the 'nom_typ_1p20V_25C' corner at '/home/user/your_directory/IHP-Open-PDK/ciel/ihp-sg13g2/versions/c4b8b4e5e7a05f375cca3815d51b3a37721fbf5c/ihp-sg13g2/libs.ref/sg13g2_stdcell/lib/sg13g2_stdcell_typ_1p20V_25C.lib'…
Reading timing library for the 'nom_typ_1p20V_25C' corner at '/home/user/your_directory/IHP-Open-PDK/ciel/ihp-sg13g2/versions/c4b8b4e5e7a05f375cca3815d51b3a37721fbf5c/ihp-sg13g2/libs.ref/sg13g2_io/lib/sg13g2_io_typ_1p2V_3p3V_25C.lib'…
Reading technology LEF file at '/home/user/your_directory/IHP-Open-PDK/ciel/ihp-sg13g2/versions/c4b8b4e5e7a05f375cca3815d51b3a37721fbf5c/ihp-sg13g2/libs.ref/sg13g2_stdcell/lef/sg13g2_tech.lef'…
[INFO ODB-0227] LEF file: /home/user/your_directory/IHP-Open-PDK/ciel/ihp-sg13g2/versions/c4b8b4e5e7a05f375cca3815d51b3a37721fbf5c/ihp-sg13g2/libs.ref/sg13g2_stdcell/lef/sg13g2_tech.lef, created 19 layers, 70 vias
Reading cell LEF file at '/home/user/your_directory/IHP-Open-PDK/ciel/ihp-sg13g2/versions/c4b8b4e5e7a05f375cca3815d51b3a37721fbf5c/ihp-sg13g2/libs.ref/sg13g2_stdcell/lef/sg13g2_stdcell.lef'…
[INFO ODB-0227] LEF file: /home/user/your_directory/IHP-Open-PDK/ciel/ihp-sg13g2/versions/c4b8b4e5e7a05f375cca3815d51b3a37721fbf5c/ihp-sg13g2/libs.ref/sg13g2_stdcell/lef/sg13g2_stdcell.lef, created 84 library cells
Reading gpio pad LEF file at '/home/user/your_directory/IHP-Open-PDK/ciel/ihp-sg13g2/versions/c4b8b4e5e7a05f375cca3815d51b3a37721fbf5c/ihp-sg13g2/libs.ref/sg13g2_io/lef/sg13g2_io.lef'…
[INFO ODB-0227] LEF file: /home/user/your_directory/IHP-Open-PDK/ciel/ihp-sg13g2/versions/c4b8b4e5e7a05f375cca3815d51b3a37721fbf5c/ihp-sg13g2/libs.ref/sg13g2_io/lef/sg13g2_io.lef, created 22 library cells
Reading top-level netlist at '/home/user/cpu_project/runs/RUN_2026-06-05_18-53-50/06-yosys-synthesis/CPU_TOP.nl.v'…
Linking design 'CPU_TOP' from netlist…
Reading design constraints file at '/nix/store/4ih3gsigr3b9bd23wa17npi2ivyrcbnd-python3-3.13.9-env/lib/python3.13/site-packages/librelane/scripts/base.sdc'…
[INFO] Using clock clk…
[INFO] Setting output delay to: 2
[INFO] Setting input delay to: 2
[INFO] Setting load to: 0.006
[INFO] Setting clock uncertainty to: 0.25
[INFO] Setting clock transition to: 0.15
[INFO] Setting timing derate to: 5%
Using site height: 3.78 and site width: 0.48…
[INFO] Using relative sizing for the floorplan.
+ initialize_floorplan -site CoreSite -utilization 40 -aspect_ratio 1 -core_space 15.12 15.12 5.76 5.76
[INFO IFP-0107] Defining die area using utilization: 40.00% and aspect ratio: 1.
[INFO IFP-0001] Added 82 rows of 652 site CoreSite.
[INFO IFP-0100] Die BBox:  (  0.000  0.000 ) ( 324.850 343.570 ) um
[INFO IFP-0101] Core BBox: (  5.760 15.120 ) ( 318.720 325.080 ) um
[INFO IFP-0102] Core area:                        97005.082 um^2
[INFO IFP-0103] Total instances area:             39270.874 um^2
[INFO IFP-0104] Effective utilization:                0.405
[INFO IFP-0105] Number of instances:                   2929
[INFO IFP-0030] Inserted 0 tiecells using sg13g2_tielo/L_LO.
[INFO IFP-0030] Inserted 0 tiecells using sg13g2_tiehi/L_HI.
[INFO] Extracting DIE_AREA and CORE_AREA from the floorplan
[INFO] Floorplanned on a die area of 0.0 0.0 324.85 343.57 (µm).
[INFO] Floorplanned on a core area of 5.76 15.12 318.72 325.08 (µm).
Writing metric design__die__bbox: 0.0 0.0 324.85 343.57
Writing metric design__core__bbox: 5.76 15.12 318.72 325.08
Setting global connections for newly added cells…
[INFO] Setting global connections...
[INFO ODB-0403] 0 connections made, 0 conflicts skipped.
Updating metrics…
Cell type report:                       Count       Area
  Buffer                                   32     232.24
  Inverter                                397    2160.95
  Sequential cell                         260   12737.09
  Multi-Input combinational cell         2240   24140.59
  Total                                  2929   39270.87
Writing OpenROAD database to '/home/user/cpu_project/runs/RUN_2026-06-05_18-53-50/13-openroad-floorplan/CPU_TOP.odb'…
Writing netlist to '/home/user/cpu_project/runs/RUN_2026-06-05_18-53-50/13-openroad-floorplan/CPU_TOP.nl.v'…
Writing powered netlist to '/home/user/cpu_project/runs/RUN_2026-06-05_18-53-50/13-openroad-floorplan/CPU_TOP.pnl.v'…
Writing layout to '/home/user/cpu_project/runs/RUN_2026-06-05_18-53-50/13-openroad-floorplan/CPU_TOP.def'…
Writing timing constraints to '/home/user/cpu_project/runs/RUN_2026-06-05_18-53-50/13-openroad-floorplan/CPU_TOP.sdc'…
