+ analyze_power_grid -net VPWR -voltage_file /home/user/cpu_project/runs/RUN_2026-06-05_18-53-50/56-openroad-irdropreport/net-VPWR.csv
[INFO PSM-0040] All shapes on net VPWR are connected.
########## IR report #################
Net              : VPWR
Corner           : nom_typ_1p20V_25C
Total power      : 5.85e-03 W
Supply voltage   : 1.20e+00 V
Worstcase voltage: 1.19e+00 V
Average voltage  : 1.20e+00 V
Average IR drop  : 7.02e-04 V
Worstcase IR drop: 1.33e-02 V
Percentage drop  : 1.11 %
######################################
+ analyze_power_grid -net VGND -voltage_file /home/user/cpu_project/runs/RUN_2026-06-05_18-53-50/56-openroad-irdropreport/net-VGND.csv
[INFO PSM-0040] All shapes on net VGND are connected.
########## IR report #################
Net              : VGND
Corner           : nom_typ_1p20V_25C
Total power      : 5.85e-03 W
Supply voltage   : 0.00e+00 V
Worstcase voltage: 5.18e-03 V
Average voltage  : 4.04e-04 V
Average IR drop  : 4.04e-04 V
Worstcase IR drop: 5.18e-03 V
Percentage drop  : 0.43 %
######################################
