
===========================================================================
report_checks -unconstrained
===========================================================================
======================= nom_typ_1p20V_25C Corner ===================================

Startpoint: rst (input port clocked by clk)
Endpoint: _5229_ (recovery check against rising-edge clock clk)
Path Group: asynchronous
Path Type: max

Fanout         Cap        Slew       Delay        Time   Description
---------------------------------------------------------------------------------------------
                                  0.000000    0.000000   clock clk (rise edge)
                                  0.000000    0.000000   clock network delay (propagated)
                                  2.000000    2.000000 v input external delay
   260    1.087768    0.854958    0.621407    2.621407 v rst (in)
                                                         rst (net)
                      0.863405    0.000000    2.621407 v _4969_/A (sg13g2_inv_1)
     1    0.005188    0.135720    0.126251    2.747658 ^ _4969_/Y (sg13g2_inv_1)
                                                         _0053_ (net)
                      0.135720    0.000025    2.747682 ^ _5229_/RESET_B (sg13g2_dfrbpq_1)
                                              2.747682   data arrival time

                                 10.000000   10.000000   clock clk (rise edge)
                                  0.000000   10.000000   clock source latency
   260    1.140678    1.161400    0.683353   10.683353 ^ clk (in)
                                                         clk (net)
                      1.165357    0.000000   10.683353 ^ _5229_/CLK (sg13g2_dfrbpq_1)
                                 -0.250000   10.433353   clock uncertainty
                                  0.000000   10.433353   clock reconvergence pessimism
                                 -0.049150   10.384203   library recovery time
                                             10.384203   data required time
---------------------------------------------------------------------------------------------
                                             10.384203   data required time
                                             -2.747682   data arrival time
---------------------------------------------------------------------------------------------
                                              7.636521   slack (MET)


Startpoint: imem_data[31] (input port clocked by clk)
Endpoint: _5368_ (rising edge-triggered flip-flop clocked by clk)
Path Group: clk
Path Type: max

Fanout         Cap        Slew       Delay        Time   Description
---------------------------------------------------------------------------------------------
                                  0.000000    0.000000   clock clk (rise edge)
                                  0.000000    0.000000   clock network delay (propagated)
                                  2.000000    2.000000 v input external delay
     6    0.020515    0.028969    0.014490    2.014490 v imem_data[31] (in)
                                                         imem_data[31] (net)
                      0.028980    0.000000    2.014490 v _2653_/A_N (sg13g2_nand2b_1)
     6    0.021616    0.134455    0.155093    2.169583 v _2653_/Y (sg13g2_nand2b_1)
                                                         _0549_ (net)
                      0.134457    0.000484    2.170067 v _2654_/B (sg13g2_nor2_1)
     5    0.035152    0.302832    0.286235    2.456302 ^ _2654_/Y (sg13g2_nor2_1)
                                                         _0550_ (net)
                      0.302874    0.002973    2.459276 ^ _2656_/B (sg13g2_nand2_1)
    28    0.198731    1.110217    0.971877    3.431153 v _2656_/Y (sg13g2_nand2_1)
                                                         _0552_ (net)
                      1.110232    0.003558    3.434711 v _2657_/B (sg13g2_nor2_1)
    46    0.213710    1.802619    1.747186    5.181898 ^ _2657_/Y (sg13g2_nor2_1)
                                                         _0553_ (net)
                      1.802619    0.001623    5.183521 ^ _2666_/C (sg13g2_nor4_1)
     2    0.011789    0.290384    0.315612    5.499133 v _2666_/Y (sg13g2_nor4_1)
                                                         _0562_ (net)
                      0.290384    0.000036    5.499169 v _2684_/A (sg13g2_nand4_1)
     1    0.003188    0.146766    0.090160    5.589329 ^ _2684_/Y (sg13g2_nand4_1)
                                                         _0579_ (net)
                      0.146766    0.000018    5.589347 ^ _2685_/C (sg13g2_nor3_1)
     9    0.050608    0.326407    0.207823    5.797170 v _2685_/Y (sg13g2_nor3_1)
                                                         _0580_ (net)
                      0.326411    0.001812    5.798982 v _2686_/A_N (sg13g2_nand2b_1)
     4    0.011963    0.085410    0.190021    5.989002 v _2686_/Y (sg13g2_nand2b_1)
                                                         _0581_ (net)
                      0.085410    0.000104    5.989106 v _4238_/C (sg13g2_nor3_1)
    45    0.288713    3.533163    2.588615    8.577721 ^ _4238_/Y (sg13g2_nor3_1)
                                                         _2055_ (net)
                      3.533346    0.021794    8.599515 ^ _4267_/S (sg13g2_mux2_1)
     1    0.002104    0.080726    0.435382    9.034897 ^ _4267_/X (sg13g2_mux2_1)
                                                         _0422_ (net)
                      0.080726    0.000017    9.034913 ^ _5368_/D (sg13g2_dfrbpq_1)
                                              9.034913   data arrival time

                                 10.000000   10.000000   clock clk (rise edge)
                                  0.000000   10.000000   clock source latency
   260    1.140678    1.161400    0.761576   10.761576 ^ clk (in)
                                                         clk (net)
                      1.186285    0.000000   10.761576 ^ _5368_/CLK (sg13g2_dfrbpq_1)
                                 -0.250000   10.511576   clock uncertainty
                                  0.000000   10.511576   clock reconvergence pessimism
                                 -0.022982   10.488593   library setup time
                                             10.488593   data required time
---------------------------------------------------------------------------------------------
                                             10.488593   data required time
                                             -9.034913   data arrival time
---------------------------------------------------------------------------------------------
                                              1.453680   slack (MET)




===========================================================================
report_checks --slack_max -0.01
============================================================================
======================= nom_typ_1p20V_25C Corner ===================================

No paths found.


===========================================================================
 report_check_types -max_slew -max_cap -max_fanout -violators
============================================================================
======================= nom_typ_1p20V_25C Corner ===================================

max slew

Pin                                        Limit        Slew       Slack
------------------------------------------------------------------------
_4263_/B                                2.507400    3.533383   -1.025983 (VIOLATED)
_4264_/A2                               2.507400    3.533383   -1.025983 (VIOLATED)
_4273_/S                                2.507400    3.533379   -1.025978 (VIOLATED)
_4272_/S                                2.507400    3.533375   -1.025975 (VIOLATED)
_4268_/B                                2.507400    3.533355   -1.025954 (VIOLATED)
_4269_/A2                               2.507400    3.533355   -1.025955 (VIOLATED)
_4267_/S                                2.507400    3.533346   -1.025946 (VIOLATED)
_4259_/B                                2.507400    3.533333   -1.025932 (VIOLATED)
_4260_/A2                               2.507400    3.533333   -1.025932 (VIOLATED)
_4265_/S                                2.507400    3.533331   -1.025931 (VIOLATED)
_4270_/B                                2.507400    3.533329   -1.025928 (VIOLATED)
_4271_/A2                               2.507400    3.533329   -1.025928 (VIOLATED)
_4274_/B                                2.507400    3.533329   -1.025929 (VIOLATED)
_4275_/A2                               2.507400    3.533329   -1.025929 (VIOLATED)
_4278_/B                                2.507400    3.533317   -1.025917 (VIOLATED)
_4279_/A2                               2.507400    3.533317   -1.025917 (VIOLATED)
_4261_/B                                2.507400    3.533299   -1.025899 (VIOLATED)
_4262_/A2                               2.507400    3.533299   -1.025899 (VIOLATED)
_4280_/B                                2.507400    3.533294   -1.025894 (VIOLATED)
_4281_/A2                               2.507400    3.533293   -1.025893 (VIOLATED)
_4266_/S                                2.507400    3.533286   -1.025885 (VIOLATED)
_4282_/B                                2.507400    3.533283   -1.025883 (VIOLATED)
_4283_/A2                               2.507400    3.533283   -1.025883 (VIOLATED)
_4258_/S                                2.507400    3.533234   -1.025834 (VIOLATED)
_4248_/S                                2.507400    3.533224   -1.025823 (VIOLATED)
_4241_/S                                2.507400    3.533222   -1.025822 (VIOLATED)
_4244_/S                                2.507400    3.533219   -1.025819 (VIOLATED)
_4240_/S                                2.507400    3.533212   -1.025812 (VIOLATED)
_4276_/B                                2.507400    3.533213   -1.025813 (VIOLATED)
_4277_/A2                               2.507400    3.533213   -1.025813 (VIOLATED)
_4253_/B                                2.507400    3.533212   -1.025811 (VIOLATED)
_4254_/A2                               2.507400    3.533212   -1.025812 (VIOLATED)
_4247_/S                                2.507400    3.533209   -1.025809 (VIOLATED)
_4239_/S                                2.507400    3.533206   -1.025806 (VIOLATED)
_4243_/S                                2.507400    3.533205   -1.025805 (VIOLATED)
_4242_/S                                2.507400    3.533204   -1.025804 (VIOLATED)
_4246_/S                                2.507400    3.533203   -1.025803 (VIOLATED)
_4251_/S                                2.507400    3.533203   -1.025803 (VIOLATED)
_4252_/S                                2.507400    3.533204   -1.025803 (VIOLATED)
_4257_/S                                2.507400    3.533204   -1.025803 (VIOLATED)
_4249_/B                                2.507400    3.533196   -1.025796 (VIOLATED)
_4250_/A2                               2.507400    3.533196   -1.025796 (VIOLATED)
_4256_/A2                               2.507400    3.533195   -1.025795 (VIOLATED)
_4255_/B                                2.507400    3.533194   -1.025794 (VIOLATED)
_4245_/S                                2.507400    3.533186   -1.025785 (VIOLATED)
_4238_/Y                                2.507400    3.533163   -1.025762 (VIOLATED)
_4221_/B                                2.507400    3.455823   -0.948423 (VIOLATED)
_4222_/A2                               2.507400    3.455823   -0.948423 (VIOLATED)
_4230_/S                                2.507400    3.455818   -0.948418 (VIOLATED)
_4229_/S                                2.507400    3.455813   -0.948413 (VIOLATED)
_4226_/S                                2.507400    3.455808   -0.948408 (VIOLATED)
_4227_/S                                2.507400    3.455807   -0.948407 (VIOLATED)
_4197_/S                                2.507400    3.455777   -0.948377 (VIOLATED)
_4228_/S                                2.507400    3.455773   -0.948373 (VIOLATED)
_4235_/S                                2.507400    3.455764   -0.948364 (VIOLATED)
_4223_/S                                2.507400    3.455744   -0.948344 (VIOLATED)
_4220_/S                                2.507400    3.455724   -0.948323 (VIOLATED)
_4231_/B                                2.507400    3.455691   -0.948291 (VIOLATED)
_4232_/A2                               2.507400    3.455691   -0.948291 (VIOLATED)
_4237_/S                                2.507400    3.455688   -0.948288 (VIOLATED)
_4236_/S                                2.507400    3.455674   -0.948274 (VIOLATED)
_4233_/B                                2.507400    3.455642   -0.948242 (VIOLATED)
_4234_/A2                               2.507400    3.455642   -0.948242 (VIOLATED)
_4108_/S                                2.507400    3.455640   -0.948240 (VIOLATED)
_4224_/B                                2.507400    3.455639   -0.948239 (VIOLATED)
_4225_/A2                               2.507400    3.455639   -0.948239 (VIOLATED)
_4086_/S                                2.507400    3.455635   -0.948235 (VIOLATED)
_4060_/S                                2.507400    3.455632   -0.948232 (VIOLATED)
_3841_/S                                2.507400    3.455631   -0.948230 (VIOLATED)
_3909_/S                                2.507400    3.455629   -0.948229 (VIOLATED)
_4179_/S                                2.507400    3.455629   -0.948228 (VIOLATED)
_3861_/S                                2.507400    3.455626   -0.948226 (VIOLATED)
_4150_/S                                2.507400    3.455626   -0.948226 (VIOLATED)
_4013_/S                                2.507400    3.455626   -0.948225 (VIOLATED)
_4037_/S                                2.507400    3.455625   -0.948225 (VIOLATED)
_3990_/S                                2.507400    3.455622   -0.948222 (VIOLATED)
_4129_/S                                2.507400    3.455618   -0.948218 (VIOLATED)
_3932_/A                                2.507400    3.455615   -0.948215 (VIOLATED)
_3933_/A2                               2.507400    3.455616   -0.948216 (VIOLATED)
_3321_/Y                                2.507400    3.455608   -0.948208 (VIOLATED)
_3797_/S                                2.507400    3.455608   -0.948208 (VIOLATED)
_3816_/S                                2.507400    3.455608   -0.948208 (VIOLATED)
_3891_/S                                2.507400    3.455608   -0.948208 (VIOLATED)
_3954_/S                                2.507400    3.455608   -0.948208 (VIOLATED)
_4648_/A2                               2.507400    3.093010   -0.585610 (VIOLATED)
_4498_/B                                2.507400    3.093009   -0.585609 (VIOLATED)
_4647_/A                                2.507400    3.093010   -0.585610 (VIOLATED)
_4496_/B                                2.507400    3.093009   -0.585608 (VIOLATED)
_4497_/A1                               2.507400    3.093009   -0.585608 (VIOLATED)
_4650_/A                                2.507400    3.093002   -0.585602 (VIOLATED)
_4655_/A1                               2.507400    3.093001   -0.585601 (VIOLATED)
_4665_/A1                               2.507400    3.092991   -0.585591 (VIOLATED)
_4664_/A                                2.507400    3.092985   -0.585584 (VIOLATED)
_4668_/A                                2.507400    3.092969   -0.585569 (VIOLATED)
_4673_/A1                               2.507400    3.092967   -0.585567 (VIOLATED)
_4683_/A1                               2.507400    3.092941   -0.585541 (VIOLATED)
_4682_/A                                2.507400    3.092940   -0.585540 (VIOLATED)
_4691_/A                                2.507400    3.092902   -0.585502 (VIOLATED)
_4692_/A1                               2.507400    3.092902   -0.585502 (VIOLATED)
_4701_/A1                               2.507400    3.092898   -0.585498 (VIOLATED)
_4700_/A                                2.507400    3.092896   -0.585496 (VIOLATED)
_4709_/S                                2.507400    3.092890   -0.585490 (VIOLATED)
_4717_/A                                2.507400    3.092818   -0.585418 (VIOLATED)
_4718_/A1                               2.507400    3.092818   -0.585418 (VIOLATED)
_4722_/A                                2.507400    3.092817   -0.585417 (VIOLATED)
_4727_/A1                               2.507400    3.092812   -0.585412 (VIOLATED)
_4745_/S                                2.507400    3.092758   -0.585358 (VIOLATED)
_4738_/A                                2.507400    3.092751   -0.585351 (VIOLATED)
_4739_/A1                               2.507400    3.092748   -0.585348 (VIOLATED)
_4759_/A1                               2.507400    3.092701   -0.585301 (VIOLATED)
_4758_/A                                2.507400    3.092680   -0.585279 (VIOLATED)
_4769_/A                                2.507400    3.092598   -0.585198 (VIOLATED)
_4770_/A1                               2.507400    3.092598   -0.585198 (VIOLATED)
_4777_/A                                2.507400    3.092559   -0.585158 (VIOLATED)
_4778_/A1                               2.507400    3.092558   -0.585158 (VIOLATED)
_4782_/A                                2.507400    3.092556   -0.585156 (VIOLATED)
_4786_/A1                               2.507400    3.092556   -0.585156 (VIOLATED)
_4789_/A_N                              2.507400    3.092547   -0.585147 (VIOLATED)
_4796_/A                                2.507400    3.092546   -0.585146 (VIOLATED)
_4804_/A1                               2.507400    3.092535   -0.585135 (VIOLATED)
_4800_/A                                2.507400    3.092534   -0.585134 (VIOLATED)
_4814_/A                                2.507400    3.092534   -0.585134 (VIOLATED)
_4815_/A1                               2.507400    3.092528   -0.585128 (VIOLATED)
_4826_/A1                               2.507400    3.092461   -0.585061 (VIOLATED)
_4825_/A                                2.507400    3.092453   -0.585052 (VIOLATED)
_4835_/B                                2.507400    3.092365   -0.584965 (VIOLATED)
_4829_/A_N                              2.507400    3.092352   -0.584952 (VIOLATED)
_4839_/A                                2.507400    3.092288   -0.584888 (VIOLATED)
_4843_/A1                               2.507400    3.092287   -0.584887 (VIOLATED)
_4854_/A1                               2.507400    3.092208   -0.584808 (VIOLATED)
_4853_/A                                2.507400    3.092200   -0.584800 (VIOLATED)
_4863_/A1                               2.507400    3.092132   -0.584732 (VIOLATED)
_4862_/A                                2.507400    3.092129   -0.584728 (VIOLATED)
_4874_/A1                               2.507400    3.092051   -0.584651 (VIOLATED)
_4873_/A                                2.507400    3.092047   -0.584647 (VIOLATED)
_4882_/A1                               2.507400    3.091982   -0.584582 (VIOLATED)
_4878_/A                                2.507400    3.091980   -0.584579 (VIOLATED)
_4892_/A                                2.507400    3.091920   -0.584520 (VIOLATED)
_4893_/A1                               2.507400    3.091920   -0.584520 (VIOLATED)
_4895_/A                                2.507400    3.091891   -0.584491 (VIOLATED)
_4899_/A1                               2.507400    3.091890   -0.584490 (VIOLATED)
_4908_/B1                               2.507400    3.091851   -0.584451 (VIOLATED)
_4910_/A1                               2.507400    3.091846   -0.584446 (VIOLATED)
_4914_/A                                2.507400    3.091814   -0.584414 (VIOLATED)
_4916_/A1                               2.507400    3.091814   -0.584414 (VIOLATED)
_4491_/Y                                2.507400    3.091795   -0.584395 (VIOLATED)

max fanout

Pin                                   Limit Fanout  Slack
---------------------------------------------------------
clk                                       8    260   -252 (VIOLATED)
rst                                       8    260   -252 (VIOLATED)
_4491_/Y                                  8     61    -53 (VIOLATED)
_3063_/Y                                  8     59    -51 (VIOLATED)
_2657_/Y                                  8     46    -38 (VIOLATED)
_4238_/Y                                  8     45    -37 (VIOLATED)
_2680_/Y                                  8     42    -34 (VIOLATED)
_4319_/Y                                  8     40    -32 (VIOLATED)
_3321_/Y                                  8     37    -29 (VIOLATED)
_2713_/X                                  8     36    -28 (VIOLATED)
_4394_/Y                                  8     34    -26 (VIOLATED)
_2688_/Y                                  8     33    -25 (VIOLATED)
_4284_/Y                                  8     33    -25 (VIOLATED)
_4360_/Y                                  8     33    -25 (VIOLATED)
imem_data[20]                             8     32    -24 (VIOLATED)
_2700_/Y                                  8     32    -24 (VIOLATED)
_2716_/X                                  8     32    -24 (VIOLATED)
_2720_/Y                                  8     32    -24 (VIOLATED)
_2724_/Y                                  8     32    -24 (VIOLATED)
_3008_/Y                                  8     32    -24 (VIOLATED)
_2694_/X                                  8     31    -23 (VIOLATED)
_2705_/Y                                  8     31    -23 (VIOLATED)
_2999_/Y                                  8     30    -22 (VIOLATED)
_2703_/X                                  8     29    -21 (VIOLATED)
_2959_/X                                  8     29    -21 (VIOLATED)
_2656_/Y                                  8     28    -20 (VIOLATED)
_2698_/Y                                  8     28    -20 (VIOLATED)
_2722_/Y                                  8     28    -20 (VIOLATED)
_2696_/X                                  8     27    -19 (VIOLATED)
_2717_/X                                  8     27    -19 (VIOLATED)
imem_data[23]                             8     26    -18 (VIOLATED)
_2681_/Y                                  8     26    -18 (VIOLATED)
_2679_/X                                  8     24    -16 (VIOLATED)
imem_data[15]                             8     23    -15 (VIOLATED)
_2968_/Y                                  8     22    -14 (VIOLATED)
_2668_/X                                  8     21    -13 (VIOLATED)
_2670_/Y                                  8     20    -12 (VIOLATED)
_2691_/X                                  8     20    -12 (VIOLATED)
_2710_/X                                  8     20    -12 (VIOLATED)
_3056_/Y                                  8     20    -12 (VIOLATED)
_2645_/Y                                  8     19    -11 (VIOLATED)
_2649_/Y                                  8     19    -11 (VIOLATED)
_2664_/X                                  8     19    -11 (VIOLATED)
_2770_/Y                                  8     19    -11 (VIOLATED)
_2665_/Y                                  8     18    -10 (VIOLATED)
_2673_/Y                                  8     18    -10 (VIOLATED)
_3009_/Y                                  8     18    -10 (VIOLATED)
_2650_/Y                                  8     17     -9 (VIOLATED)
_2708_/Y                                  8     17     -9 (VIOLATED)
_2939_/Y                                  8     17     -9 (VIOLATED)
_2572_/Y                                  8     16     -8 (VIOLATED)
_2646_/Y                                  8     16     -8 (VIOLATED)
_2682_/Y                                  8     16     -8 (VIOLATED)
_2690_/X                                  8     16     -8 (VIOLATED)
_3385_/Y                                  8     16     -8 (VIOLATED)
_3462_/Y                                  8     16     -8 (VIOLATED)
imem_data[25]                             8     15     -7 (VIOLATED)
_2749_/Y                                  8     15     -7 (VIOLATED)
_2787_/Y                                  8     15     -7 (VIOLATED)
_2805_/Y                                  8     15     -7 (VIOLATED)
_2856_/Y                                  8     15     -7 (VIOLATED)
_3057_/Y                                  8     15     -7 (VIOLATED)
_3366_/Y                                  8     15     -7 (VIOLATED)
_3477_/Y                                  8     15     -7 (VIOLATED)
_3514_/Y                                  8     15     -7 (VIOLATED)
_2655_/Y                                  8     14     -6 (VIOLATED)
_2672_/Y                                  8     14     -6 (VIOLATED)
_2925_/Y                                  8     14     -6 (VIOLATED)
_3010_/X                                  8     14     -6 (VIOLATED)
_3442_/X                                  8     14     -6 (VIOLATED)
_4521_/Y                                  8     14     -6 (VIOLATED)
imem_data[24]                             8     13     -5 (VIOLATED)
imem_data[27]                             8     13     -5 (VIOLATED)
_2669_/Y                                  8     13     -5 (VIOLATED)
_2671_/Y                                  8     13     -5 (VIOLATED)
_2840_/Y                                  8     13     -5 (VIOLATED)
_2876_/Y                                  8     13     -5 (VIOLATED)
_2969_/X                                  8     13     -5 (VIOLATED)
_3007_/Y                                  8     13     -5 (VIOLATED)
_3531_/Y                                  8     13     -5 (VIOLATED)
_3686_/Y                                  8     13     -5 (VIOLATED)
imem_data[21]                             8     12     -4 (VIOLATED)
imem_data[22]                             8     12     -4 (VIOLATED)
_2711_/Y                                  8     12     -4 (VIOLATED)
_3347_/Y                                  8     12     -4 (VIOLATED)
_3426_/Y                                  8     12     -4 (VIOLATED)
_3496_/Y                                  8     12     -4 (VIOLATED)
_4572_/Y                                  8     12     -4 (VIOLATED)
_2899_/Y                                  8     11     -3 (VIOLATED)
_3552_/Y                                  8     11     -3 (VIOLATED)
_3672_/Y                                  8     11     -3 (VIOLATED)
imem_data[26]                             8     10     -2 (VIOLATED)
imem_data[28]                             8     10     -2 (VIOLATED)
imem_data[29]                             8     10     -2 (VIOLATED)
_2689_/Y                                  8     10     -2 (VIOLATED)
_2712_/Y                                  8     10     -2 (VIOLATED)
_2714_/X                                  8     10     -2 (VIOLATED)
_2824_/X                                  8     10     -2 (VIOLATED)
_3406_/Y                                  8     10     -2 (VIOLATED)
_3606_/Y                                  8     10     -2 (VIOLATED)
_3625_/X                                  8     10     -2 (VIOLATED)
_2642_/Y                                  8      9        (VIOLATED)
_2658_/Y                                  8      9        (VIOLATED)
_2685_/Y                                  8      9        (VIOLATED)
_2730_/Y                                  8      9        (VIOLATED)
_2736_/Y                                  8      9        (VIOLATED)
_2825_/Y                                  8      9        (VIOLATED)
_3326_/Y                                  8      9        (VIOLATED)
_3587_/Y                                  8      9        (VIOLATED)
_3642_/Y                                  8      9        (VIOLATED)



===========================================================================
report_parasitic_annotation -report_unannotated
============================================================================
Found 8 unannotated drivers.
 io_addr[0]
 io_addr[1]
 io_addr[2]
 io_addr[3]
 io_addr[4]
 io_addr[5]
 io_addr[6]
 io_addr[7]
Found 132 partially unannotated drivers.
 _2680_/Y
 _2727_/Y
 _2741_/Y
 _2756_/Y
 _2777_/Y
 _2794_/Y
 _2811_/Y
 _2831_/Y
 _2846_/Y
 _2864_/Y
 _2884_/Y
 _2906_/Y
 _2930_/Y
 _2945_/Y
 _3063_/Y
 _3335_/Y
 _3355_/Y
 _3373_/Y
 _3391_/Y
 _3402_/Y
 _3432_/Y
 _3448_/Y
 _3467_/Y
 _3484_/Y
 _3502_/Y
 _3520_/Y
 _3538_/Y
 _3558_/Y
 _3596_/Y
 _3613_/Y
 _3633_/Y
 _3651_/Y
 _3678_/Y
 _3693_/Y
 _4522_/Y
 _4523_/Y
 _4525_/Y
 _4526_/X
 _4529_/Y
 _4534_/Y
 _4538_/Y
 _4541_/X
 _4545_/Y
 _4548_/Y
 _4552_/Y
 _4555_/Y
 _4558_/X
 _4561_/Y
 _4565_/Y
 _4574_/Y
 _4579_/Y
 _4583_/Y
 _4588_/Y
 _4592_/Y
 _4596_/Y
 _4600_/Y
 _4604_/Y
 _4607_/Y
 _4612_/Y
 _4616_/Y
 _4620_/Y
 _4624_/Y
 _4628_/Y
 _4631_/X
 _4634_/Y
 _4637_/Y
 _4640_/Y
 _4642_/X
 _5195_/Q
 _5196_/Q
 _5197_/Q
 _5198_/Q
 _5199_/Q
 _5200_/Q
 _5201_/Q
 _5202_/Q
 _5203_/Q
 _5204_/Q
 _5205_/Q
 _5206_/Q
 _5207_/Q
 _5208_/Q
 _5209_/Q
 _5210_/Q
 _5211_/Q
 _5212_/Q
 _5213_/Q
 _5214_/Q
 _5215_/Q
 _5216_/Q
 _5217_/Q
 _5218_/Q
 _5219_/Q
 _5220_/Q
 _5221_/Q
 _5222_/Q
 _5223_/Q
 _5224_/Q
 _5225_/Q
 _5226_/Q
 _5436_/X
 _5437_/X
 _5438_/X
 _5439_/X
 _5440_/X
 _5441_/X
 _5442_/X
 _5443_/X
 _5444_/X
 _5445_/X
 _5446_/X
 _5447_/X
 _5448_/X
 _5449_/X
 _5450_/X
 _5451_/X
 _5452_/X
 _5453_/X
 _5454_/X
 _5455_/X
 _5456_/X
 _5457_/X
 _5458_/X
 _5459_/X
 _5460_/X
 _5461_/X
 _5462_/X
 _5463_/X
 _5464_/X
 _5465_/X
 _5466_/X
 _5467_/X

===========================================================================
max slew violation count 146
Writing metric design__max_slew_violation__count__corner:nom_typ_1p20V_25C: 146
max fanout violation count 110
Writing metric design__max_fanout_violation__count__corner:nom_typ_1p20V_25C: 110
max cap violation count 0
Writing metric design__max_cap_violation__count__corner:nom_typ_1p20V_25C: 0
============================================================================

===========================================================================
check_setup -verbose -unconstrained_endpoints -multiple_clock -no_clock -no_input_delay -loops -generated_clocks
===========================================================================
