Clock: clk
Sources: clk 
Generated: no
Virtual: yes
Propagated: no
Period: 10.000000

===========================================================================
report_clock_properties
============================================================================
Clock                   Period          Waveform
----------------------------------------------------
clk                  10.000000    0.000000  5.000000

===========================================================================
report_clock_latency
============================================================================
Clock clk
rise -> rise
    min     max
0.000000 0.000000 source latency
0.683353         network latency _5229_/CLK
        0.896063 network latency _5435_/CLK
---------------
0.683353 0.896063 latency
        0.212710 skew

fall -> fall
    min     max
0.000000 0.000000 source latency
0.461350         network latency _5229_/CLK
        0.657058 network latency _5435_/CLK
---------------
0.461350 0.657058 latency
        0.195707 skew



===========================================================================
report_clock_min_period
============================================================================
clk period_min = 5.48 fmax = 182.62
