
===========================================================================
 report_power
============================================================================
======================= nom_typ_1p20V_25C Corner ===================================

Group                    Internal    Switching      Leakage        Total
                            Power        Power        Power        Power (Watts)
------------------------------------------------------------------------
Sequential           2.358724e-03 2.038786e-04 1.313200e-07 2.562734e-03  58.0%
Combinational        8.097336e-04 1.044145e-03 3.330086e-07 1.854212e-03  42.0%
Clock                0.000000e+00 0.000000e+00 0.000000e+00 0.000000e+00   0.0%
Macro                0.000000e+00 0.000000e+00 0.000000e+00 0.000000e+00   0.0%
Pad                  0.000000e+00 0.000000e+00 0.000000e+00 0.000000e+00   0.0%
------------------------------------------------------------------------
Total                3.168458e-03 1.248023e-03 4.643286e-07 4.416945e-03 100.0%
                            71.7%        28.3%         0.0%
Writing metric power__internal__total: 0.0031684578862041235
Writing metric power__switching__total: 0.0012480226578190923
Writing metric power__leakage__total: 4.643285649308382e-7
Writing metric power__total: 0.004416944924741983

