
Cell sg13g2_a22oi_1 (0) disconnected node: Y
Cell sg13g2_a22oi_1 (0) disconnected node: A1
Cell sg13g2_a22oi_1 (0) disconnected node: A2
Cell sg13g2_a22oi_1 (0) disconnected node: B1
Cell sg13g2_a22oi_1 (0) disconnected node: B2
Cell sg13g2_a22oi_1 (0) disconnected node: VDD
Cell sg13g2_a22oi_1 (0) disconnected node: VSS

Subcircuit pins:
Circuit 1: sg13g2_a22oi_1                  |Circuit 2: sg13g2_a22oi_1                  
-------------------------------------------|-------------------------------------------
Y                                          |Y                                          
A1                                         |A1                                         
A2                                         |A2                                         
B1                                         |B1                                         
B2                                         |B2                                         
VDD                                        |VDD                                        
VSS                                        |VSS                                        
---------------------------------------------------------------------------------------
Cell pin lists are equivalent.
Device classes sg13g2_a22oi_1 and sg13g2_a22oi_1 are equivalent.

Cell sg13g2_nor2_1 (0) disconnected node: Y
Cell sg13g2_nor2_1 (0) disconnected node: A
Cell sg13g2_nor2_1 (0) disconnected node: B
Cell sg13g2_nor2_1 (0) disconnected node: VDD
Cell sg13g2_nor2_1 (0) disconnected node: VSS

Subcircuit pins:
Circuit 1: sg13g2_nor2_1                   |Circuit 2: sg13g2_nor2_1                   
-------------------------------------------|-------------------------------------------
Y                                          |Y                                          
A                                          |A                                          
B                                          |B                                          
VDD                                        |VDD                                        
VSS                                        |VSS                                        
---------------------------------------------------------------------------------------
Cell pin lists are equivalent.
Device classes sg13g2_nor2_1 and sg13g2_nor2_1 are equivalent.

Cell sg13g2_decap_8 (0) disconnected node: VDD
Cell sg13g2_decap_8 (0) disconnected node: VSS

Subcircuit pins:
Circuit 1: sg13g2_decap_8                  |Circuit 2: sg13g2_decap_8                  
-------------------------------------------|-------------------------------------------
VDD                                        |VDD                                        
VSS                                        |VSS                                        
---------------------------------------------------------------------------------------
Cell pin lists are equivalent.
Device classes sg13g2_decap_8 and sg13g2_decap_8 are equivalent.

Cell sg13g2_a21oi_1 (0) disconnected node: Y
Cell sg13g2_a21oi_1 (0) disconnected node: A1
Cell sg13g2_a21oi_1 (0) disconnected node: A2
Cell sg13g2_a21oi_1 (0) disconnected node: B1
Cell sg13g2_a21oi_1 (0) disconnected node: VDD
Cell sg13g2_a21oi_1 (0) disconnected node: VSS

Subcircuit pins:
Circuit 1: sg13g2_a21oi_1                  |Circuit 2: sg13g2_a21oi_1                  
-------------------------------------------|-------------------------------------------
Y                                          |Y                                          
A1                                         |A1                                         
A2                                         |A2                                         
B1                                         |B1                                         
VDD                                        |VDD                                        
VSS                                        |VSS                                        
---------------------------------------------------------------------------------------
Cell pin lists are equivalent.
Device classes sg13g2_a21oi_1 and sg13g2_a21oi_1 are equivalent.

Cell sg13g2_nand4_1 (0) disconnected node: Y
Cell sg13g2_nand4_1 (0) disconnected node: A
Cell sg13g2_nand4_1 (0) disconnected node: B
Cell sg13g2_nand4_1 (0) disconnected node: C
Cell sg13g2_nand4_1 (0) disconnected node: D
Cell sg13g2_nand4_1 (0) disconnected node: VDD
Cell sg13g2_nand4_1 (0) disconnected node: VSS

Subcircuit pins:
Circuit 1: sg13g2_nand4_1                  |Circuit 2: sg13g2_nand4_1                  
-------------------------------------------|-------------------------------------------
Y                                          |Y                                          
A                                          |A                                          
B                                          |B                                          
C                                          |C                                          
D                                          |D                                          
VDD                                        |VDD                                        
VSS                                        |VSS                                        
---------------------------------------------------------------------------------------
Cell pin lists are equivalent.
Device classes sg13g2_nand4_1 and sg13g2_nand4_1 are equivalent.

Cell sg13g2_o21ai_1 (0) disconnected node: Y
Cell sg13g2_o21ai_1 (0) disconnected node: A1
Cell sg13g2_o21ai_1 (0) disconnected node: A2
Cell sg13g2_o21ai_1 (0) disconnected node: B1
Cell sg13g2_o21ai_1 (0) disconnected node: VDD
Cell sg13g2_o21ai_1 (0) disconnected node: VSS

Subcircuit pins:
Circuit 1: sg13g2_o21ai_1                  |Circuit 2: sg13g2_o21ai_1                  
-------------------------------------------|-------------------------------------------
Y                                          |Y                                          
A1                                         |A1                                         
A2                                         |A2                                         
B1                                         |B1                                         
VDD                                        |VDD                                        
VSS                                        |VSS                                        
---------------------------------------------------------------------------------------
Cell pin lists are equivalent.
Device classes sg13g2_o21ai_1 and sg13g2_o21ai_1 are equivalent.

Cell sg13g2_fill_1 (0) disconnected node: VDD
Cell sg13g2_fill_1 (0) disconnected node: VSS
Cell sg13g2_fill_1 (1) disconnected node: VDD
Cell sg13g2_fill_1 (1) disconnected node: VSS

Subcircuit pins:
Circuit 1: sg13g2_fill_1                   |Circuit 2: sg13g2_fill_1                   
-------------------------------------------|-------------------------------------------
VDD                                        |VDD                                        
VSS                                        |VSS                                        
---------------------------------------------------------------------------------------
Cell pin lists are equivalent.
Device classes sg13g2_fill_1 and sg13g2_fill_1 are equivalent.

Cell sg13g2_decap_4 (0) disconnected node: VDD
Cell sg13g2_decap_4 (0) disconnected node: VSS

Subcircuit pins:
Circuit 1: sg13g2_decap_4                  |Circuit 2: sg13g2_decap_4                  
-------------------------------------------|-------------------------------------------
VDD                                        |VDD                                        
VSS                                        |VSS                                        
---------------------------------------------------------------------------------------
Cell pin lists are equivalent.
Device classes sg13g2_decap_4 and sg13g2_decap_4 are equivalent.

Cell sg13g2_inv_1 (0) disconnected node: Y
Cell sg13g2_inv_1 (0) disconnected node: A
Cell sg13g2_inv_1 (0) disconnected node: VDD
Cell sg13g2_inv_1 (0) disconnected node: VSS

Subcircuit pins:
Circuit 1: sg13g2_inv_1                    |Circuit 2: sg13g2_inv_1                    
-------------------------------------------|-------------------------------------------
Y                                          |Y                                          
A                                          |A                                          
VDD                                        |VDD                                        
VSS                                        |VSS                                        
---------------------------------------------------------------------------------------
Cell pin lists are equivalent.
Device classes sg13g2_inv_1 and sg13g2_inv_1 are equivalent.

Cell sg13g2_nand2b_1 (0) disconnected node: Y
Cell sg13g2_nand2b_1 (0) disconnected node: A_N
Cell sg13g2_nand2b_1 (0) disconnected node: B
Cell sg13g2_nand2b_1 (0) disconnected node: VDD
Cell sg13g2_nand2b_1 (0) disconnected node: VSS

Subcircuit pins:
Circuit 1: sg13g2_nand2b_1                 |Circuit 2: sg13g2_nand2b_1                 
-------------------------------------------|-------------------------------------------
Y                                          |Y                                          
A_N                                        |A_N                                        
B                                          |B                                          
VDD                                        |VDD                                        
VSS                                        |VSS                                        
---------------------------------------------------------------------------------------
Cell pin lists are equivalent.
Device classes sg13g2_nand2b_1 and sg13g2_nand2b_1 are equivalent.

Cell sg13g2_xnor2_1 (0) disconnected node: Y
Cell sg13g2_xnor2_1 (0) disconnected node: A
Cell sg13g2_xnor2_1 (0) disconnected node: B
Cell sg13g2_xnor2_1 (0) disconnected node: VDD
Cell sg13g2_xnor2_1 (0) disconnected node: VSS

Subcircuit pins:
Circuit 1: sg13g2_xnor2_1                  |Circuit 2: sg13g2_xnor2_1                  
-------------------------------------------|-------------------------------------------
Y                                          |Y                                          
A                                          |A                                          
B                                          |B                                          
VDD                                        |VDD                                        
VSS                                        |VSS                                        
---------------------------------------------------------------------------------------
Cell pin lists are equivalent.
Device classes sg13g2_xnor2_1 and sg13g2_xnor2_1 are equivalent.

Cell sg13g2_nor4_2 (0) disconnected node: Y
Cell sg13g2_nor4_2 (0) disconnected node: A
Cell sg13g2_nor4_2 (0) disconnected node: B
Cell sg13g2_nor4_2 (0) disconnected node: C
Cell sg13g2_nor4_2 (0) disconnected node: D
Cell sg13g2_nor4_2 (0) disconnected node: VDD
Cell sg13g2_nor4_2 (0) disconnected node: VSS

Subcircuit pins:
Circuit 1: sg13g2_nor4_2                   |Circuit 2: sg13g2_nor4_2                   
-------------------------------------------|-------------------------------------------
Y                                          |Y                                          
A                                          |A                                          
B                                          |B                                          
C                                          |C                                          
D                                          |D                                          
VDD                                        |VDD                                        
VSS                                        |VSS                                        
---------------------------------------------------------------------------------------
Cell pin lists are equivalent.
Device classes sg13g2_nor4_2 and sg13g2_nor4_2 are equivalent.

Cell sg13g2_nor2b_1 (0) disconnected node: Y
Cell sg13g2_nor2b_1 (0) disconnected node: A
Cell sg13g2_nor2b_1 (0) disconnected node: B_N
Cell sg13g2_nor2b_1 (0) disconnected node: VDD
Cell sg13g2_nor2b_1 (0) disconnected node: VSS

Subcircuit pins:
Circuit 1: sg13g2_nor2b_1                  |Circuit 2: sg13g2_nor2b_1                  
-------------------------------------------|-------------------------------------------
Y                                          |Y                                          
A                                          |A                                          
B_N                                        |B_N                                        
VDD                                        |VDD                                        
VSS                                        |VSS                                        
---------------------------------------------------------------------------------------
Cell pin lists are equivalent.
Device classes sg13g2_nor2b_1 and sg13g2_nor2b_1 are equivalent.

Cell sg13g2_buf_1 (0) disconnected node: X
Cell sg13g2_buf_1 (0) disconnected node: A
Cell sg13g2_buf_1 (0) disconnected node: VDD
Cell sg13g2_buf_1 (0) disconnected node: VSS

Subcircuit pins:
Circuit 1: sg13g2_buf_1                    |Circuit 2: sg13g2_buf_1                    
-------------------------------------------|-------------------------------------------
X                                          |X                                          
A                                          |A                                          
VDD                                        |VDD                                        
VSS                                        |VSS                                        
---------------------------------------------------------------------------------------
Cell pin lists are equivalent.
Device classes sg13g2_buf_1 and sg13g2_buf_1 are equivalent.

Cell sg13g2_nor3_1 (0) disconnected node: Y
Cell sg13g2_nor3_1 (0) disconnected node: A
Cell sg13g2_nor3_1 (0) disconnected node: B
Cell sg13g2_nor3_1 (0) disconnected node: C
Cell sg13g2_nor3_1 (0) disconnected node: VDD
Cell sg13g2_nor3_1 (0) disconnected node: VSS

Subcircuit pins:
Circuit 1: sg13g2_nor3_1                   |Circuit 2: sg13g2_nor3_1                   
-------------------------------------------|-------------------------------------------
Y                                          |Y                                          
A                                          |A                                          
B                                          |B                                          
C                                          |C                                          
VDD                                        |VDD                                        
VSS                                        |VSS                                        
---------------------------------------------------------------------------------------
Cell pin lists are equivalent.
Device classes sg13g2_nor3_1 and sg13g2_nor3_1 are equivalent.

Cell sg13g2_dfrbpq_1 (0) disconnected node: Q
Cell sg13g2_dfrbpq_1 (0) disconnected node: CLK
Cell sg13g2_dfrbpq_1 (0) disconnected node: D
Cell sg13g2_dfrbpq_1 (0) disconnected node: RESET_B
Cell sg13g2_dfrbpq_1 (0) disconnected node: VDD
Cell sg13g2_dfrbpq_1 (0) disconnected node: VSS

Subcircuit pins:
Circuit 1: sg13g2_dfrbpq_1                 |Circuit 2: sg13g2_dfrbpq_1                 
-------------------------------------------|-------------------------------------------
Q                                          |Q                                          
CLK                                        |CLK                                        
D                                          |D                                          
RESET_B                                    |RESET_B                                    
VDD                                        |VDD                                        
VSS                                        |VSS                                        
---------------------------------------------------------------------------------------
Cell pin lists are equivalent.
Device classes sg13g2_dfrbpq_1 and sg13g2_dfrbpq_1 are equivalent.

Cell sg13g2_mux2_1 (0) disconnected node: X
Cell sg13g2_mux2_1 (0) disconnected node: A0
Cell sg13g2_mux2_1 (0) disconnected node: A1
Cell sg13g2_mux2_1 (0) disconnected node: S
Cell sg13g2_mux2_1 (0) disconnected node: VDD
Cell sg13g2_mux2_1 (0) disconnected node: VSS

Subcircuit pins:
Circuit 1: sg13g2_mux2_1                   |Circuit 2: sg13g2_mux2_1                   
-------------------------------------------|-------------------------------------------
X                                          |X                                          
A0                                         |A0                                         
A1                                         |A1                                         
S                                          |S                                          
VDD                                        |VDD                                        
VSS                                        |VSS                                        
---------------------------------------------------------------------------------------
Cell pin lists are equivalent.
Device classes sg13g2_mux2_1 and sg13g2_mux2_1 are equivalent.

Cell sg13g2_fill_2 (0) disconnected node: VDD
Cell sg13g2_fill_2 (0) disconnected node: VSS
Cell sg13g2_fill_2 (1) disconnected node: VDD
Cell sg13g2_fill_2 (1) disconnected node: VSS

Subcircuit pins:
Circuit 1: sg13g2_fill_2                   |Circuit 2: sg13g2_fill_2                   
-------------------------------------------|-------------------------------------------
VDD                                        |VDD                                        
VSS                                        |VSS                                        
---------------------------------------------------------------------------------------
Cell pin lists are equivalent.
Device classes sg13g2_fill_2 and sg13g2_fill_2 are equivalent.

Cell sg13g2_nand2_1 (0) disconnected node: Y
Cell sg13g2_nand2_1 (0) disconnected node: A
Cell sg13g2_nand2_1 (0) disconnected node: B
Cell sg13g2_nand2_1 (0) disconnected node: VDD
Cell sg13g2_nand2_1 (0) disconnected node: VSS

Subcircuit pins:
Circuit 1: sg13g2_nand2_1                  |Circuit 2: sg13g2_nand2_1                  
-------------------------------------------|-------------------------------------------
Y                                          |Y                                          
A                                          |A                                          
B                                          |B                                          
VDD                                        |VDD                                        
VSS                                        |VSS                                        
---------------------------------------------------------------------------------------
Cell pin lists are equivalent.
Device classes sg13g2_nand2_1 and sg13g2_nand2_1 are equivalent.

Cell sg13g2_and3_1 (0) disconnected node: X
Cell sg13g2_and3_1 (0) disconnected node: A
Cell sg13g2_and3_1 (0) disconnected node: B
Cell sg13g2_and3_1 (0) disconnected node: C
Cell sg13g2_and3_1 (0) disconnected node: VDD
Cell sg13g2_and3_1 (0) disconnected node: VSS

Subcircuit pins:
Circuit 1: sg13g2_and3_1                   |Circuit 2: sg13g2_and3_1                   
-------------------------------------------|-------------------------------------------
X                                          |X                                          
A                                          |A                                          
B                                          |B                                          
C                                          |C                                          
VDD                                        |VDD                                        
VSS                                        |VSS                                        
---------------------------------------------------------------------------------------
Cell pin lists are equivalent.
Device classes sg13g2_and3_1 and sg13g2_and3_1 are equivalent.

Cell sg13g2_and2_1 (0) disconnected node: X
Cell sg13g2_and2_1 (0) disconnected node: A
Cell sg13g2_and2_1 (0) disconnected node: B
Cell sg13g2_and2_1 (0) disconnected node: VDD
Cell sg13g2_and2_1 (0) disconnected node: VSS

Subcircuit pins:
Circuit 1: sg13g2_and2_1                   |Circuit 2: sg13g2_and2_1                   
-------------------------------------------|-------------------------------------------
X                                          |X                                          
A                                          |A                                          
B                                          |B                                          
VDD                                        |VDD                                        
VSS                                        |VSS                                        
---------------------------------------------------------------------------------------
Cell pin lists are equivalent.
Device classes sg13g2_and2_1 and sg13g2_and2_1 are equivalent.

Cell sg13g2_and4_1 (0) disconnected node: X
Cell sg13g2_and4_1 (0) disconnected node: A
Cell sg13g2_and4_1 (0) disconnected node: B
Cell sg13g2_and4_1 (0) disconnected node: C
Cell sg13g2_and4_1 (0) disconnected node: D
Cell sg13g2_and4_1 (0) disconnected node: VDD
Cell sg13g2_and4_1 (0) disconnected node: VSS

Subcircuit pins:
Circuit 1: sg13g2_and4_1                   |Circuit 2: sg13g2_and4_1                   
-------------------------------------------|-------------------------------------------
X                                          |X                                          
A                                          |A                                          
B                                          |B                                          
C                                          |C                                          
D                                          |D                                          
VDD                                        |VDD                                        
VSS                                        |VSS                                        
---------------------------------------------------------------------------------------
Cell pin lists are equivalent.
Device classes sg13g2_and4_1 and sg13g2_and4_1 are equivalent.

Cell sg13g2_nand3_1 (0) disconnected node: Y
Cell sg13g2_nand3_1 (0) disconnected node: A
Cell sg13g2_nand3_1 (0) disconnected node: B
Cell sg13g2_nand3_1 (0) disconnected node: C
Cell sg13g2_nand3_1 (0) disconnected node: VDD
Cell sg13g2_nand3_1 (0) disconnected node: VSS

Subcircuit pins:
Circuit 1: sg13g2_nand3_1                  |Circuit 2: sg13g2_nand3_1                  
-------------------------------------------|-------------------------------------------
Y                                          |Y                                          
A                                          |A                                          
B                                          |B                                          
C                                          |C                                          
VDD                                        |VDD                                        
VSS                                        |VSS                                        
---------------------------------------------------------------------------------------
Cell pin lists are equivalent.
Device classes sg13g2_nand3_1 and sg13g2_nand3_1 are equivalent.

Cell sg13g2_dlygate4sd3_1 (0) disconnected node: X
Cell sg13g2_dlygate4sd3_1 (0) disconnected node: A
Cell sg13g2_dlygate4sd3_1 (0) disconnected node: VDD
Cell sg13g2_dlygate4sd3_1 (0) disconnected node: VSS

Subcircuit pins:
Circuit 1: sg13g2_dlygate4sd3_1            |Circuit 2: sg13g2_dlygate4sd3_1            
-------------------------------------------|-------------------------------------------
X                                          |X                                          
A                                          |A                                          
VDD                                        |VDD                                        
VSS                                        |VSS                                        
---------------------------------------------------------------------------------------
Cell pin lists are equivalent.
Device classes sg13g2_dlygate4sd3_1 and sg13g2_dlygate4sd3_1 are equivalent.

Cell sg13g2_a21o_1 (0) disconnected node: X
Cell sg13g2_a21o_1 (0) disconnected node: A1
Cell sg13g2_a21o_1 (0) disconnected node: A2
Cell sg13g2_a21o_1 (0) disconnected node: B1
Cell sg13g2_a21o_1 (0) disconnected node: VDD
Cell sg13g2_a21o_1 (0) disconnected node: VSS

Subcircuit pins:
Circuit 1: sg13g2_a21o_1                   |Circuit 2: sg13g2_a21o_1                   
-------------------------------------------|-------------------------------------------
X                                          |X                                          
A1                                         |A1                                         
A2                                         |A2                                         
B1                                         |B1                                         
VDD                                        |VDD                                        
VSS                                        |VSS                                        
---------------------------------------------------------------------------------------
Cell pin lists are equivalent.
Device classes sg13g2_a21o_1 and sg13g2_a21o_1 are equivalent.

Cell sg13g2_a221oi_1 (0) disconnected node: Y
Cell sg13g2_a221oi_1 (0) disconnected node: A1
Cell sg13g2_a221oi_1 (0) disconnected node: A2
Cell sg13g2_a221oi_1 (0) disconnected node: B1
Cell sg13g2_a221oi_1 (0) disconnected node: B2
Cell sg13g2_a221oi_1 (0) disconnected node: C1
Cell sg13g2_a221oi_1 (0) disconnected node: VDD
Cell sg13g2_a221oi_1 (0) disconnected node: VSS

Subcircuit pins:
Circuit 1: sg13g2_a221oi_1                 |Circuit 2: sg13g2_a221oi_1                 
-------------------------------------------|-------------------------------------------
Y                                          |Y                                          
A1                                         |A1                                         
A2                                         |A2                                         
B1                                         |B1                                         
B2                                         |B2                                         
C1                                         |C1                                         
VDD                                        |VDD                                        
VSS                                        |VSS                                        
---------------------------------------------------------------------------------------
Cell pin lists are equivalent.
Device classes sg13g2_a221oi_1 and sg13g2_a221oi_1 are equivalent.

Cell sg13g2_xor2_1 (0) disconnected node: X
Cell sg13g2_xor2_1 (0) disconnected node: A
Cell sg13g2_xor2_1 (0) disconnected node: B
Cell sg13g2_xor2_1 (0) disconnected node: VDD
Cell sg13g2_xor2_1 (0) disconnected node: VSS

Subcircuit pins:
Circuit 1: sg13g2_xor2_1                   |Circuit 2: sg13g2_xor2_1                   
-------------------------------------------|-------------------------------------------
X                                          |X                                          
A                                          |A                                          
B                                          |B                                          
VDD                                        |VDD                                        
VSS                                        |VSS                                        
---------------------------------------------------------------------------------------
Cell pin lists are equivalent.
Device classes sg13g2_xor2_1 and sg13g2_xor2_1 are equivalent.

Cell sg13g2_nor3_2 (0) disconnected node: Y
Cell sg13g2_nor3_2 (0) disconnected node: A
Cell sg13g2_nor3_2 (0) disconnected node: B
Cell sg13g2_nor3_2 (0) disconnected node: C
Cell sg13g2_nor3_2 (0) disconnected node: VDD
Cell sg13g2_nor3_2 (0) disconnected node: VSS

Subcircuit pins:
Circuit 1: sg13g2_nor3_2                   |Circuit 2: sg13g2_nor3_2                   
-------------------------------------------|-------------------------------------------
Y                                          |Y                                          
A                                          |A                                          
B                                          |B                                          
C                                          |C                                          
VDD                                        |VDD                                        
VSS                                        |VSS                                        
---------------------------------------------------------------------------------------
Cell pin lists are equivalent.
Device classes sg13g2_nor3_2 and sg13g2_nor3_2 are equivalent.

Cell sg13g2_nand3b_1 (0) disconnected node: Y
Cell sg13g2_nand3b_1 (0) disconnected node: A_N
Cell sg13g2_nand3b_1 (0) disconnected node: B
Cell sg13g2_nand3b_1 (0) disconnected node: C
Cell sg13g2_nand3b_1 (0) disconnected node: VDD
Cell sg13g2_nand3b_1 (0) disconnected node: VSS

Subcircuit pins:
Circuit 1: sg13g2_nand3b_1                 |Circuit 2: sg13g2_nand3b_1                 
-------------------------------------------|-------------------------------------------
Y                                          |Y                                          
A_N                                        |A_N                                        
B                                          |B                                          
C                                          |C                                          
VDD                                        |VDD                                        
VSS                                        |VSS                                        
---------------------------------------------------------------------------------------
Cell pin lists are equivalent.
Device classes sg13g2_nand3b_1 and sg13g2_nand3b_1 are equivalent.

Cell sg13g2_or4_1 (0) disconnected node: X
Cell sg13g2_or4_1 (0) disconnected node: A
Cell sg13g2_or4_1 (0) disconnected node: B
Cell sg13g2_or4_1 (0) disconnected node: C
Cell sg13g2_or4_1 (0) disconnected node: D
Cell sg13g2_or4_1 (0) disconnected node: VDD
Cell sg13g2_or4_1 (0) disconnected node: VSS

Subcircuit pins:
Circuit 1: sg13g2_or4_1                    |Circuit 2: sg13g2_or4_1                    
-------------------------------------------|-------------------------------------------
X                                          |X                                          
A                                          |A                                          
B                                          |B                                          
C                                          |C                                          
D                                          |D                                          
VDD                                        |VDD                                        
VSS                                        |VSS                                        
---------------------------------------------------------------------------------------
Cell pin lists are equivalent.
Device classes sg13g2_or4_1 and sg13g2_or4_1 are equivalent.

Cell sg13g2_or2_1 (0) disconnected node: X
Cell sg13g2_or2_1 (0) disconnected node: A
Cell sg13g2_or2_1 (0) disconnected node: B
Cell sg13g2_or2_1 (0) disconnected node: VDD
Cell sg13g2_or2_1 (0) disconnected node: VSS

Subcircuit pins:
Circuit 1: sg13g2_or2_1                    |Circuit 2: sg13g2_or2_1                    
-------------------------------------------|-------------------------------------------
X                                          |X                                          
A                                          |A                                          
B                                          |B                                          
VDD                                        |VDD                                        
VSS                                        |VSS                                        
---------------------------------------------------------------------------------------
Cell pin lists are equivalent.
Device classes sg13g2_or2_1 and sg13g2_or2_1 are equivalent.

Cell sg13g2_nor4_1 (0) disconnected node: Y
Cell sg13g2_nor4_1 (0) disconnected node: A
Cell sg13g2_nor4_1 (0) disconnected node: B
Cell sg13g2_nor4_1 (0) disconnected node: C
Cell sg13g2_nor4_1 (0) disconnected node: D
Cell sg13g2_nor4_1 (0) disconnected node: VDD
Cell sg13g2_nor4_1 (0) disconnected node: VSS

Subcircuit pins:
Circuit 1: sg13g2_nor4_1                   |Circuit 2: sg13g2_nor4_1                   
-------------------------------------------|-------------------------------------------
Y                                          |Y                                          
A                                          |A                                          
B                                          |B                                          
C                                          |C                                          
D                                          |D                                          
VDD                                        |VDD                                        
VSS                                        |VSS                                        
---------------------------------------------------------------------------------------
Cell pin lists are equivalent.
Device classes sg13g2_nor4_1 and sg13g2_nor4_1 are equivalent.

Cell sg13g2_or3_1 (0) disconnected node: X
Cell sg13g2_or3_1 (0) disconnected node: A
Cell sg13g2_or3_1 (0) disconnected node: B
Cell sg13g2_or3_1 (0) disconnected node: C
Cell sg13g2_or3_1 (0) disconnected node: VDD
Cell sg13g2_or3_1 (0) disconnected node: VSS

Subcircuit pins:
Circuit 1: sg13g2_or3_1                    |Circuit 2: sg13g2_or3_1                    
-------------------------------------------|-------------------------------------------
X                                          |X                                          
A                                          |A                                          
B                                          |B                                          
C                                          |C                                          
VDD                                        |VDD                                        
VSS                                        |VSS                                        
---------------------------------------------------------------------------------------
Cell pin lists are equivalent.
Device classes sg13g2_or3_1 and sg13g2_or3_1 are equivalent.

Cell sg13g2_buf_4 (0) disconnected node: X
Cell sg13g2_buf_4 (0) disconnected node: A
Cell sg13g2_buf_4 (0) disconnected node: VDD
Cell sg13g2_buf_4 (0) disconnected node: VSS

Subcircuit pins:
Circuit 1: sg13g2_buf_4                    |Circuit 2: sg13g2_buf_4                    
-------------------------------------------|-------------------------------------------
X                                          |X                                          
A                                          |A                                          
VDD                                        |VDD                                        
VSS                                        |VSS                                        
---------------------------------------------------------------------------------------
Cell pin lists are equivalent.
Device classes sg13g2_buf_4 and sg13g2_buf_4 are equivalent.

Cell sg13g2_buf_8 (0) disconnected node: X
Cell sg13g2_buf_8 (0) disconnected node: A
Cell sg13g2_buf_8 (0) disconnected node: VDD
Cell sg13g2_buf_8 (0) disconnected node: VSS

Subcircuit pins:
Circuit 1: sg13g2_buf_8                    |Circuit 2: sg13g2_buf_8                    
-------------------------------------------|-------------------------------------------
X                                          |X                                          
A                                          |A                                          
VDD                                        |VDD                                        
VSS                                        |VSS                                        
---------------------------------------------------------------------------------------
Cell pin lists are equivalent.
Device classes sg13g2_buf_8 and sg13g2_buf_8 are equivalent.

Cell sg13g2_inv_8 (0) disconnected node: Y
Cell sg13g2_inv_8 (0) disconnected node: A
Cell sg13g2_inv_8 (0) disconnected node: VDD
Cell sg13g2_inv_8 (0) disconnected node: VSS

Subcircuit pins:
Circuit 1: sg13g2_inv_8                    |Circuit 2: sg13g2_inv_8                    
-------------------------------------------|-------------------------------------------
Y                                          |Y                                          
A                                          |A                                          
VDD                                        |VDD                                        
VSS                                        |VSS                                        
---------------------------------------------------------------------------------------
Cell pin lists are equivalent.
Device classes sg13g2_inv_8 and sg13g2_inv_8 are equivalent.

Cell sg13g2_inv_2 (0) disconnected node: Y
Cell sg13g2_inv_2 (0) disconnected node: A
Cell sg13g2_inv_2 (0) disconnected node: VDD
Cell sg13g2_inv_2 (0) disconnected node: VSS

Subcircuit pins:
Circuit 1: sg13g2_inv_2                    |Circuit 2: sg13g2_inv_2                    
-------------------------------------------|-------------------------------------------
Y                                          |Y                                          
A                                          |A                                          
VDD                                        |VDD                                        
VSS                                        |VSS                                        
---------------------------------------------------------------------------------------
Cell pin lists are equivalent.
Device classes sg13g2_inv_2 and sg13g2_inv_2 are equivalent.

Cell sg13g2_a21oi_2 (0) disconnected node: Y
Cell sg13g2_a21oi_2 (0) disconnected node: A1
Cell sg13g2_a21oi_2 (0) disconnected node: A2
Cell sg13g2_a21oi_2 (0) disconnected node: B1
Cell sg13g2_a21oi_2 (0) disconnected node: VDD
Cell sg13g2_a21oi_2 (0) disconnected node: VSS

Subcircuit pins:
Circuit 1: sg13g2_a21oi_2                  |Circuit 2: sg13g2_a21oi_2                  
-------------------------------------------|-------------------------------------------
Y                                          |Y                                          
A1                                         |A1                                         
A2                                         |A2                                         
B1                                         |B1                                         
VDD                                        |VDD                                        
VSS                                        |VSS                                        
---------------------------------------------------------------------------------------
Cell pin lists are equivalent.
Device classes sg13g2_a21oi_2 and sg13g2_a21oi_2 are equivalent.

Cell sg13g2_buf_2 (0) disconnected node: X
Cell sg13g2_buf_2 (0) disconnected node: A
Cell sg13g2_buf_2 (0) disconnected node: VDD
Cell sg13g2_buf_2 (0) disconnected node: VSS

Subcircuit pins:
Circuit 1: sg13g2_buf_2                    |Circuit 2: sg13g2_buf_2                    
-------------------------------------------|-------------------------------------------
X                                          |X                                          
A                                          |A                                          
VDD                                        |VDD                                        
VSS                                        |VSS                                        
---------------------------------------------------------------------------------------
Cell pin lists are equivalent.
Device classes sg13g2_buf_2 and sg13g2_buf_2 are equivalent.

Cell sg13g2_buf_16 (0) disconnected node: X
Cell sg13g2_buf_16 (0) disconnected node: A
Cell sg13g2_buf_16 (0) disconnected node: VDD
Cell sg13g2_buf_16 (0) disconnected node: VSS

Subcircuit pins:
Circuit 1: sg13g2_buf_16                   |Circuit 2: sg13g2_buf_16                   
-------------------------------------------|-------------------------------------------
X                                          |X                                          
A                                          |A                                          
VDD                                        |VDD                                        
VSS                                        |VSS                                        
---------------------------------------------------------------------------------------
Cell pin lists are equivalent.
Device classes sg13g2_buf_16 and sg13g2_buf_16 are equivalent.

Cell sg13g2_inv_16 (0) disconnected node: Y
Cell sg13g2_inv_16 (0) disconnected node: A
Cell sg13g2_inv_16 (0) disconnected node: VDD
Cell sg13g2_inv_16 (0) disconnected node: VSS

Subcircuit pins:
Circuit 1: sg13g2_inv_16                   |Circuit 2: sg13g2_inv_16                   
-------------------------------------------|-------------------------------------------
Y                                          |Y                                          
A                                          |A                                          
VDD                                        |VDD                                        
VSS                                        |VSS                                        
---------------------------------------------------------------------------------------
Cell pin lists are equivalent.
Device classes sg13g2_inv_16 and sg13g2_inv_16 are equivalent.

Cell sg13g2_inv_4 (0) disconnected node: Y
Cell sg13g2_inv_4 (0) disconnected node: A
Cell sg13g2_inv_4 (0) disconnected node: VDD
Cell sg13g2_inv_4 (0) disconnected node: VSS

Subcircuit pins:
Circuit 1: sg13g2_inv_4                    |Circuit 2: sg13g2_inv_4                    
-------------------------------------------|-------------------------------------------
Y                                          |Y                                          
A                                          |A                                          
VDD                                        |VDD                                        
VSS                                        |VSS                                        
---------------------------------------------------------------------------------------
Cell pin lists are equivalent.
Device classes sg13g2_inv_4 and sg13g2_inv_4 are equivalent.

Cell sg13g2_nand2b_2 (0) disconnected node: Y
Cell sg13g2_nand2b_2 (0) disconnected node: A_N
Cell sg13g2_nand2b_2 (0) disconnected node: B
Cell sg13g2_nand2b_2 (0) disconnected node: VDD
Cell sg13g2_nand2b_2 (0) disconnected node: VSS

Subcircuit pins:
Circuit 1: sg13g2_nand2b_2                 |Circuit 2: sg13g2_nand2b_2                 
-------------------------------------------|-------------------------------------------
Y                                          |Y                                          
A_N                                        |A_N                                        
B                                          |B                                          
VDD                                        |VDD                                        
VSS                                        |VSS                                        
---------------------------------------------------------------------------------------
Cell pin lists are equivalent.
Device classes sg13g2_nand2b_2 and sg13g2_nand2b_2 are equivalent.

Cell CPU_TOP (0) disconnected node: io_addr[0]
Cell CPU_TOP (0) disconnected node: io_addr[1]
Cell CPU_TOP (0) disconnected node: io_addr[2]
Cell CPU_TOP (0) disconnected node: io_addr[3]
Cell CPU_TOP (0) disconnected node: io_addr[4]
Cell CPU_TOP (0) disconnected node: io_addr[5]
Cell CPU_TOP (0) disconnected node: io_addr[6]
Cell CPU_TOP (0) disconnected node: io_addr[7]
Cell CPU_TOP (1) disconnected node: io_addr[7]
Cell CPU_TOP (1) disconnected node: io_addr[6]
Cell CPU_TOP (1) disconnected node: io_addr[5]
Cell CPU_TOP (1) disconnected node: io_addr[4]
Cell CPU_TOP (1) disconnected node: io_addr[3]
Cell CPU_TOP (1) disconnected node: io_addr[2]
Cell CPU_TOP (1) disconnected node: io_addr[1]
Cell CPU_TOP (1) disconnected node: io_addr[0]
Class CPU_TOP (0):  Merged 5536 parallel devices.
Class CPU_TOP (1):  Merged 5536 parallel devices.
Cell CPU_TOP (0) disconnected node: io_addr[0]
Cell CPU_TOP (0) disconnected node: io_addr[1]
Cell CPU_TOP (0) disconnected node: io_addr[2]
Cell CPU_TOP (0) disconnected node: io_addr[3]
Cell CPU_TOP (0) disconnected node: io_addr[4]
Cell CPU_TOP (0) disconnected node: io_addr[5]
Cell CPU_TOP (0) disconnected node: io_addr[6]
Cell CPU_TOP (0) disconnected node: io_addr[7]
Cell CPU_TOP (1) disconnected node: io_addr[7]
Cell CPU_TOP (1) disconnected node: io_addr[6]
Cell CPU_TOP (1) disconnected node: io_addr[5]
Cell CPU_TOP (1) disconnected node: io_addr[4]
Cell CPU_TOP (1) disconnected node: io_addr[3]
Cell CPU_TOP (1) disconnected node: io_addr[2]
Cell CPU_TOP (1) disconnected node: io_addr[1]
Cell CPU_TOP (1) disconnected node: io_addr[0]
Subcircuit summary:
Circuit 1: CPU_TOP                         |Circuit 2: CPU_TOP                         
-------------------------------------------|-------------------------------------------
sg13g2_a22oi_1 (205)                       |sg13g2_a22oi_1 (205)                       
sg13g2_nor2_1 (210)                        |sg13g2_nor2_1 (210)                        
sg13g2_decap_8 (2936->1)                   |sg13g2_decap_8 (2936->1)                   
sg13g2_a21oi_1 (246)                       |sg13g2_a21oi_1 (246)                       
sg13g2_nand4_1 (75)                        |sg13g2_nand4_1 (75)                        
sg13g2_o21ai_1 (277)                       |sg13g2_o21ai_1 (277)                       
sg13g2_fill_1 (983->1)                     |sg13g2_fill_1 (983->1)                     
sg13g2_decap_4 (717->1)                    |sg13g2_decap_4 (717->1)                    
sg13g2_inv_1 (400)                         |sg13g2_inv_1 (400)                         
sg13g2_nand2b_1 (66)                       |sg13g2_nand2b_1 (66)                       
sg13g2_xnor2_1 (137)                       |sg13g2_xnor2_1 (137)                       
sg13g2_nor4_2 (3)                          |sg13g2_nor4_2 (3)                          
sg13g2_nor2b_1 (41)                        |sg13g2_nor2b_1 (41)                        
sg13g2_buf_1 (626)                         |sg13g2_buf_1 (626)                         
sg13g2_nor3_1 (65)                         |sg13g2_nor3_1 (65)                         
sg13g2_dfrbpq_1 (260)                      |sg13g2_dfrbpq_1 (260)                      
sg13g2_mux2_1 (225)                        |sg13g2_mux2_1 (225)                        
sg13g2_fill_2 (904->1)                     |sg13g2_fill_2 (904->1)                     
sg13g2_nand2_1 (200)                       |sg13g2_nand2_1 (200)                       
sg13g2_and3_1 (13)                         |sg13g2_and3_1 (13)                         
sg13g2_and2_1 (67)                         |sg13g2_and2_1 (67)                         
sg13g2_and4_1 (19)                         |sg13g2_and4_1 (19)                         
sg13g2_nand3_1 (73)                        |sg13g2_nand3_1 (73)                        
sg13g2_dlygate4sd3_1 (281)                 |sg13g2_dlygate4sd3_1 (281)                 
sg13g2_a21o_1 (45)                         |sg13g2_a21o_1 (45)                         
sg13g2_a221oi_1 (103)                      |sg13g2_a221oi_1 (103)                      
sg13g2_xor2_1 (31)                         |sg13g2_xor2_1 (31)                         
sg13g2_nor3_2 (4)                          |sg13g2_nor3_2 (4)                          
sg13g2_nand3b_1 (18)                       |sg13g2_nand3b_1 (18)                       
sg13g2_or4_1 (10)                          |sg13g2_or4_1 (10)                          
sg13g2_or2_1 (55)                          |sg13g2_or2_1 (55)                          
sg13g2_nor4_1 (37)                         |sg13g2_nor4_1 (37)                         
sg13g2_or3_1 (9)                           |sg13g2_or3_1 (9)                           
sg13g2_buf_4 (2)                           |sg13g2_buf_4 (2)                           
sg13g2_buf_8 (27)                          |sg13g2_buf_8 (27)                          
sg13g2_inv_8 (2)                           |sg13g2_inv_8 (2)                           
sg13g2_inv_2 (6)                           |sg13g2_inv_2 (6)                           
sg13g2_a21oi_2 (5)                         |sg13g2_a21oi_2 (5)                         
sg13g2_buf_2 (14)                          |sg13g2_buf_2 (14)                          
sg13g2_buf_16 (5)                          |sg13g2_buf_16 (5)                          
sg13g2_inv_16 (1)                          |sg13g2_inv_16 (1)                          
sg13g2_inv_4 (3)                           |sg13g2_inv_4 (3)                           
sg13g2_nand2b_2 (1)                        |sg13g2_nand2b_2 (1)                        
Number of devices: 3871                    |Number of devices: 3871                    
Number of nets: 3967                       |Number of nets: 3967                       
---------------------------------------------------------------------------------------
Netlists match uniquely.

Subcircuit pins:
Circuit 1: CPU_TOP                         |Circuit 2: CPU_TOP                         
-------------------------------------------|-------------------------------------------
clk                                        |clk                                        
imem_data[18]                              |imem_data[18]                              
imem_data[20]                              |imem_data[20]                              
imem_data[27]                              |imem_data[27]                              
imem_data[14]                              |imem_data[14]                              
imem_data[13]                              |imem_data[13]                              
imem_data[3]                               |imem_data[3]                               
imem_data[12]                              |imem_data[12]                              
imem_data[10]                              |imem_data[10]                              
imem_data[1]                               |imem_data[1]                               
imem_data[2]                               |imem_data[2]                               
imem_data[19]                              |imem_data[19]                              
imem_data[7]                               |imem_data[7]                               
imem_data[6]                               |imem_data[6]                               
imem_data[5]                               |imem_data[5]                               
imem_data[4]                               |imem_data[4]                               
imem_data[8]                               |imem_data[8]                               
imem_data[31]                              |imem_data[31]                              
imem_data[30]                              |imem_data[30]                              
imem_data[0]                               |imem_data[0]                               
imem_data[9]                               |imem_data[9]                               
imem_data[17]                              |imem_data[17]                              
dmem_rdata[26]                             |dmem_rdata[26]                             
imem_data[24]                              |imem_data[24]                              
dmem_rdata[27]                             |dmem_rdata[27]                             
dmem_rdata[5]                              |dmem_rdata[5]                              
io_rdata[29]                               |io_rdata[29]                               
io_rdata[30]                               |io_rdata[30]                               
io_rdata[31]                               |io_rdata[31]                               
io_rdata[28]                               |io_rdata[28]                               
io_rdata[9]                                |io_rdata[9]                                
io_rdata[27]                               |io_rdata[27]                               
dmem_rdata[12]                             |dmem_rdata[12]                             
io_rdata[12]                               |io_rdata[12]                               
io_rdata[26]                               |io_rdata[26]                               
io_rdata[7]                                |io_rdata[7]                                
imem_data[21]                              |imem_data[21]                              
imem_data[22]                              |imem_data[22]                              
imem_data[25]                              |imem_data[25]                              
io_rdata[14]                               |io_rdata[14]                               
io_rdata[19]                               |io_rdata[19]                               
io_rdata[5]                                |io_rdata[5]                                
io_rdata[8]                                |io_rdata[8]                                
io_rdata[6]                                |io_rdata[6]                                
io_rdata[4]                                |io_rdata[4]                                
dmem_rdata[25]                             |dmem_rdata[25]                             
dmem_rdata[24]                             |dmem_rdata[24]                             
io_rdata[0]                                |io_rdata[0]                                
io_rdata[10]                               |io_rdata[10]                               
io_rdata[13]                               |io_rdata[13]                               
io_rdata[15]                               |io_rdata[15]                               
io_rdata[17]                               |io_rdata[17]                               
io_rdata[1]                                |io_rdata[1]                                
dmem_rdata[6]                              |dmem_rdata[6]                              
dmem_rdata[23]                             |dmem_rdata[23]                             
dmem_rdata[4]                              |dmem_rdata[4]                              
dmem_rdata[22]                             |dmem_rdata[22]                             
dmem_rdata[21]                             |dmem_rdata[21]                             
dmem_rdata[31]                             |dmem_rdata[31]                             
dmem_rdata[20]                             |dmem_rdata[20]                             
dmem_rdata[2]                              |dmem_rdata[2]                              
dmem_rdata[1]                              |dmem_rdata[1]                              
dmem_rdata[29]                             |dmem_rdata[29]                             
dmem_rdata[30]                             |dmem_rdata[30]                             
dmem_rdata[16]                             |dmem_rdata[16]                             
dmem_rdata[28]                             |dmem_rdata[28]                             
dmem_rdata[15]                             |dmem_rdata[15]                             
dmem_rdata[8]                              |dmem_rdata[8]                              
dmem_rdata[14]                             |dmem_rdata[14]                             
dmem_rdata[7]                              |dmem_rdata[7]                              
dmem_rdata[11]                             |dmem_rdata[11]                             
dmem_rdata[10]                             |dmem_rdata[10]                             
dmem_rdata[0]                              |dmem_rdata[0]                              
io_rdata[18]                               |io_rdata[18]                               
io_rdata[20]                               |io_rdata[20]                               
io_rdata[22]                               |io_rdata[22]                               
io_rdata[23]                               |io_rdata[23]                               
io_rdata[24]                               |io_rdata[24]                               
io_rdata[21]                               |io_rdata[21]                               
io_rdata[11]                               |io_rdata[11]                               
io_rdata[2]                                |io_rdata[2]                                
io_rdata[25]                               |io_rdata[25]                               
dmem_rdata[3]                              |dmem_rdata[3]                              
dmem_rdata[17]                             |dmem_rdata[17]                             
dmem_rdata[19]                             |dmem_rdata[19]                             
dmem_rdata[9]                              |dmem_rdata[9]                              
dmem_rdata[18]                             |dmem_rdata[18]                             
dmem_rdata[13]                             |dmem_rdata[13]                             
io_rdata[16]                               |io_rdata[16]                               
io_rdata[3]                                |io_rdata[3]                                
imem_data[15]                              |imem_data[15]                              
imem_data[23]                              |imem_data[23]                              
imem_data[11]                              |imem_data[11]                              
imem_data[29]                              |imem_data[29]                              
rst                                        |rst                                        
imem_data[28]                              |imem_data[28]                              
imem_data[26]                              |imem_data[26]                              
imem_data[16]                              |imem_data[16]                              
dmem_wdata[15]                             |dmem_wdata[15]                             
dmem_wdata[24]                             |dmem_wdata[24]                             
dmem_wdata[13]                             |dmem_wdata[13]                             
dmem_wdata[21]                             |dmem_wdata[21]                             
dmem_wdata[26]                             |dmem_wdata[26]                             
imem_addr[23]                              |imem_addr[23]                              
dmem_wdata[3]                              |dmem_wdata[3]                              
dmem_wdata[12]                             |dmem_wdata[12]                             
dmem_wdata[31]                             |dmem_wdata[31]                             
imem_addr[29]                              |imem_addr[29]                              
dmem_wdata[28]                             |dmem_wdata[28]                             
imem_addr[17]                              |imem_addr[17]                              
dmem_wdata[27]                             |dmem_wdata[27]                             
dmem_wdata[16]                             |dmem_wdata[16]                             
dmem_wdata[14]                             |dmem_wdata[14]                             
dmem_wdata[23]                             |dmem_wdata[23]                             
dmem_wdata[22]                             |dmem_wdata[22]                             
dmem_wdata[30]                             |dmem_wdata[30]                             
dmem_wdata[10]                             |dmem_wdata[10]                             
dmem_wdata[20]                             |dmem_wdata[20]                             
imem_addr[2]                               |imem_addr[2]                               
dmem_wdata[19]                             |dmem_wdata[19]                             
dmem_wdata[18]                             |dmem_wdata[18]                             
dmem_wdata[8]                              |dmem_wdata[8]                              
dmem_wdata[17]                             |dmem_wdata[17]                             
dmem_wdata[5]                              |dmem_wdata[5]                              
dmem_wdata[4]                              |dmem_wdata[4]                              
imem_addr[3]                               |imem_addr[3]                               
dmem_wdata[11]                             |dmem_wdata[11]                             
imem_addr[20]                              |imem_addr[20]                              
dmem_wdata[2]                              |dmem_wdata[2]                              
dmem_rd                                    |dmem_rd                                    
dmem_wdata[9]                              |dmem_wdata[9]                              
imem_addr[16]                              |imem_addr[16]                              
dmem_wdata[7]                              |dmem_wdata[7]                              
imem_addr[6]                               |imem_addr[6]                               
dmem_wdata[25]                             |dmem_wdata[25]                             
dmem_wdata[6]                              |dmem_wdata[6]                              
imem_addr[14]                              |imem_addr[14]                              
imem_addr[13]                              |imem_addr[13]                              
imem_addr[22]                              |imem_addr[22]                              
imem_addr[12]                              |imem_addr[12]                              
imem_addr[21]                              |imem_addr[21]                              
imem_addr[11]                              |imem_addr[11]                              
imem_addr[10]                              |imem_addr[10]                              
dmem_wdata[1]                              |dmem_wdata[1]                              
imem_addr[19]                              |imem_addr[19]                              
imem_addr[18]                              |imem_addr[18]                              
imem_addr[8]                               |imem_addr[8]                               
imem_addr[7]                               |imem_addr[7]                               
imem_addr[26]                              |imem_addr[26]                              
imem_addr[5]                               |imem_addr[5]                               
imem_addr[4]                               |imem_addr[4]                               
imem_addr[1]                               |imem_addr[1]                               
imem_addr[0]                               |imem_addr[0]                               
dmem_wdata[0]                              |dmem_wdata[0]                              
imem_addr[9]                               |imem_addr[9]                               
imem_addr[28]                              |imem_addr[28]                              
imem_addr[31]                              |imem_addr[31]                              
imem_addr[15]                              |imem_addr[15]                              
imem_addr[24]                              |imem_addr[24]                              
imem_addr[25]                              |imem_addr[25]                              
imem_addr[27]                              |imem_addr[27]                              
imem_addr[30]                              |imem_addr[30]                              
io_rd                                      |io_rd                                      
dmem_wdata[29]                             |dmem_wdata[29]                             
dmem_addr[1]                               |dmem_addr[1]                               
dmem_addr[19]                              |dmem_addr[19]                              
dmem_addr[29]                              |dmem_addr[29]                              
dmem_addr[28]                              |dmem_addr[28]                              
dmem_addr[9]                               |dmem_addr[9]                               
dmem_addr[27]                              |dmem_addr[27]                              
dmem_addr[8]                               |dmem_addr[8]                               
dmem_addr[7]                               |dmem_addr[7]                               
dmem_addr[26]                              |dmem_addr[26]                              
dmem_addr[6]                               |dmem_addr[6]                               
dmem_addr[15]                              |dmem_addr[15]                              
dmem_addr[25]                              |dmem_addr[25]                              
dmem_addr[14]                              |dmem_addr[14]                              
dmem_addr[24]                              |dmem_addr[24]                              
dmem_addr[5]                               |dmem_addr[5]                               
dmem_addr[13]                              |dmem_addr[13]                              
dmem_addr[16]                              |dmem_addr[16]                              
dmem_addr[3]                               |dmem_addr[3]                               
dmem_addr[4]                               |dmem_addr[4]                               
dmem_addr[12]                              |dmem_addr[12]                              
dmem_addr[31]                              |dmem_addr[31]                              
dmem_addr[11]                              |dmem_addr[11]                              
dmem_addr[30]                              |dmem_addr[30]                              
dmem_addr[17]                              |dmem_addr[17]                              
dmem_addr[18]                              |dmem_addr[18]                              
dmem_addr[20]                              |dmem_addr[20]                              
dmem_addr[21]                              |dmem_addr[21]                              
dmem_addr[22]                              |dmem_addr[22]                              
dmem_addr[23]                              |dmem_addr[23]                              
io_wdata[0]                                |io_wdata[0]                                
dmem_addr[2]                               |dmem_addr[2]                               
dmem_wr                                    |dmem_wr                                    
io_wr                                      |io_wr                                      
io_wdata[29]                               |io_wdata[29]                               
io_wdata[1]                                |io_wdata[1]                                
io_wdata[25]                               |io_wdata[25]                               
io_wdata[6]                                |io_wdata[6]                                
io_wdata[11]                               |io_wdata[11]                               
io_wdata[17]                               |io_wdata[17]                               
io_wdata[2]                                |io_wdata[2]                                
io_wdata[4]                                |io_wdata[4]                                
io_wdata[5]                                |io_wdata[5]                                
io_wdata[7]                                |io_wdata[7]                                
io_wdata[9]                                |io_wdata[9]                                
dmem_addr[10]                              |dmem_addr[10]                              
dmem_addr[0]                               |dmem_addr[0]                               
io_wdata[12]                               |io_wdata[12]                               
io_wdata[26]                               |io_wdata[26]                               
io_wdata[27]                               |io_wdata[27]                               
io_wdata[28]                               |io_wdata[28]                               
io_wdata[31]                               |io_wdata[31]                               
io_wdata[3]                                |io_wdata[3]                                
io_wdata[13]                               |io_wdata[13]                               
io_wdata[15]                               |io_wdata[15]                               
io_wdata[21]                               |io_wdata[21]                               
io_wdata[24]                               |io_wdata[24]                               
io_wdata[10]                               |io_wdata[10]                               
io_wdata[14]                               |io_wdata[14]                               
io_wdata[16]                               |io_wdata[16]                               
io_wdata[18]                               |io_wdata[18]                               
io_wdata[19]                               |io_wdata[19]                               
io_wdata[20]                               |io_wdata[20]                               
io_wdata[22]                               |io_wdata[22]                               
io_wdata[23]                               |io_wdata[23]                               
io_wdata[30]                               |io_wdata[30]                               
io_wdata[8]                                |io_wdata[8]                                
VPWR                                       |VPWR                                       
VGND                                       |VGND                                       
io_addr[0]                                 |io_addr[0]                                 
io_addr[1]                                 |io_addr[1]                                 
io_addr[2]                                 |io_addr[2]                                 
io_addr[3]                                 |io_addr[3]                                 
io_addr[4]                                 |io_addr[4]                                 
io_addr[5]                                 |io_addr[5]                                 
io_addr[6]                                 |io_addr[6]                                 
io_addr[7]                                 |io_addr[7]                                 
---------------------------------------------------------------------------------------
Cell pin lists are equivalent.
Device classes CPU_TOP and CPU_TOP are equivalent.

Final result: Circuits match uniquely.
.
