
===========================================================================
report_checks -unconstrained
===========================================================================
======================= nom_typ_1p20V_25C Corner ===================================

Startpoint: rst (input port clocked by clk)
Endpoint: _5190_ (recovery check against rising-edge clock clk)
Path Group: asynchronous
Path Type: max

Fanout         Cap        Slew       Delay        Time   Description
---------------------------------------------------------------------------------------------
                                  0.000000    0.000000   clock clk (rise edge)
                                  0.000000    0.000000   clock network delay (propagated)
                                  2.000000    2.000000 v input external delay
     1    0.002962    0.017168    0.002065    2.002065 v rst (in)
                                                         rst (net)
                      0.017168    0.000000    2.002065 v input97/A (sg13g2_buf_1)
     3    0.037368    0.120811    0.137749    2.139814 v input97/X (sg13g2_buf_1)
                                                         net97 (net)
                      0.120850    0.001824    2.141639 v fanout545/A (sg13g2_buf_1)
     5    0.058246    0.184934    0.223878    2.365517 v fanout545/X (sg13g2_buf_1)
                                                         net545 (net)
                      0.184943    0.001093    2.366610 v fanout533/A (sg13g2_buf_1)
     4    0.020537    0.074453    0.157984    2.524594 v fanout533/X (sg13g2_buf_1)
                                                         net533 (net)
                      0.074456    0.000484    2.525078 v fanout532/A (sg13g2_buf_1)
     7    0.034153    0.111524    0.155573    2.680651 v fanout532/X (sg13g2_buf_1)
                                                         net532 (net)
                      0.111526    0.000610    2.681261 v fanout530/A (sg13g2_buf_1)
     8    0.034786    0.113684    0.170941    2.852202 v fanout530/X (sg13g2_buf_1)
                                                         net530 (net)
                      0.113684    0.000076    2.852279 v fanout529/A (sg13g2_buf_1)
     8    0.033056    0.108399    0.168008    3.020287 v fanout529/X (sg13g2_buf_1)
                                                         net529 (net)
                      0.108406    0.000944    3.021231 v _4930_/A (sg13g2_inv_1)
     1    0.006098    0.047974    0.062029    3.083260 ^ _4930_/Y (sg13g2_inv_1)
                                                         _0014_ (net)
                      0.047974    0.000072    3.083332 ^ _5190_/RESET_B (sg13g2_dfrbpq_1)
                                              3.083332   data arrival time

                                 10.000000   10.000000   clock clk (rise edge)
                                  0.000000   10.000000   clock source latency
     1    0.047504    0.062106    0.043395   10.043395 ^ clk (in)
                                                         clk (net)
                      0.064078    0.000000   10.043395 ^ clkbuf_0_clk/A (sg13g2_buf_16)
     4    0.109116    0.040964    0.096663   10.140058 ^ clkbuf_0_clk/X (sg13g2_buf_16)
                                                         clknet_0_clk (net)
                      0.044231    0.008942   10.149000 ^ clkbuf_2_0__f_clk/A (sg13g2_buf_16)
     6    0.082010    0.033914    0.083817   10.232818 ^ clkbuf_2_0__f_clk/X (sg13g2_buf_16)
                                                         clknet_2_0__leaf_clk (net)
                      0.033995    0.001116   10.233934 ^ clkbuf_leaf_20_clk/A (sg13g2_buf_8)
    12    0.051779    0.038084    0.083063   10.316998 ^ clkbuf_leaf_20_clk/X (sg13g2_buf_8)
                                                         clknet_leaf_20_clk (net)
                      0.038093    0.000558   10.317555 ^ _5190_/CLK (sg13g2_dfrbpq_1)
                                 -0.250000   10.067555   clock uncertainty
                                  0.000000   10.067555   clock reconvergence pessimism
                                 -0.126029    9.941525   library recovery time
                                              9.941525   data required time
---------------------------------------------------------------------------------------------
                                              9.941525   data required time
                                             -3.083332   data arrival time
---------------------------------------------------------------------------------------------
                                              6.858193   slack (MET)


Startpoint: imem_data[20] (input port clocked by clk)
Endpoint: dmem_addr[31] (output port clocked by clk)
Path Group: clk
Path Type: max

Fanout         Cap        Slew       Delay        Time   Description
---------------------------------------------------------------------------------------------
                                  0.000000    0.000000   clock clk (rise edge)
                                  0.000000    0.000000   clock network delay (propagated)
                                  2.000000    2.000000 ^ input external delay
     1    0.004239    0.021375    0.003507    2.003507 ^ imem_data[20] (in)
                                                         imem_data[20] (net)
                      0.021375    0.000000    2.003507 ^ input45/A (sg13g2_buf_1)
     1    0.008429    0.042926    0.072535    2.076042 ^ input45/X (sg13g2_buf_1)
                                                         net45 (net)
                      0.042928    0.000325    2.076368 ^ fanout593/A (sg13g2_buf_1)
     4    0.038544    0.162358    0.167444    2.243812 ^ fanout593/X (sg13g2_buf_1)
                                                         net593 (net)
                      0.162358    0.000116    2.243927 ^ fanout589/A (sg13g2_buf_1)
     8    0.055558    0.230852    0.256022    2.499949 ^ fanout589/X (sg13g2_buf_1)
                                                         net589 (net)
                      0.230852    0.000227    2.500176 ^ fanout588/A (sg13g2_buf_1)
     8    0.037049    0.157087    0.219862    2.720038 ^ fanout588/X (sg13g2_buf_1)
                                                         net588 (net)
                      0.157097    0.001416    2.721455 ^ _2719_/A_N (sg13g2_nand2b_1)
     2    0.006699    0.053516    0.118784    2.840238 ^ _2719_/Y (sg13g2_nand2b_1)
                                                         _0614_ (net)
                      0.053516    0.000055    2.840293 ^ _2720_/B (sg13g2_nor2_1)
     1    0.005129    0.044313    0.043012    2.883305 v _2720_/Y (sg13g2_nor2_1)
                                                         _0615_ (net)
                      0.044313    0.000110    2.883415 v fanout445/A (sg13g2_buf_1)
     4    0.025074    0.083971    0.122253    3.005668 v fanout445/X (sg13g2_buf_1)
                                                         net445 (net)
                      0.084034    0.001383    3.007051 v fanout444/A (sg13g2_buf_1)
     8    0.050002    0.159271    0.195281    3.202331 v fanout444/X (sg13g2_buf_1)
                                                         net444 (net)
                      0.159333    0.001434    3.203766 v fanout443/A (sg13g2_buf_1)
     8    0.048815    0.156494    0.214762    3.418528 v fanout443/X (sg13g2_buf_1)
                                                         net443 (net)
                      0.156613    0.002842    3.421370 v _2721_/B1 (sg13g2_a22oi_1)
     1    0.003673    0.090944    0.121436    3.542806 ^ _2721_/Y (sg13g2_a22oi_1)
                                                         _0616_ (net)
                      0.090944    0.000031    3.542837 ^ _2727_/B (sg13g2_nand4_1)
     5    0.038529    0.438511    0.396317    3.939154 v _2727_/Y (sg13g2_nand4_1)
                                                         net134 (net)
                      0.438538    0.002891    3.942045 v _4568_/A (sg13g2_or3_1)
     1    0.003558    0.043334    0.229142    4.171187 v _4568_/X (sg13g2_or3_1)
                                                         _2185_ (net)
                      0.043334    0.000047    4.171234 v _4569_/D (sg13g2_or4_1)
     2    0.006042    0.054306    0.168436    4.339670 v _4569_/X (sg13g2_or4_1)
                                                         _2186_ (net)
                      0.054306    0.000068    4.339738 v _4575_/D (sg13g2_or4_1)
     4    0.027470    0.117550    0.249338    4.589076 v _4575_/X (sg13g2_or4_1)
                                                         _2191_ (net)
                      0.117593    0.002171    4.591247 v _4584_/C (sg13g2_nor3_1)
     3    0.014578    0.228448    0.210991    4.802238 ^ _4584_/Y (sg13g2_nor3_1)
                                                         _2198_ (net)
                      0.228448    0.000378    4.802616 ^ _4589_/B_N (sg13g2_nor2b_1)
     2    0.009399    0.119649    0.187184    4.989800 ^ _4589_/Y (sg13g2_nor2b_1)
                                                         _2202_ (net)
                      0.119649    0.000093    4.989893 ^ _4593_/B (sg13g2_nand2b_1)
     2    0.009700    0.076585    0.108728    5.098621 v _4593_/Y (sg13g2_nand2b_1)
                                                         _2205_ (net)
                      0.076585    0.000146    5.098767 v _4597_/B (sg13g2_nor2_1)
     2    0.008983    0.136029    0.102903    5.201670 ^ _4597_/Y (sg13g2_nor2_1)
                                                         _2208_ (net)
                      0.136029    0.000068    5.201738 ^ _4601_/B (sg13g2_nand2b_1)
     3    0.012971    0.097041    0.129899    5.331637 v _4601_/Y (sg13g2_nand2b_1)
                                                         _2211_ (net)
                      0.097041    0.000191    5.331828 v _4608_/C (sg13g2_nor3_1)
     3    0.012701    0.216328    0.187290    5.519118 ^ _4608_/Y (sg13g2_nor3_1)
                                                         _2216_ (net)
                      0.216328    0.000105    5.519223 ^ _4613_/B (sg13g2_nand2b_1)
     3    0.009597    0.088434    0.131176    5.650399 v _4613_/Y (sg13g2_nand2b_1)
                                                         _2220_ (net)
                      0.088434    0.000068    5.650466 v _4623_/D (sg13g2_or4_1)
     4    0.019639    0.099212    0.235630    5.886096 v _4623_/X (sg13g2_or4_1)
                                                         _2228_ (net)
                      0.099224    0.001033    5.887130 v _4630_/C (sg13g2_nor3_1)
     3    0.012541    0.193173    0.186468    6.073597 ^ _4630_/Y (sg13g2_nor3_1)
                                                         _2233_ (net)
                      0.193173    0.000197    6.073794 ^ _4633_/B (sg13g2_nand2b_1)
     5    0.015762    0.121767    0.161607    6.235401 v _4633_/Y (sg13g2_nand2b_1)
                                                         _2235_ (net)
                      0.121767    0.000093    6.235494 v _4639_/C (sg13g2_or3_1)
     2    0.008973    0.055424    0.175757    6.411251 v _4639_/X (sg13g2_or3_1)
                                                         _2239_ (net)
                      0.055424    0.000046    6.411296 v _4642_/S (sg13g2_mux2_1)
     1    0.003906    0.035810    0.140258    6.551554 ^ _4642_/X (sg13g2_mux2_1)
                                                         net122 (net)
                      0.035810    0.000054    6.551609 ^ output122/A (sg13g2_buf_1)
     1    0.006000    0.035257    0.071720    6.623328 ^ output122/X (sg13g2_buf_1)
                                                         dmem_addr[31] (net)
                      0.035257    0.000000    6.623328 ^ dmem_addr[31] (out)
                                              6.623328   data arrival time

                                 10.000000   10.000000   clock clk (rise edge)
                                  0.000000   10.000000   clock network delay (propagated)
                                 -0.250000    9.750000   clock uncertainty
                                  0.000000    9.750000   clock reconvergence pessimism
                                 -2.000000    7.750000   output external delay
                                              7.750000   data required time
---------------------------------------------------------------------------------------------
                                              7.750000   data required time
                                             -6.623328   data arrival time
---------------------------------------------------------------------------------------------
                                              1.126672   slack (MET)




===========================================================================
report_checks --slack_max -0.01
============================================================================
======================= nom_typ_1p20V_25C Corner ===================================

No paths found.


===========================================================================
 report_check_types -max_slew -max_cap -max_fanout -violators
============================================================================
======================= nom_typ_1p20V_25C Corner ===================================

max fanout

Pin                                   Limit Fanout  Slack
---------------------------------------------------------
clkbuf_leaf_0_clk/X                       8     14     -6 (VIOLATED)
clkbuf_leaf_12_clk/X                      8     14     -6 (VIOLATED)
clkbuf_leaf_3_clk/X                       8     14     -6 (VIOLATED)
clkbuf_leaf_11_clk/X                      8     13     -5 (VIOLATED)
clkbuf_leaf_21_clk/X                      8     13     -5 (VIOLATED)
clkbuf_leaf_2_clk/X                       8     13     -5 (VIOLATED)
clkbuf_leaf_4_clk/X                       8     13     -5 (VIOLATED)
clkbuf_leaf_5_clk/X                       8     13     -5 (VIOLATED)
clkbuf_leaf_7_clk/X                       8     13     -5 (VIOLATED)
clkbuf_leaf_8_clk/X                       8     13     -5 (VIOLATED)
clkbuf_leaf_9_clk/X                       8     13     -5 (VIOLATED)
clkbuf_leaf_10_clk/X                      8     12     -4 (VIOLATED)
clkbuf_leaf_19_clk/X                      8     12     -4 (VIOLATED)
clkbuf_leaf_1_clk/X                       8     12     -4 (VIOLATED)
clkbuf_leaf_20_clk/X                      8     12     -4 (VIOLATED)
clkbuf_leaf_22_clk/X                      8     12     -4 (VIOLATED)
clkbuf_leaf_6_clk/X                       8     12     -4 (VIOLATED)
clkbuf_leaf_14_clk/X                      8     11     -3 (VIOLATED)
clkbuf_leaf_15_clk/X                      8     11     -3 (VIOLATED)
clkbuf_leaf_18_clk/X                      8     11     -3 (VIOLATED)



===========================================================================
report_parasitic_annotation -report_unannotated
============================================================================
Found 25 unannotated drivers.
 io_addr[0]
 io_addr[1]
 io_addr[2]
 io_addr[3]
 io_addr[4]
 io_addr[5]
 io_addr[6]
 io_addr[7]
 clkload0/Y
 clkload1/Y
 clkload10/Y
 clkload11/Y
 clkload12/X
 clkload13/Y
 clkload14/Y
 clkload15/Y
 clkload16/Y
 clkload2/Y
 clkload3/Y
 clkload4/Y
 clkload5/Y
 clkload6/X
 clkload7/Y
 clkload8/Y
 clkload9/Y
Found 132 partially unannotated drivers.
 output100/X
 output101/X
 output102/X
 output103/X
 output104/X
 output105/X
 output106/X
 output107/X
 output108/X
 output109/X
 output110/X
 output111/X
 output112/X
 output113/X
 output114/X
 output115/X
 output116/X
 output117/X
 output118/X
 output119/X
 output120/X
 output121/X
 output122/X
 output123/X
 output124/X
 output125/X
 output126/X
 output127/X
 output128/X
 output129/X
 output130/X
 output131/X
 output132/X
 output133/X
 output134/X
 output135/X
 output136/X
 output137/X
 output138/X
 output139/X
 output140/X
 output141/X
 output142/X
 output143/X
 output144/X
 output145/X
 output146/X
 output147/X
 output148/X
 output149/X
 output150/X
 output151/X
 output152/X
 output153/X
 output154/X
 output155/X
 output156/X
 output157/X
 output158/X
 output159/X
 output160/X
 output161/X
 output162/X
 output163/X
 output164/X
 output165/X
 output166/X
 output167/X
 output168/X
 output169/X
 output170/X
 output171/X
 output172/X
 output173/X
 output174/X
 output175/X
 output176/X
 output177/X
 output178/X
 output179/X
 output180/X
 output181/X
 output182/X
 output183/X
 output184/X
 output185/X
 output186/X
 output187/X
 output188/X
 output189/X
 output190/X
 output191/X
 output192/X
 output193/X
 output194/X
 output195/X
 output196/X
 output197/X
 output198/X
 output199/X
 output200/X
 output201/X
 output202/X
 output203/X
 output204/X
 output205/X
 output206/X
 output207/X
 output208/X
 output209/X
 output210/X
 output211/X
 output212/X
 output213/X
 output214/X
 output215/X
 output216/X
 output217/X
 output218/X
 output219/X
 output220/X
 output221/X
 output222/X
 output223/X
 output224/X
 output225/X
 output226/X
 output227/X
 output228/X
 output229/X
 output98/X
 output99/X

===========================================================================
max slew violation count 0
Writing metric design__max_slew_violation__count__corner:nom_typ_1p20V_25C: 0
max fanout violation count 20
Writing metric design__max_fanout_violation__count__corner:nom_typ_1p20V_25C: 20
max cap violation count 0
Writing metric design__max_cap_violation__count__corner:nom_typ_1p20V_25C: 0
============================================================================

===========================================================================
check_setup -verbose -unconstrained_endpoints -multiple_clock -no_clock -no_input_delay -loops -generated_clocks
===========================================================================
