
===========================================================================
 report_power
============================================================================
======================= nom_typ_1p20V_25C Corner ===================================

Group                    Internal    Switching      Leakage        Total
                            Power        Power        Power        Power (Watts)
------------------------------------------------------------------------
Sequential           2.094679e-03 2.065358e-04 1.313200e-07 2.301346e-03  47.3%
Combinational        8.786106e-04 1.145016e-03 3.993112e-07 2.024026e-03  41.6%
Clock                2.814342e-04 2.553435e-04 2.865246e-08 5.368064e-04  11.0%
Macro                0.000000e+00 0.000000e+00 0.000000e+00 0.000000e+00   0.0%
Pad                  0.000000e+00 0.000000e+00 0.000000e+00 0.000000e+00   0.0%
------------------------------------------------------------------------
Total                3.254724e-03 1.606897e-03 5.592845e-07 4.862180e-03 100.0%
                            66.9%        33.0%         0.0%
Writing metric power__internal__total: 0.0032547235023230314
Writing metric power__switching__total: 0.0016068965196609497
Writing metric power__leakage__total: 5.592845013779879e-7
Writing metric power__total: 0.004862179514020681

