
===========================================================================
report_checks -unconstrained
===========================================================================
======================= nom_typ_1p20V_25C Corner ===================================

Startpoint: rst (input port clocked by clk)
Endpoint: _5190_ (recovery check against rising-edge clock clk)
Path Group: asynchronous
Path Type: max

Fanout         Cap        Slew       Delay        Time   Description
---------------------------------------------------------------------------------------------
                                  0.000000    0.000000   clock clk (rise edge)
                                  0.000000    0.000000   clock network delay (propagated)
                                  2.000000    2.000000 v input external delay
     1    0.002898    0.017118    0.002107    2.002107 v rst (in)
                                                         rst (net)
                      0.017118    0.000000    2.002107 v input97/A (sg13g2_buf_1)
     3    0.040572    0.130731    0.143363    2.145470 v input97/X (sg13g2_buf_1)
                                                         net97 (net)
                      0.130886    0.003736    2.149206 v fanout545/A (sg13g2_buf_1)
     5    0.090256    0.281110    0.294762    2.443968 v fanout545/X (sg13g2_buf_1)
                                                         net545 (net)
                      0.281414    0.007761    2.451729 v fanout533/A (sg13g2_buf_1)
     4    0.027202    0.092720    0.192609    2.644338 v fanout533/X (sg13g2_buf_1)
                                                         net533 (net)
                      0.092774    0.002059    2.646397 v fanout532/A (sg13g2_buf_1)
     7    0.041306    0.132674    0.178408    2.824805 v fanout532/X (sg13g2_buf_1)
                                                         net532 (net)
                      0.132701    0.001615    2.826420 v fanout530/A (sg13g2_buf_1)
     8    0.046006    0.147182    0.200216    3.026636 v fanout530/X (sg13g2_buf_1)
                                                         net530 (net)
                      0.147186    0.000974    3.027610 v fanout529/A (sg13g2_buf_1)
     8    0.038261    0.124110    0.187643    3.215252 v fanout529/X (sg13g2_buf_1)
                                                         net529 (net)
                      0.124257    0.003068    3.218321 v _4930_/A (sg13g2_inv_1)
     1    0.007654    0.056424    0.071575    3.289895 ^ _4930_/Y (sg13g2_inv_1)
                                                         _0014_ (net)
                      0.056432    0.000538    3.290433 ^ _5190_/RESET_B (sg13g2_dfrbpq_1)
                                              3.290433   data arrival time

                                 10.000000   10.000000   clock clk (rise edge)
                                  0.000000   10.000000   clock source latency
     1    0.054823    0.069676    0.054488   10.054488 ^ clk (in)
                                                         clk (net)
                      0.077111    0.000000   10.054488 ^ clkbuf_0_clk/A (sg13g2_buf_16)
     4    0.117400    0.043640    0.103813   10.158301 ^ clkbuf_0_clk/X (sg13g2_buf_16)
                                                         clknet_0_clk (net)
                      0.047032    0.009317   10.167618 ^ clkbuf_2_0__f_clk/A (sg13g2_buf_16)
     6    0.099741    0.038250    0.086454   10.254072 ^ clkbuf_2_0__f_clk/X (sg13g2_buf_16)
                                                         clknet_2_0__leaf_clk (net)
                      0.039383    0.004738   10.258811 ^ clkbuf_leaf_20_clk/A (sg13g2_buf_8)
    12    0.061874    0.043247    0.088281   10.347093 ^ clkbuf_leaf_20_clk/X (sg13g2_buf_8)
                                                         clknet_leaf_20_clk (net)
                      0.043588    0.002995   10.350087 ^ _5190_/CLK (sg13g2_dfrbpq_1)
                                 -0.250000   10.100087   clock uncertainty
                                  0.000000   10.100087   clock reconvergence pessimism
                                 -0.127826    9.972260   library recovery time
                                              9.972260   data required time
---------------------------------------------------------------------------------------------
                                              9.972260   data required time
                                             -3.290433   data arrival time
---------------------------------------------------------------------------------------------
                                              6.681828   slack (MET)


Startpoint: imem_data[22] (input port clocked by clk)
Endpoint: dmem_addr[31] (output port clocked by clk)
Path Group: clk
Path Type: max

Fanout         Cap        Slew       Delay        Time   Description
---------------------------------------------------------------------------------------------
                                  0.000000    0.000000   clock clk (rise edge)
                                  0.000000    0.000000   clock network delay (propagated)
                                  2.000000    2.000000 ^ input external delay
     1    0.003926    0.021085    0.003280    2.003280 ^ imem_data[22] (in)
                                                         imem_data[22] (net)
                      0.021086    0.000000    2.003280 ^ input47/A (sg13g2_buf_1)
     1    0.005778    0.032645    0.064697    2.067977 ^ input47/X (sg13g2_buf_1)
                                                         net47 (net)
                      0.032645    0.000195    2.068173 ^ fanout585/A (sg13g2_buf_1)
     5    0.039425    0.166276    0.162378    2.230551 ^ fanout585/X (sg13g2_buf_1)
                                                         net585 (net)
                      0.166506    0.005102    2.235653 ^ fanout584/A (sg13g2_buf_1)
     8    0.033547    0.142440    0.195031    2.430684 ^ fanout584/X (sg13g2_buf_1)
                                                         net584 (net)
                      0.142575    0.003599    2.434283 ^ _2713_/B (sg13g2_or2_1)
     1    0.003925    0.030563    0.107753    2.542036 ^ _2713_/X (sg13g2_or2_1)
                                                         _0608_ (net)
                      0.030563    0.000255    2.542291 ^ fanout509/A (sg13g2_buf_1)
     4    0.044125    0.184782    0.177202    2.719493 ^ fanout509/X (sg13g2_buf_1)
                                                         net509 (net)
                      0.184825    0.002335    2.721828 ^ fanout508/A (sg13g2_buf_2)
     8    0.068752    0.147182    0.219207    2.941035 ^ fanout508/X (sg13g2_buf_2)
                                                         net508 (net)
                      0.147998    0.008870    2.949905 ^ fanout507/A (sg13g2_buf_1)
     5    0.045385    0.190242    0.222661    3.172565 ^ fanout507/X (sg13g2_buf_1)
                                                         net507 (net)
                      0.190392    0.004398    3.176963 ^ _2940_/B1 (sg13g2_o21ai_1)
     1    0.004384    0.064747    0.084951    3.261914 v _2940_/Y (sg13g2_o21ai_1)
                                                         _0823_ (net)
                      0.064747    0.000308    3.262222 v _2943_/C1 (sg13g2_a221oi_1)
     1    0.004342    0.123485    0.102829    3.365051 ^ _2943_/Y (sg13g2_a221oi_1)
                                                         _0826_ (net)
                      0.123487    0.000309    3.365360 ^ _2945_/A2 (sg13g2_a21oi_1)
     6    0.048093    0.289703    0.285460    3.650820 v _2945_/Y (sg13g2_a21oi_1)
                                                         net161 (net)
                      0.289816    0.004773    3.655593 v _4566_/D (sg13g2_nor4_1)
     1    0.003893    0.160092    0.174065    3.829658 ^ _4566_/Y (sg13g2_nor4_1)
                                                         _2183_ (net)
                      0.160092    0.000156    3.829814 ^ _4567_/A (sg13g2_inv_1)
     2    0.009844    0.061991    0.086549    3.916363 v _4567_/Y (sg13g2_inv_1)
                                                         _2184_ (net)
                      0.061996    0.000568    3.916931 v _4575_/D (sg13g2_or4_1)
     2    0.028595    0.123562    0.253188    4.170119 v _4575_/X (sg13g2_or4_1)
                                                         _2191_ (net)
                      0.123852    0.005220    4.175339 v _4584_/C (sg13g2_nor3_2)
     3    0.015740    0.156666    0.144210    4.319550 ^ _4584_/Y (sg13g2_nor3_2)
                                                         _2198_ (net)
                      0.156714    0.002129    4.321678 ^ _4589_/B_N (sg13g2_nor2b_1)
     2    0.010372    0.137750    0.176865    4.498543 ^ _4589_/Y (sg13g2_nor2b_1)
                                                         _2202_ (net)
                      0.137755    0.000707    4.499250 ^ _4593_/B (sg13g2_nand2b_1)
     2    0.011147    0.087298    0.120397    4.619647 v _4593_/Y (sg13g2_nand2b_1)
                                                         _2205_ (net)
                      0.087345    0.001067    4.620714 v _4597_/B (sg13g2_nor2_1)
     2    0.009394    0.153794    0.109145    4.729859 ^ _4597_/Y (sg13g2_nor2_1)
                                                         _2208_ (net)
                      0.153794    0.000417    4.730276 ^ _4601_/B (sg13g2_nand2b_1)
     3    0.017086    0.123813    0.156438    4.886714 v _4601_/Y (sg13g2_nand2b_1)
                                                         _2211_ (net)
                      0.123820    0.000975    4.887689 v _4608_/C (sg13g2_nor3_2)
     3    0.013356    0.165240    0.133455    5.021143 ^ _4608_/Y (sg13g2_nor3_2)
                                                         _2216_ (net)
                      0.165240    0.000508    5.021652 ^ _4613_/B (sg13g2_nand2b_1)
     3    0.010432    0.086666    0.124580    5.146233 v _4613_/Y (sg13g2_nand2b_1)
                                                         _2220_ (net)
                      0.086668    0.000540    5.146772 v _4623_/D (sg13g2_or4_1)
     4    0.025174    0.110006    0.253744    5.400517 v _4623_/X (sg13g2_or4_1)
                                                         _2228_ (net)
                      0.110086    0.002697    5.403214 v _4630_/C (sg13g2_nor3_2)
     3    0.020315    0.164917    0.162408    5.565621 ^ _4630_/Y (sg13g2_nor3_2)
                                                         _2233_ (net)
                      0.164937    0.001480    5.567101 ^ _4633_/B (sg13g2_nand2b_2)
     5    0.017982    0.086659    0.111335    5.678437 v _4633_/Y (sg13g2_nand2b_2)
                                                         _2235_ (net)
                      0.086700    0.000855    5.679292 v _4639_/C (sg13g2_or3_1)
     2    0.009797    0.058409    0.166974    5.846266 v _4639_/X (sg13g2_or3_1)
                                                         _2239_ (net)
                      0.058413    0.000539    5.846806 v _4642_/S (sg13g2_mux2_1)
     1    0.006380    0.044371    0.149078    5.995883 ^ _4642_/X (sg13g2_mux2_1)
                                                         net122 (net)
                      0.044383    0.000377    5.996260 ^ output122/A (sg13g2_buf_1)
     1    0.009078    0.046021    0.084141    6.080401 ^ output122/X (sg13g2_buf_1)
                                                         dmem_addr[31] (net)
                      0.046029    0.000591    6.080992 ^ dmem_addr[31] (out)
                                              6.080992   data arrival time

                                 10.000000   10.000000   clock clk (rise edge)
                                  0.000000   10.000000   clock network delay (propagated)
                                 -0.250000    9.750000   clock uncertainty
                                  0.000000    9.750000   clock reconvergence pessimism
                                 -2.000000    7.750000   output external delay
                                              7.750000   data required time
---------------------------------------------------------------------------------------------
                                              7.750000   data required time
                                             -6.080992   data arrival time
---------------------------------------------------------------------------------------------
                                              1.669008   slack (MET)




===========================================================================
report_checks --slack_max -0.01
============================================================================
======================= nom_typ_1p20V_25C Corner ===================================

No paths found.


===========================================================================
 report_check_types -max_slew -max_cap -max_fanout -violators
============================================================================
======================= nom_typ_1p20V_25C Corner ===================================

max fanout

Pin                                   Limit Fanout  Slack
---------------------------------------------------------
clkbuf_leaf_0_clk/X                       8     14     -6 (VIOLATED)
clkbuf_leaf_12_clk/X                      8     14     -6 (VIOLATED)
clkbuf_leaf_3_clk/X                       8     14     -6 (VIOLATED)
clkbuf_leaf_11_clk/X                      8     13     -5 (VIOLATED)
clkbuf_leaf_21_clk/X                      8     13     -5 (VIOLATED)
clkbuf_leaf_2_clk/X                       8     13     -5 (VIOLATED)
clkbuf_leaf_4_clk/X                       8     13     -5 (VIOLATED)
clkbuf_leaf_5_clk/X                       8     13     -5 (VIOLATED)
clkbuf_leaf_7_clk/X                       8     13     -5 (VIOLATED)
clkbuf_leaf_8_clk/X                       8     13     -5 (VIOLATED)
clkbuf_leaf_9_clk/X                       8     13     -5 (VIOLATED)
clkbuf_leaf_10_clk/X                      8     12     -4 (VIOLATED)
clkbuf_leaf_19_clk/X                      8     12     -4 (VIOLATED)
clkbuf_leaf_1_clk/X                       8     12     -4 (VIOLATED)
clkbuf_leaf_20_clk/X                      8     12     -4 (VIOLATED)
clkbuf_leaf_22_clk/X                      8     12     -4 (VIOLATED)
clkbuf_leaf_6_clk/X                       8     12     -4 (VIOLATED)
clkbuf_leaf_14_clk/X                      8     11     -3 (VIOLATED)
clkbuf_leaf_15_clk/X                      8     11     -3 (VIOLATED)
clkbuf_leaf_18_clk/X                      8     11     -3 (VIOLATED)



===========================================================================
report_parasitic_annotation -report_unannotated
============================================================================
Found 25 unannotated drivers.
 io_addr[0]
 io_addr[1]
 io_addr[2]
 io_addr[3]
 io_addr[4]
 io_addr[5]
 io_addr[6]
 io_addr[7]
 clkload0/Y
 clkload1/Y
 clkload10/Y
 clkload11/Y
 clkload12/X
 clkload13/Y
 clkload14/Y
 clkload15/Y
 clkload16/Y
 clkload2/Y
 clkload3/Y
 clkload4/Y
 clkload5/Y
 clkload6/X
 clkload7/Y
 clkload8/Y
 clkload9/Y
Found 0 partially unannotated drivers.

===========================================================================
max slew violation count 0
max fanout violation count 20
max cap violation count 0
============================================================================

===========================================================================
check_setup -verbose -unconstrained_endpoints -multiple_clock -no_clock -no_input_delay -loops -generated_clocks
===========================================================================
