Clock: clk
Sources: clk 
Generated: no
Virtual: yes
Propagated: no
Period: 10.000000

===========================================================================
report_clock_properties
============================================================================
Clock                   Period          Waveform
----------------------------------------------------
clk                  10.000000    0.000000  5.000000

===========================================================================
report_clock_latency
============================================================================
Clock clk
rise -> rise
    min     max
0.000000 0.000000 source latency
0.345409         network latency _5273_/CLK
        0.361657 network latency _5261_/CLK
---------------
0.345409 0.361657 latency
        0.016248 skew

fall -> fall
    min     max
0.000000 0.000000 source latency
0.338527         network latency _5273_/CLK
        0.353779 network latency _5261_/CLK
---------------
0.338527 0.353779 latency
        0.015253 skew



===========================================================================
report_clock_min_period
============================================================================
clk period_min = 5.30 fmax = 188.60
