
===========================================================================
 report_power
============================================================================
======================= nom_typ_1p20V_25C Corner ===================================

Group                    Internal    Switching      Leakage        Total
                            Power        Power        Power        Power (Watts)
------------------------------------------------------------------------
Sequential           2.091792e-03 1.939833e-04 1.313200e-07 2.285907e-03  39.1%
Combinational        1.463631e-03 1.517742e-03 5.171131e-07 2.981891e-03  51.0%
Clock                2.822713e-04 2.990509e-04 2.635259e-06 5.839575e-04  10.0%
Macro                0.000000e+00 0.000000e+00 0.000000e+00 0.000000e+00   0.0%
Pad                  0.000000e+00 0.000000e+00 0.000000e+00 0.000000e+00   0.0%
------------------------------------------------------------------------
Total                3.837694e-03 2.010775e-03 3.283674e-06 5.851753e-03 100.0%
                            65.6%        34.4%         0.1%

