2026-06-05 19:07:27 +0100: Memory Usage (423424K) : Starting running IHP-SG13G2 KLayout DRC runset on /home/user/cpu_project/runs/RUN_2026-06-05_18-53-50/57-magic-streamout/CPU_TOP.gds
2026-06-05 19:07:27 +0100: Memory Usage (423424K) : Ruby Version for klayout: 3.3.10
2026-06-05 19:07:27 +0100: Memory Usage (429804K) : Loading database to memory is complete.
2026-06-05 19:07:27 +0100: Memory Usage (429804K) : IHP-SG13G2 KLayout DRC runset output at: /home/user/cpu_project/runs/RUN_2026-06-05_18-53-50/65-klayout-drc/reports/drc.klayout.lyrdb
2026-06-05 19:07:27 +0100: Memory Usage (429804K) : Evaluate switches.
2026-06-05 19:07:27 +0100: Memory Usage (429804K) : tables selected: main
2026-06-05 19:07:27 +0100: Memory Usage (429804K) : KLayout will use 2 thread(s) in tiling mode.
2026-06-05 19:07:27 +0100: Memory Usage (429804K) : deep mode is enabled.
2026-06-05 19:07:27 +0100: Memory Usage (429804K) : FEOL enabled: true
2026-06-05 19:07:27 +0100: Memory Usage (429804K) : BEOL enabled: true
2026-06-05 19:07:27 +0100: Memory Usage (429804K) : OFFGRID enabled: true
2026-06-05 19:07:27 +0100: Memory Usage (429804K) : PIN enabled: true
2026-06-05 19:07:27 +0100: Memory Usage (429804K) : FORBIDDEN enabled: true
2026-06-05 19:07:27 +0100: Memory Usage (429804K) : RECOMMENDED enabled: false
2026-06-05 19:07:27 +0100: Memory Usage (429804K) : PreCheck DRC enabled: false
2026-06-05 19:07:27 +0100: Memory Usage (429804K) : CONNECTIVITY_RULES enabled: true.
2026-06-05 19:07:27 +0100: Memory Usage (429804K) : Read in polygons from layers.
2026-06-05 19:07:27 +0100: Memory Usage (431564K) : activ_drw has 39854 polygons
2026-06-05 19:07:27 +0100: Memory Usage (431948K) : activ_pin has 0 polygons
2026-06-05 19:07:27 +0100: Memory Usage (431948K) : activ_mask has 0 polygons
2026-06-05 19:07:27 +0100: Memory Usage (431948K) : activ_filler has 0 polygons
2026-06-05 19:07:27 +0100: Memory Usage (431948K) : activ_nofill has 0 polygons
2026-06-05 19:07:27 +0100: Memory Usage (431948K) : activ_opc has 0 polygons
2026-06-05 19:07:27 +0100: Memory Usage (432076K) : activ_iopc has 0 polygons
2026-06-05 19:07:27 +0100: Memory Usage (432076K) : activ_noqrc has 0 polygons
2026-06-05 19:07:27 +0100: Memory Usage (432204K) : biwind_drw has 0 polygons
2026-06-05 19:07:27 +0100: Memory Usage (432204K) : biwind_opc has 0 polygons
2026-06-05 19:07:27 +0100: Memory Usage (432332K) : pemwind_drw has 0 polygons
2026-06-05 19:07:27 +0100: Memory Usage (432460K) : gatpoly_drw has 33413 polygons
2026-06-05 19:07:27 +0100: Memory Usage (432588K) : gatpoly_pin has 0 polygons
2026-06-05 19:07:27 +0100: Memory Usage (432588K) : gatpoly_filler has 0 polygons
2026-06-05 19:07:27 +0100: Memory Usage (432716K) : gatpoly_nofill has 0 polygons
2026-06-05 19:07:27 +0100: Memory Usage (432716K) : gatpoly_opc has 0 polygons
2026-06-05 19:07:27 +0100: Memory Usage (432844K) : gatpoly_iopc has 0 polygons
2026-06-05 19:07:27 +0100: Memory Usage (432972K) : gatpoly_noqrc has 0 polygons
2026-06-05 19:07:27 +0100: Memory Usage (432972K) : cont_drw has 269150 polygons
2026-06-05 19:07:27 +0100: Memory Usage (433100K) : cont_opc has 0 polygons
2026-06-05 19:07:27 +0100: Memory Usage (433228K) : nsd_drw has 0 polygons
2026-06-05 19:07:27 +0100: Memory Usage (433228K) : nsd_block has 0 polygons
2026-06-05 19:07:27 +0100: Memory Usage (433484K) : metal1_drw has 68198 polygons
2026-06-05 19:07:27 +0100: Memory Usage (433868K) : metal1_pin has 31921 polygons
2026-06-05 19:07:27 +0100: Memory Usage (433868K) : metal1_mask has 0 polygons
2026-06-05 19:07:27 +0100: Memory Usage (433868K) : metal1_filler has 0 polygons
2026-06-05 19:07:27 +0100: Memory Usage (433868K) : metal1_nofill has 0 polygons
2026-06-05 19:07:27 +0100: Memory Usage (433996K) : metal1_slit has 0 polygons
2026-06-05 19:07:27 +0100: Memory Usage (434180K) : metal1_text has 31301 polygons
2026-06-05 19:07:27 +0100: Memory Usage (434308K) : metal1_opc has 0 polygons
2026-06-05 19:07:27 +0100: Memory Usage (434436K) : metal1_noqrc has 0 polygons
2026-06-05 19:07:27 +0100: Memory Usage (434436K) : metal1_res has 0 polygons
2026-06-05 19:07:27 +0100: Memory Usage (434564K) : metal1_iprobe has 0 polygons
2026-06-05 19:07:27 +0100: Memory Usage (434564K) : metal1_diffprb has 0 polygons
2026-06-05 19:07:27 +0100: Memory Usage (434692K) : passiv_drw has 0 polygons
2026-06-05 19:07:27 +0100: Memory Usage (434692K) : passiv_pin has 0 polygons
2026-06-05 19:07:27 +0100: Memory Usage (434820K) : passiv_sbump has 0 polygons
2026-06-05 19:07:27 +0100: Memory Usage (434948K) : passiv_pillar has 0 polygons
2026-06-05 19:07:27 +0100: Memory Usage (434948K) : passiv_pdl has 0 polygons
2026-06-05 19:07:27 +0100: Memory Usage (435716K) : metal2_drw has 18401 polygons
2026-06-05 19:07:27 +0100: Memory Usage (435972K) : metal2_pin has 157 polygons
2026-06-05 19:07:27 +0100: Memory Usage (435972K) : metal2_mask has 0 polygons
2026-06-05 19:07:27 +0100: Memory Usage (435972K) : metal2_filler has 0 polygons
2026-06-05 19:07:27 +0100: Memory Usage (436100K) : metal2_nofill has 0 polygons
2026-06-05 19:07:27 +0100: Memory Usage (436100K) : metal2_slit has 0 polygons
2026-06-05 19:07:27 +0100: Memory Usage (436228K) : metal2_text has 157 polygons
2026-06-05 19:07:27 +0100: Memory Usage (436228K) : metal2_opc has 0 polygons
2026-06-05 19:07:27 +0100: Memory Usage (436356K) : metal2_noqrc has 0 polygons
2026-06-05 19:07:27 +0100: Memory Usage (436356K) : metal2_res has 0 polygons
2026-06-05 19:07:27 +0100: Memory Usage (436484K) : metal2_iprobe has 0 polygons
2026-06-05 19:07:27 +0100: Memory Usage (436612K) : metal2_diffprb has 0 polygons
2026-06-05 19:07:27 +0100: Memory Usage (436612K) : baspoly_drw has 0 polygons
2026-06-05 19:07:27 +0100: Memory Usage (436740K) : baspoly_pin has 0 polygons
2026-06-05 19:07:27 +0100: Memory Usage (436740K) : psd_drw has 18891 polygons
2026-06-05 19:07:27 +0100: Memory Usage (436868K) : nldb_drw has 0 polygons
2026-06-05 19:07:27 +0100: Memory Usage (436996K) : digibnd_drw has 0 polygons
2026-06-05 19:07:27 +0100: Memory Usage (437124K) : via1_drw has 14267 polygons
2026-06-05 19:07:27 +0100: Memory Usage (437508K) : backmetal1_drw has 0 polygons
2026-06-05 19:07:27 +0100: Memory Usage (437508K) : backmetal1_pin has 0 polygons
2026-06-05 19:07:27 +0100: Memory Usage (437508K) : backmetal1_mask has 0 polygons
2026-06-05 19:07:27 +0100: Memory Usage (437508K) : backmetal1_filler has 0 polygons
2026-06-05 19:07:27 +0100: Memory Usage (437636K) : backmetal1_nofill has 0 polygons
2026-06-05 19:07:27 +0100: Memory Usage (437636K) : backmetal1_slit has 0 polygons
2026-06-05 19:07:27 +0100: Memory Usage (437764K) : backmetal1_text has 0 polygons
2026-06-05 19:07:27 +0100: Memory Usage (437764K) : backmetal1_opc has 0 polygons
2026-06-05 19:07:27 +0100: Memory Usage (437764K) : backmetal1_noqrc has 0 polygons
2026-06-05 19:07:27 +0100: Memory Usage (437764K) : backmetal1_res has 0 polygons
2026-06-05 19:07:27 +0100: Memory Usage (437764K) : backmetal1_iprobe has 0 polygons
2026-06-05 19:07:27 +0100: Memory Usage (437764K) : backmetal1_diffprb has 0 polygons
2026-06-05 19:07:27 +0100: Memory Usage (437764K) : backpassiv_drw has 0 polygons
2026-06-05 19:07:27 +0100: Memory Usage (437764K) : res_drw has 0 polygons
2026-06-05 19:07:27 +0100: Memory Usage (437764K) : sram_drw has 0 polygons
2026-06-05 19:07:27 +0100: Memory Usage (437764K) : trans_drw has 0 polygons
2026-06-05 19:07:27 +0100: Memory Usage (437764K) : ind_drw has 0 polygons
2026-06-05 19:07:27 +0100: Memory Usage (437764K) : ind_pin has 0 polygons
2026-06-05 19:07:27 +0100: Memory Usage (437764K) : ind_text has 0 polygons
2026-06-05 19:07:27 +0100: Memory Usage (437764K) : salblock_drw has 0 polygons
2026-06-05 19:07:27 +0100: Memory Usage (437764K) : via2_drw has 14105 polygons
2026-06-05 19:07:28 +0100: Memory Usage (438020K) : metal3_drw has 7242 polygons
2026-06-05 19:07:28 +0100: Memory Usage (438020K) : metal3_pin has 81 polygons
2026-06-05 19:07:28 +0100: Memory Usage (438020K) : metal3_mask has 0 polygons
2026-06-05 19:07:28 +0100: Memory Usage (438020K) : metal3_filler has 0 polygons
2026-06-05 19:07:28 +0100: Memory Usage (438020K) : metal3_nofill has 0 polygons
2026-06-05 19:07:28 +0100: Memory Usage (438020K) : metal3_slit has 0 polygons
2026-06-05 19:07:28 +0100: Memory Usage (438020K) : metal3_text has 81 polygons
2026-06-05 19:07:28 +0100: Memory Usage (438020K) : metal3_opc has 0 polygons
2026-06-05 19:07:28 +0100: Memory Usage (438020K) : metal3_noqrc has 0 polygons
2026-06-05 19:07:28 +0100: Memory Usage (438020K) : metal3_res has 0 polygons
2026-06-05 19:07:28 +0100: Memory Usage (438020K) : metal3_iprobe has 0 polygons
2026-06-05 19:07:28 +0100: Memory Usage (438020K) : metal3_diffprb has 0 polygons
2026-06-05 19:07:28 +0100: Memory Usage (438020K) : nwell_drw has 9407 polygons
2026-06-05 19:07:28 +0100: Memory Usage (438020K) : nwell_pin has 0 polygons
2026-06-05 19:07:28 +0100: Memory Usage (438020K) : nbulay_drw has 0 polygons
2026-06-05 19:07:28 +0100: Memory Usage (438020K) : nbulay_pin has 0 polygons
2026-06-05 19:07:28 +0100: Memory Usage (438020K) : nbulay_block has 0 polygons
2026-06-05 19:07:28 +0100: Memory Usage (438020K) : emwind_drw has 0 polygons
2026-06-05 19:07:28 +0100: Memory Usage (438020K) : emwind_opc has 0 polygons
2026-06-05 19:07:28 +0100: Memory Usage (438020K) : deepco_drw has 0 polygons
2026-06-05 19:07:28 +0100: Memory Usage (438020K) : deepco_drw has 0 polygons
2026-06-05 19:07:28 +0100: Memory Usage (438020K) : mim_drw has 0 polygons
2026-06-05 19:07:28 +0100: Memory Usage (438020K) : edgeseal_drw has 0 polygons
2026-06-05 19:07:28 +0100: Memory Usage (438020K) : edgeseal_bound has 0 polygons
2026-06-05 19:07:28 +0100: Memory Usage (438020K) : substrate_drw has 0 polygons
2026-06-05 19:07:28 +0100: Memory Usage (438020K) : substrate_text has 0 polygons
2026-06-05 19:07:28 +0100: Memory Usage (438020K) : dfpad_drw has 0 polygons
2026-06-05 19:07:28 +0100: Memory Usage (438020K) : dfpad_pillar has 0 polygons
2026-06-05 19:07:28 +0100: Memory Usage (438020K) : dfpad_sbump has 0 polygons
2026-06-05 19:07:28 +0100: Memory Usage (438020K) : thickgateox_drw has 0 polygons
2026-06-05 19:07:28 +0100: Memory Usage (438020K) : pldb_drw has 0 polygons
2026-06-05 19:07:28 +0100: Memory Usage (438020K) : pwell_drw has 0 polygons
2026-06-05 19:07:28 +0100: Memory Usage (438020K) : pwell_pin has 0 polygons
2026-06-05 19:07:28 +0100: Memory Usage (438020K) : pwell_block has 0 polygons
2026-06-05 19:07:28 +0100: Memory Usage (438020K) : ic_drw has 0 polygons
2026-06-05 19:07:28 +0100: Memory Usage (438020K) : via3_drw has 2809 polygons
2026-06-05 19:07:28 +0100: Memory Usage (438020K) : metal4_drw has 982 polygons
2026-06-05 19:07:28 +0100: Memory Usage (438020K) : metal4_pin has 0 polygons
2026-06-05 19:07:28 +0100: Memory Usage (438020K) : metal4_mask has 0 polygons
2026-06-05 19:07:28 +0100: Memory Usage (438020K) : metal4_filler has 0 polygons
2026-06-05 19:07:28 +0100: Memory Usage (438020K) : metal4_nofill has 0 polygons
2026-06-05 19:07:28 +0100: Memory Usage (438020K) : metal4_slit has 0 polygons
2026-06-05 19:07:28 +0100: Memory Usage (438020K) : metal4_text has 0 polygons
2026-06-05 19:07:28 +0100: Memory Usage (438020K) : metal4_opc has 0 polygons
2026-06-05 19:07:28 +0100: Memory Usage (438020K) : metal4_noqrc has 0 polygons
2026-06-05 19:07:28 +0100: Memory Usage (438020K) : metal4_res has 0 polygons
2026-06-05 19:07:28 +0100: Memory Usage (438020K) : metal4_iprobe has 0 polygons
2026-06-05 19:07:28 +0100: Memory Usage (438020K) : metal4_diffprb has 0 polygons
2026-06-05 19:07:28 +0100: Memory Usage (438020K) : heattrans_drw has 0 polygons
2026-06-05 19:07:28 +0100: Memory Usage (438020K) : heatres_drw has 0 polygons
2026-06-05 19:07:28 +0100: Memory Usage (438020K) : pempoly_drw has 0 polygons
2026-06-05 19:07:28 +0100: Memory Usage (438020K) : fbe_drw has 0 polygons
2026-06-05 19:07:28 +0100: Memory Usage (438148K) : empoly_drw has 0 polygons
2026-06-05 19:07:28 +0100: Memory Usage (438276K) : ldmos_drw has 0 polygons
2026-06-05 19:07:28 +0100: Memory Usage (438276K) : pbiwind_drw has 0 polygons
2026-06-05 19:07:28 +0100: Memory Usage (438404K) : digisub_drw has 0 polygons
2026-06-05 19:07:28 +0100: Memory Usage (438404K) : nodrc_drw has 0 polygons
2026-06-05 19:07:28 +0100: Memory Usage (438532K) : text_drw has 0 polygons
2026-06-05 19:07:28 +0100: Memory Usage (438532K) : via4_drw has 1862 polygons
2026-06-05 19:07:28 +0100: Memory Usage (438660K) : metal5_drw has 435 polygons
2026-06-05 19:07:28 +0100: Memory Usage (438788K) : metal5_pin has 0 polygons
2026-06-05 19:07:28 +0100: Memory Usage (438788K) : metal5_mask has 0 polygons
2026-06-05 19:07:28 +0100: Memory Usage (438916K) : metal5_filler has 0 polygons
2026-06-05 19:07:28 +0100: Memory Usage (439044K) : metal5_nofill has 0 polygons
2026-06-05 19:07:28 +0100: Memory Usage (439044K) : metal5_slit has 0 polygons
2026-06-05 19:07:28 +0100: Memory Usage (439172K) : metal5_text has 0 polygons
2026-06-05 19:07:28 +0100: Memory Usage (439172K) : metal5_opc has 0 polygons
2026-06-05 19:07:28 +0100: Memory Usage (439300K) : metal5_noqrc has 0 polygons
2026-06-05 19:07:28 +0100: Memory Usage (439300K) : metal5_res has 0 polygons
2026-06-05 19:07:28 +0100: Memory Usage (439428K) : metal5_iprobe has 0 polygons
2026-06-05 19:07:28 +0100: Memory Usage (439428K) : metal5_diffprb has 0 polygons
2026-06-05 19:07:28 +0100: Memory Usage (439556K) : radhard_drw has 0 polygons
2026-06-05 19:07:28 +0100: Memory Usage (439684K) : memcap_drw has 0 polygons
2026-06-05 19:07:28 +0100: Memory Usage (439684K) : varicap_drw has 0 polygons
2026-06-05 19:07:28 +0100: Memory Usage (439684K) : flash_drw has 0 polygons
2026-06-05 19:07:28 +0100: Memory Usage (439684K) : intbondvia_drw has 0 polygons
2026-06-05 19:07:28 +0100: Memory Usage (439684K) : intbondmet_drw has 0 polygons
2026-06-05 19:07:28 +0100: Memory Usage (439684K) : devbondvia_drw has 0 polygons
2026-06-05 19:07:28 +0100: Memory Usage (439684K) : devbondmet_drw has 0 polygons
2026-06-05 19:07:28 +0100: Memory Usage (439684K) : devtrench_drw has 0 polygons
2026-06-05 19:07:28 +0100: Memory Usage (439684K) : redist_drw has 0 polygons
2026-06-05 19:07:28 +0100: Memory Usage (439684K) : graphbot_drw has 0 polygons
2026-06-05 19:07:28 +0100: Memory Usage (439684K) : graphtop_drw has 0 polygons
2026-06-05 19:07:28 +0100: Memory Usage (439684K) : antvia1_drw has 0 polygons
2026-06-05 19:07:28 +0100: Memory Usage (439684K) : antmetal2_drw has 0 polygons
2026-06-05 19:07:28 +0100: Memory Usage (439684K) : graphcont_drw has 0 polygons
2026-06-05 19:07:28 +0100: Memory Usage (439684K) : siwg_drw has 0 polygons
2026-06-05 19:07:28 +0100: Memory Usage (439684K) : siwg_filler has 0 polygons
2026-06-05 19:07:28 +0100: Memory Usage (439684K) : siwg_nofill has 0 polygons
2026-06-05 19:07:28 +0100: Memory Usage (439684K) : sigrating_drw has 0 polygons
2026-06-05 19:07:28 +0100: Memory Usage (439684K) : singrating_drw has 0 polygons
2026-06-05 19:07:28 +0100: Memory Usage (439684K) : graphpas_drw has 0 polygons
2026-06-05 19:07:28 +0100: Memory Usage (439684K) : emwind3_drw has 0 polygons
2026-06-05 19:07:28 +0100: Memory Usage (439684K) : emwihv3_drw has 0 polygons
2026-06-05 19:07:28 +0100: Memory Usage (439684K) : redbulay_drw has 0 polygons
2026-06-05 19:07:28 +0100: Memory Usage (439684K) : smos_drw has 0 polygons
2026-06-05 19:07:28 +0100: Memory Usage (439684K) : graphpad_drw has 0 polygons
2026-06-05 19:07:28 +0100: Memory Usage (439684K) : polimide_drw has 0 polygons
2026-06-05 19:07:28 +0100: Memory Usage (439684K) : polimide_pin has 0 polygons
2026-06-05 19:07:28 +0100: Memory Usage (439684K) : recog_drw has 0 polygons
2026-06-05 19:07:28 +0100: Memory Usage (439684K) : recog_pin has 0 polygons
2026-06-05 19:07:28 +0100: Memory Usage (439684K) : recog_esd has 0 polygons
2026-06-05 19:07:28 +0100: Memory Usage (439684K) : recog_diode has 0 polygons
2026-06-05 19:07:28 +0100: Memory Usage (439684K) : recog_tsv has 0 polygons
2026-06-05 19:07:28 +0100: Memory Usage (439684K) : recog_iprobe has 0 polygons
2026-06-05 19:07:28 +0100: Memory Usage (439684K) : recog_diffprb has 0 polygons
2026-06-05 19:07:28 +0100: Memory Usage (439684K) : recog_pillar has 0 polygons
2026-06-05 19:07:28 +0100: Memory Usage (439684K) : recog_sbump has 0 polygons
2026-06-05 19:07:28 +0100: Memory Usage (439684K) : recog_otp has 0 polygons
2026-06-05 19:07:28 +0100: Memory Usage (439684K) : recog_pdiode has 0 polygons
2026-06-05 19:07:28 +0100: Memory Usage (439684K) : recog_mom has 0 polygons
2026-06-05 19:07:28 +0100: Memory Usage (439684K) : recog_pcm has 0 polygons
2026-06-05 19:07:28 +0100: Memory Usage (439684K) : colopen_drw has 0 polygons
2026-06-05 19:07:28 +0100: Memory Usage (439684K) : graphmetal1_drw has 0 polygons
2026-06-05 19:07:28 +0100: Memory Usage (439684K) : graphmetal1_filler has 0 polygons
2026-06-05 19:07:28 +0100: Memory Usage (439684K) : graphmetal1_nofill has 0 polygons
2026-06-05 19:07:28 +0100: Memory Usage (439684K) : graphmetal1_slit has 0 polygons
2026-06-05 19:07:28 +0100: Memory Usage (439684K) : graphmetal1_opc has 0 polygons
2026-06-05 19:07:28 +0100: Memory Usage (439684K) : graphmet1l_drw has 0 polygons
2026-06-05 19:07:28 +0100: Memory Usage (439684K) : graphmet1l_filler has 0 polygons
2026-06-05 19:07:28 +0100: Memory Usage (439684K) : graphmet1l_nofill has 0 polygons
2026-06-05 19:07:28 +0100: Memory Usage (439684K) : graphmet1l_slit has 0 polygons
2026-06-05 19:07:28 +0100: Memory Usage (439684K) : graphmet1l_opc has 0 polygons
2026-06-05 19:07:28 +0100: Memory Usage (439684K) : extblock_drw has 0 polygons
2026-06-05 19:07:28 +0100: Memory Usage (439684K) : nldd_drw has 0 polygons
2026-06-05 19:07:28 +0100: Memory Usage (439684K) : pldd_drw has 0 polygons
2026-06-05 19:07:28 +0100: Memory Usage (439684K) : next_drw has 0 polygons
2026-06-05 19:07:28 +0100: Memory Usage (439684K) : pext_drw has 0 polygons
2026-06-05 19:07:28 +0100: Memory Usage (439684K) : nexthv_drw has 0 polygons
2026-06-05 19:07:28 +0100: Memory Usage (439684K) : pexthv_drw has 0 polygons
2026-06-05 19:07:28 +0100: Memory Usage (439684K) : graphgate_drw has 0 polygons
2026-06-05 19:07:28 +0100: Memory Usage (439684K) : sinwg_drw has 0 polygons
2026-06-05 19:07:28 +0100: Memory Usage (439684K) : sinwg_filler has 0 polygons
2026-06-05 19:07:28 +0100: Memory Usage (439684K) : sinwg_nofill has 0 polygons
2026-06-05 19:07:28 +0100: Memory Usage (439684K) : mempad_drw has 0 polygons
2026-06-05 19:07:29 +0100: Memory Usage (439684K) : topvia1_drw has 664 polygons
2026-06-05 19:07:29 +0100: Memory Usage (439684K) : topmetal1_drw has 8 polygons
2026-06-05 19:07:29 +0100: Memory Usage (439684K) : topmetal1_pin has 8 polygons
2026-06-05 19:07:29 +0100: Memory Usage (439684K) : topmetal1_mask has 0 polygons
2026-06-05 19:07:29 +0100: Memory Usage (439684K) : topmetal1_filler has 0 polygons
2026-06-05 19:07:29 +0100: Memory Usage (439684K) : topmetal1_nofill has 0 polygons
2026-06-05 19:07:29 +0100: Memory Usage (439684K) : topmetal1_slit has 0 polygons
2026-06-05 19:07:29 +0100: Memory Usage (439684K) : topmetal1_text has 8 polygons
2026-06-05 19:07:29 +0100: Memory Usage (439684K) : topmetal1_noqrc has 0 polygons
2026-06-05 19:07:29 +0100: Memory Usage (439684K) : topmetal1_res has 0 polygons
2026-06-05 19:07:29 +0100: Memory Usage (439684K) : topmetal1_iprobe has 0 polygons
2026-06-05 19:07:29 +0100: Memory Usage (439684K) : topmetal1_diffprb has 0 polygons
2026-06-05 19:07:29 +0100: Memory Usage (439684K) : inldpwl_drw has 0 polygons
2026-06-05 19:07:29 +0100: Memory Usage (439684K) : polyres_drw has 0 polygons
2026-06-05 19:07:29 +0100: Memory Usage (439684K) : polyres_pin has 0 polygons
2026-06-05 19:07:29 +0100: Memory Usage (439684K) : vmim_drw has 0 polygons
2026-06-05 19:07:29 +0100: Memory Usage (439684K) : nbulaycut_drw has 0 polygons
2026-06-05 19:07:29 +0100: Memory Usage (439684K) : antmetal1_drw has 0 polygons
2026-06-05 19:07:29 +0100: Memory Usage (439684K) : topvia2_drw has 32 polygons
2026-06-05 19:07:29 +0100: Memory Usage (439684K) : topmetal2_drw has 8 polygons
2026-06-05 19:07:29 +0100: Memory Usage (439684K) : topmetal2_pin has 8 polygons
2026-06-05 19:07:29 +0100: Memory Usage (439684K) : topmetal2_mask has 0 polygons
2026-06-05 19:07:29 +0100: Memory Usage (439684K) : topmetal2_filler has 0 polygons
2026-06-05 19:07:29 +0100: Memory Usage (439684K) : topmetal2_nofill has 0 polygons
2026-06-05 19:07:29 +0100: Memory Usage (439684K) : topmetal2_slit has 0 polygons
2026-06-05 19:07:29 +0100: Memory Usage (439684K) : topmetal2_text has 8 polygons
2026-06-05 19:07:29 +0100: Memory Usage (439684K) : topmetal2_noqrc has 0 polygons
2026-06-05 19:07:29 +0100: Memory Usage (439684K) : topmetal2_res has 0 polygons
2026-06-05 19:07:29 +0100: Memory Usage (439684K) : topmetal2_iprobe has 0 polygons
2026-06-05 19:07:29 +0100: Memory Usage (439684K) : topmetal2_diffprb has 0 polygons
2026-06-05 19:07:29 +0100: Memory Usage (439684K) : snsring_drw has 0 polygons
2026-06-05 19:07:29 +0100: Memory Usage (439684K) : sensor_drw has 0 polygons
2026-06-05 19:07:29 +0100: Memory Usage (439684K) : snsarms_drw has 0 polygons
2026-06-05 19:07:29 +0100: Memory Usage (439684K) : snscmosvia_drw has 0 polygons
2026-06-05 19:07:29 +0100: Memory Usage (439684K) : colwind_drw has 0 polygons
2026-06-05 19:07:29 +0100: Memory Usage (439684K) : flm_drw has 0 polygons
2026-06-05 19:07:29 +0100: Memory Usage (439684K) : hafniumox_drw has 0 polygons
2026-06-05 19:07:29 +0100: Memory Usage (439684K) : memvia_drw has 0 polygons
2026-06-05 19:07:29 +0100: Memory Usage (439684K) : thinfilmres_drw has 0 polygons
2026-06-05 19:07:29 +0100: Memory Usage (439684K) : rfmem_drw has 0 polygons
2026-06-05 19:07:29 +0100: Memory Usage (439684K) : norcx_drw has 0 polygons
2026-06-05 19:07:29 +0100: Memory Usage (439684K) : norcx_m2m3 has 0 polygons
2026-06-05 19:07:29 +0100: Memory Usage (439684K) : norcx_m2m4 has 0 polygons
2026-06-05 19:07:29 +0100: Memory Usage (439684K) : norcx_m2m5 has 0 polygons
2026-06-05 19:07:29 +0100: Memory Usage (439684K) : norcx_m2tm1 has 0 polygons
2026-06-05 19:07:29 +0100: Memory Usage (439684K) : norcx_m2tm2 has 0 polygons
2026-06-05 19:07:29 +0100: Memory Usage (439684K) : norcx_m3m4 has 0 polygons
2026-06-05 19:07:29 +0100: Memory Usage (439684K) : norcx_m3m5 has 0 polygons
2026-06-05 19:07:29 +0100: Memory Usage (439684K) : norcx_m3tm1 has 0 polygons
2026-06-05 19:07:29 +0100: Memory Usage (439684K) : norcx_m3tm2 has 0 polygons
2026-06-05 19:07:29 +0100: Memory Usage (439684K) : norcx_m4m5 has 0 polygons
2026-06-05 19:07:29 +0100: Memory Usage (439684K) : norcx_m4tm1 has 0 polygons
2026-06-05 19:07:29 +0100: Memory Usage (439684K) : norcx_m4tm2 has 0 polygons
2026-06-05 19:07:29 +0100: Memory Usage (439684K) : norcx_m5tm1 has 0 polygons
2026-06-05 19:07:29 +0100: Memory Usage (439684K) : norcx_m5tm2 has 0 polygons
2026-06-05 19:07:29 +0100: Memory Usage (439684K) : norcx_tm1tm2 has 0 polygons
2026-06-05 19:07:29 +0100: Memory Usage (439684K) : norcx_m1sub has 0 polygons
2026-06-05 19:07:29 +0100: Memory Usage (439684K) : norcx_m2sub has 0 polygons
2026-06-05 19:07:29 +0100: Memory Usage (439684K) : norcx_m3sub has 0 polygons
2026-06-05 19:07:29 +0100: Memory Usage (439684K) : norcx_m4sub has 0 polygons
2026-06-05 19:07:29 +0100: Memory Usage (439684K) : norcx_m5sub has 0 polygons
2026-06-05 19:07:29 +0100: Memory Usage (439684K) : norcx_tm1sub has 0 polygons
2026-06-05 19:07:29 +0100: Memory Usage (439684K) : norcx_tm2sub has 0 polygons
2026-06-05 19:07:29 +0100: Memory Usage (439684K) : snsbotvia_drw has 0 polygons
2026-06-05 19:07:29 +0100: Memory Usage (439684K) : snstopvia_drw has 0 polygons
2026-06-05 19:07:29 +0100: Memory Usage (439684K) : deepvia_drw has 0 polygons
2026-06-05 19:07:29 +0100: Memory Usage (439684K) : fgetch_drw has 0 polygons
2026-06-05 19:07:29 +0100: Memory Usage (439684K) : ctrgat_drw has 0 polygons
2026-06-05 19:07:29 +0100: Memory Usage (439684K) : fgimp_drw has 0 polygons
2026-06-05 19:07:29 +0100: Memory Usage (439684K) : emwihv_drw has 0 polygons
2026-06-05 19:07:29 +0100: Memory Usage (439684K) : lbe_drw has 0 polygons
2026-06-05 19:07:29 +0100: Memory Usage (439684K) : alcustop_drw has 0 polygons
2026-06-05 19:07:29 +0100: Memory Usage (439684K) : nometfiller_drw has 0 polygons
2026-06-05 19:07:29 +0100: Memory Usage (439684K) : prboundary_drw has 0 polygons
2026-06-05 19:07:29 +0100: Memory Usage (439684K) : exchange0_drw has 0 polygons
2026-06-05 19:07:29 +0100: Memory Usage (439684K) : exchange0_pin has 0 polygons
2026-06-05 19:07:29 +0100: Memory Usage (439684K) : exchange0_text has 0 polygons
2026-06-05 19:07:29 +0100: Memory Usage (439684K) : exchange1_drw has 0 polygons
2026-06-05 19:07:29 +0100: Memory Usage (439684K) : exchange1_pin has 0 polygons
2026-06-05 19:07:29 +0100: Memory Usage (439684K) : exchange1_text has 0 polygons
2026-06-05 19:07:29 +0100: Memory Usage (439684K) : exchange2_drw has 0 polygons
2026-06-05 19:07:29 +0100: Memory Usage (439684K) : exchange2_pin has 0 polygons
2026-06-05 19:07:29 +0100: Memory Usage (439684K) : exchange2_text has 0 polygons
2026-06-05 19:07:29 +0100: Memory Usage (439812K) : exchange3_drw has 0 polygons
2026-06-05 19:07:29 +0100: Memory Usage (439812K) : exchange3_pin has 0 polygons
2026-06-05 19:07:29 +0100: Memory Usage (439940K) : exchange3_text has 0 polygons
2026-06-05 19:07:29 +0100: Memory Usage (439940K) : exchange4_drw has 0 polygons
2026-06-05 19:07:29 +0100: Memory Usage (440068K) : exchange4_pin has 0 polygons
2026-06-05 19:07:29 +0100: Memory Usage (440196K) : exchange4_text has 0 polygons
2026-06-05 19:07:29 +0100: Memory Usage (440196K) : isonwell_drw has 0 polygons
2026-06-05 19:07:29 +0100: Memory Usage (440196K) : Total no. of polygons in the design is 563458
2026-06-05 19:07:29 +0100: Memory Usage (440196K) : Loaded TECH DRC rules values from /home/user/your_directory/IHP-Open-PDK/ciel/ihp-sg13g2/versions/c4b8b4e5e7a05f375cca3815d51b3a37721fbf5c/ihp-sg13g2/libs.tech/klayout/python/sg13g2_pycell_lib/sg13g2_tech_mod.json
2026-06-05 19:07:29 +0100: Memory Usage (440196K) : Loaded default DRC rules values from /home/user/your_directory/IHP-Open-PDK/ciel/ihp-sg13g2/versions/c4b8b4e5e7a05f375cca3815d51b3a37721fbf5c/ihp-sg13g2/libs.tech/klayout/tech/drc/rule_decks/sg13g2_tech_default.json
2026-06-05 19:07:29 +0100: Memory Usage (440196K) : The following rules values were missing in tech json and default values were used:
2026-06-05 19:07:29 +0100: Memory Usage (440196K) :   - Cnt_c_digibnd
2026-06-05 19:07:29 +0100: Memory Usage (441124K) : Total area of the design is 111608.7145 um^2.
2026-06-05 19:07:29 +0100: Memory Usage (441124K) : The design dimensions are 324.85 µm * 343.57 µm.
2026-06-05 19:07:29 +0100: Memory Usage (441124K) : Starting general IHP-SG13G2 derivations.
2026-06-05 19:07:29 +0100: Memory Usage (441124K) : Starting Pwell derivations
2026-06-05 19:07:29 +0100: Memory Usage (449304K) : Starting n-Activ derivations
2026-06-05 19:07:30 +0100: Memory Usage (457640K) : Starting p-Activ derivations
2026-06-05 19:07:30 +0100: Memory Usage (466088K) : Starting ptap derivations
2026-06-05 19:07:30 +0100: Memory Usage (466088K) : Starting ntap derivations
2026-06-05 19:07:31 +0100: Memory Usage (466344K) : Starting pact FET derivations
2026-06-05 19:07:31 +0100: Memory Usage (466344K) : Starting nact FET derivations
2026-06-05 19:07:31 +0100: Memory Usage (466344K) : Starting Gate derivations
2026-06-05 19:07:31 +0100: Memory Usage (466344K) : Starting cont/contbar general derivations
2026-06-05 19:07:32 +0100: Memory Usage (507080K) : Starting pad general derivations
2026-06-05 19:07:32 +0100: Memory Usage (507080K) : Starting IHP-SG13G2 DRC connectivity related derivations.
2026-06-05 19:07:32 +0100: Memory Usage (507080K) : Starting IHP-SG13G2 DRC connectivity setup
2026-06-05 19:07:35 +0100: Memory Usage (507260K) : Starting IHP-SG13G2 DRC rules.
2026-06-05 19:07:35 +0100: Memory Usage (507260K) : Running all FEOL rules
2026-06-05 19:07:35 +0100: Memory Usage (507260K) : Running all BEOL rules
2026-06-05 19:07:35 +0100: Memory Usage (507260K) : Running all PIN rules
2026-06-05 19:07:35 +0100: Memory Usage (507260K) : Running all FORBIDDEN rules
2026-06-05 19:07:35 +0100: Memory Usage (507260K) : Starting 5.1 NWell table
2026-06-05 19:07:35 +0100: Memory Usage (507260K) : Executing rule NW.b
2026-06-05 19:07:35 +0100: Memory Usage (511228K) : Executing rule NW.b1
2026-06-05 19:07:35 +0100: Memory Usage (511228K) : Starting 5.2 PWell:block
2026-06-05 19:07:35 +0100: Memory Usage (511228K) : Executing rule PWB.e
2026-06-05 19:07:35 +0100: Memory Usage (511228K) : Executing rule PWB.e1
2026-06-05 19:07:35 +0100: Memory Usage (511228K) : Executing rule PWB.f
2026-06-05 19:07:35 +0100: Memory Usage (511228K) : Executing rule PWB.f1
2026-06-05 19:07:35 +0100: Memory Usage (511228K) : Starting 5.3 nBuLay table
2026-06-05 19:07:36 +0100: Memory Usage (512252K) : Executing rule NBL.b
2026-06-05 19:07:36 +0100: Memory Usage (512252K) : Executing rule NBL.c
2026-06-05 19:07:36 +0100: Memory Usage (512252K) : Executing rule NBL.d
2026-06-05 19:07:36 +0100: Memory Usage (512252K) : Executing rule NBL.e
2026-06-05 19:07:36 +0100: Memory Usage (512252K) : Executing rule NBL.f
2026-06-05 19:07:36 +0100: Memory Usage (512252K) : Starting 5.5. Activ table
2026-06-05 19:07:36 +0100: Memory Usage (512252K) : Executing rule Act.a
2026-06-05 19:07:36 +0100: Memory Usage (512252K) : Executing rule Act.b
2026-06-05 19:07:37 +0100: Memory Usage (515748K) : Starting 5.6 Activ:filler table
2026-06-05 19:07:37 +0100: Memory Usage (515748K) : Executing rule AFil.c1
2026-06-05 19:07:37 +0100: Memory Usage (515748K) : Executing rule AFil.c
2026-06-05 19:07:37 +0100: Memory Usage (515748K) : Executing rule AFil.d
2026-06-05 19:07:37 +0100: Memory Usage (515748K) : Executing rule AFil.e
2026-06-05 19:07:37 +0100: Memory Usage (515748K) : Executing rule AFil.j
2026-06-05 19:07:37 +0100: Memory Usage (515748K) : Starting 5.7. ThickGateOx table
2026-06-05 19:07:37 +0100: Memory Usage (515748K) : Executing rule TGO.f
2026-06-05 19:07:37 +0100: Memory Usage (515748K) : Starting 5.8. GatPoly table
2026-06-05 19:07:37 +0100: Memory Usage (515748K) : Executing rule Gat.a
2026-06-05 19:07:37 +0100: Memory Usage (515748K) : Executing rule Gat.b
2026-06-05 19:07:37 +0100: Memory Usage (515748K) : Executing rule Gat.d
2026-06-05 19:07:37 +0100: Memory Usage (515748K) : Executing rule Gat.a1
2026-06-05 19:07:37 +0100: Memory Usage (516348K) : Executing rule Gat.a2
2026-06-05 19:07:37 +0100: Memory Usage (516348K) : Executing rule Gat.g
2026-06-05 19:07:37 +0100: Memory Usage (516348K) : Starting 5.9 GatPoly:filler
2026-06-05 19:07:37 +0100: Memory Usage (516348K) : Executing rule GFil.d
2026-06-05 19:07:38 +0100: Memory Usage (516348K) : Executing rule GFil.e
2026-06-05 19:07:38 +0100: Memory Usage (516348K) : Executing rule GFil.i
2026-06-05 19:07:38 +0100: Memory Usage (516348K) : Starting 5.10 pSD table
2026-06-05 19:07:38 +0100: Memory Usage (516348K) : Executing rule pSD.c1
2026-06-05 19:07:38 +0100: Memory Usage (514400K) : Starting 5.14. Cont table
2026-06-05 19:07:38 +0100: Memory Usage (514400K) : Executing rule Cnt.a
2026-06-05 19:07:39 +0100: Memory Usage (537568K) : Executing rule Cnt.b
2026-06-05 19:07:40 +0100: Memory Usage (538976K) : Executing rule Cnt.c
2026-06-05 19:07:42 +0100: Memory Usage (546272K) : Executing rule Cnt.c
2026-06-05 19:07:42 +0100: Memory Usage (546272K) : Executing rule Cnt.d
2026-06-05 19:07:42 +0100: Memory Usage (546400K) : Executing rule Cnt.e
2026-06-05 19:07:42 +0100: Memory Usage (546400K) : Executing rule Cnt.g1
2026-06-05 19:07:43 +0100: Memory Usage (546400K) : Executing rule Cnt.g2
2026-06-05 19:07:45 +0100: Memory Usage (546400K) : Starting 5.15. ContBar table
2026-06-05 19:07:45 +0100: Memory Usage (546400K) : Executing rule CntB.b1
2026-06-05 19:07:45 +0100: Memory Usage (546400K) : Executing rule CntB.h1
2026-06-05 19:07:45 +0100: Memory Usage (546400K) : Starting 6.1.3 NPN Substrate-Tie table
2026-06-05 19:07:45 +0100: Memory Usage (546400K) : Executing rule npn13G2.bR 
2026-06-05 19:07:45 +0100: Memory Usage (546400K) : Executing rule npn13G2L.cR 
2026-06-05 19:07:45 +0100: Memory Usage (546400K) : Executing rule npn13G2V.cR 
2026-06-05 19:07:45 +0100: Memory Usage (546400K) : Starting 6.7 Schottky diode table
2026-06-05 19:07:45 +0100: Memory Usage (546400K) : Executing rule Sdiod.d
2026-06-05 19:07:45 +0100: Memory Usage (546400K) : Executing rule Sdiod.e
2026-06-05 19:07:45 +0100: Memory Usage (546400K) : Starting 7.2 Latch-up table
2026-06-05 19:07:45 +0100: Memory Usage (546400K) : Executing rule LU.b
2026-06-05 19:07:46 +0100: Memory Usage (546400K) : Starting 5.16. Metal1 table
2026-06-05 19:07:46 +0100: Memory Usage (546400K) : Executing rule M1.a
2026-06-05 19:07:47 +0100: Memory Usage (547040K) : Executing rule M1.b
2026-06-05 19:07:51 +0100: Memory Usage (557024K) : Executing rule M1.e
2026-06-05 19:08:05 +0100: Memory Usage (557024K) : Executing rule M1.f
2026-06-05 19:08:06 +0100: Memory Usage (557024K) : Executing rule M1.g
2026-06-05 19:08:06 +0100: Memory Usage (563452K) : Executing rule M1.i
2026-06-05 19:08:06 +0100: Memory Usage (585084K) : Starting 5.17 Metaln table
2026-06-05 19:08:06 +0100: Memory Usage (585084K) : Executing rule M2.a
2026-06-05 19:08:06 +0100: Memory Usage (585084K) : Executing rule M2.b
2026-06-05 19:08:07 +0100: Memory Usage (559876K) : Executing rule M2.e
2026-06-05 19:08:07 +0100: Memory Usage (559876K) : Executing rule M2.f
2026-06-05 19:08:07 +0100: Memory Usage (559876K) : Executing rule M2.g
2026-06-05 19:08:07 +0100: Memory Usage (565636K) : Executing rule M2.i
2026-06-05 19:08:07 +0100: Memory Usage (571396K) : Executing rule M3.a
2026-06-05 19:08:08 +0100: Memory Usage (571396K) : Executing rule M3.b
2026-06-05 19:08:08 +0100: Memory Usage (571396K) : Executing rule M3.e
2026-06-05 19:08:08 +0100: Memory Usage (571396K) : Executing rule M3.f
2026-06-05 19:08:08 +0100: Memory Usage (571396K) : Executing rule M3.g
2026-06-05 19:08:08 +0100: Memory Usage (571396K) : Executing rule M3.i
2026-06-05 19:08:08 +0100: Memory Usage (571780K) : Executing rule M4.a
2026-06-05 19:08:08 +0100: Memory Usage (571780K) : Executing rule M4.b
2026-06-05 19:08:08 +0100: Memory Usage (571780K) : Executing rule M4.e
2026-06-05 19:08:08 +0100: Memory Usage (571780K) : Executing rule M4.f
2026-06-05 19:08:08 +0100: Memory Usage (571780K) : Executing rule M4.g
2026-06-05 19:08:08 +0100: Memory Usage (571780K) : Executing rule M4.i
2026-06-05 19:08:08 +0100: Memory Usage (571780K) : Executing rule M5.a
2026-06-05 19:08:08 +0100: Memory Usage (571780K) : Executing rule M5.b
2026-06-05 19:08:08 +0100: Memory Usage (571780K) : Executing rule M5.e
2026-06-05 19:08:08 +0100: Memory Usage (571780K) : Executing rule M5.f
2026-06-05 19:08:08 +0100: Memory Usage (571780K) : Executing rule M5.g
2026-06-05 19:08:08 +0100: Memory Usage (571780K) : Executing rule M5.i
2026-06-05 19:08:08 +0100: Memory Usage (571780K) : Starting 5.18 Metaln:filler table
2026-06-05 19:08:08 +0100: Memory Usage (571780K) : Executing rule M1Fil.c
2026-06-05 19:08:08 +0100: Memory Usage (571780K) : Executing rule M1Fil.a2
2026-06-05 19:08:08 +0100: Memory Usage (571780K) : Executing rule M2Fil.c
2026-06-05 19:08:08 +0100: Memory Usage (571780K) : Executing rule M2Fil.a2
2026-06-05 19:08:08 +0100: Memory Usage (571780K) : Executing rule M3Fil.c
2026-06-05 19:08:08 +0100: Memory Usage (571780K) : Executing rule M3Fil.a2
2026-06-05 19:08:08 +0100: Memory Usage (571780K) : Executing rule M4Fil.c
2026-06-05 19:08:08 +0100: Memory Usage (571780K) : Executing rule M4Fil.a2
2026-06-05 19:08:08 +0100: Memory Usage (571780K) : Executing rule M5Fil.c
2026-06-05 19:08:08 +0100: Memory Usage (571780K) : Executing rule M5Fil.a2
2026-06-05 19:08:08 +0100: Memory Usage (571780K) : Starting 5.19. Via1 table
2026-06-05 19:08:08 +0100: Memory Usage (571780K) : Starting 5.19. Via1 table derivations
2026-06-05 19:08:08 +0100: Memory Usage (571780K) : Executing rule V1.a
2026-06-05 19:08:08 +0100: Memory Usage (571780K) : Executing rule V1.b
2026-06-05 19:08:08 +0100: Memory Usage (571780K) : Executing rule V1.c
2026-06-05 19:08:09 +0100: Memory Usage (571780K) : Starting 5.20. Vian table
2026-06-05 19:08:09 +0100: Memory Usage (571780K) : Executing rule V2.a
2026-06-05 19:08:09 +0100: Memory Usage (571780K) : Executing rule V2.b
2026-06-05 19:08:09 +0100: Memory Usage (571780K) : Executing rule V2.c
2026-06-05 19:08:09 +0100: Memory Usage (571780K) : Executing rule V3.a
2026-06-05 19:08:09 +0100: Memory Usage (571780K) : Executing rule V3.b
2026-06-05 19:08:09 +0100: Memory Usage (571780K) : Executing rule V3.c
2026-06-05 19:08:09 +0100: Memory Usage (571780K) : Executing rule V4.a
2026-06-05 19:08:09 +0100: Memory Usage (571780K) : Executing rule V4.b
2026-06-05 19:08:09 +0100: Memory Usage (571780K) : Executing rule V4.c
2026-06-05 19:08:09 +0100: Memory Usage (571780K) : Starting 5.21. TopVia1 table
2026-06-05 19:08:09 +0100: Memory Usage (571780K) : Executing rule TV1.a
2026-06-05 19:08:09 +0100: Memory Usage (571780K) : Executing rule TV1.b
2026-06-05 19:08:09 +0100: Memory Usage (571780K) : Executing rule TV1.c
2026-06-05 19:08:09 +0100: Memory Usage (571780K) : Executing rule TV1.d
2026-06-05 19:08:09 +0100: Memory Usage (571780K) : Starting 5.22. TopMetal1 table
2026-06-05 19:08:09 +0100: Memory Usage (571780K) : Executing rule TM1.a
2026-06-05 19:08:09 +0100: Memory Usage (571780K) : Executing rule TM1.b
2026-06-05 19:08:09 +0100: Memory Usage (571780K) : Starting 5.23 TopMetal1:filler table
2026-06-05 19:08:09 +0100: Memory Usage (571780K) : Executing rule TM1Fil.c
2026-06-05 19:08:10 +0100: Memory Usage (571780K) : Executing rule TM1Fil.a1
2026-06-05 19:08:10 +0100: Memory Usage (571780K) : Starting 5.24. TopVia2 table
2026-06-05 19:08:10 +0100: Memory Usage (571780K) : Executing rule TV2.a
2026-06-05 19:08:10 +0100: Memory Usage (571780K) : Executing rule TV2.b
2026-06-05 19:08:10 +0100: Memory Usage (571780K) : Executing rule TV2.c
2026-06-05 19:08:10 +0100: Memory Usage (571780K) : Executing rule TV2.d
2026-06-05 19:08:10 +0100: Memory Usage (571780K) : Starting 5.25. TopMetal2 table
2026-06-05 19:08:10 +0100: Memory Usage (571780K) : Executing rule TM2.a
2026-06-05 19:08:10 +0100: Memory Usage (571780K) : Executing rule TM2.b
2026-06-05 19:08:10 +0100: Memory Usage (571780K) : Executing rule TM2.bR
2026-06-05 19:08:10 +0100: Memory Usage (571780K) : Starting 5.26 TopMetal2:filler table
2026-06-05 19:08:10 +0100: Memory Usage (571780K) : Executing rule TM2Fil.c
2026-06-05 19:08:10 +0100: Memory Usage (571780K) : Executing rule TM2Fil.a1
2026-06-05 19:08:10 +0100: Memory Usage (571780K) : Starting 5.27. Passiv table
2026-06-05 19:08:10 +0100: Memory Usage (571780K) : Executing rule Pas.a
2026-06-05 19:08:10 +0100: Memory Usage (571780K) : Executing rule Pas.b
2026-06-05 19:08:10 +0100: Memory Usage (571780K) : Executing rule Pas.c
2026-06-05 19:08:10 +0100: Memory Usage (571780K) : Starting 6.9.2 Copper Pillar table
2026-06-05 19:08:10 +0100: Memory Usage (571780K) : Executing rule Padc.a
2026-06-05 19:08:10 +0100: Memory Usage (571780K) : Executing rule Padc.b
2026-06-05 19:08:10 +0100: Memory Usage (571780K) : Executing rule Padc.c
2026-06-05 19:08:10 +0100: Memory Usage (571780K) : Executing rule Padb.f
2026-06-05 19:08:10 +0100: Memory Usage (571780K) : Starting 6.9.1 Solder Bump
2026-06-05 19:08:10 +0100: Memory Usage (571780K) : Executing rule Padb.a
2026-06-05 19:08:10 +0100: Memory Usage (571780K) : Executing rule Padb.b
2026-06-05 19:08:10 +0100: Memory Usage (571780K) : Executing rule Padb.c
2026-06-05 19:08:10 +0100: Memory Usage (571780K) : Executing rule Padb.f
2026-06-05 19:08:10 +0100: Memory Usage (571780K) : Executing rule Padb.d
2026-06-05 19:08:10 +0100: Memory Usage (571780K) : Starting 6.10 Sealring table
2026-06-05 19:08:10 +0100: Memory Usage (571780K) : Executing rule Seal.l
2026-06-05 19:08:10 +0100: Memory Usage (571780K) : Executing rule Seal.n
2026-06-05 19:08:10 +0100: Memory Usage (571780K) : Executing rule seal.b_metal1
2026-06-05 19:08:10 +0100: Memory Usage (571780K) : Executing rule seal.b_metal2
2026-06-05 19:08:10 +0100: Memory Usage (571780K) : Executing rule seal.b_metal3
2026-06-05 19:08:10 +0100: Memory Usage (571780K) : Executing rule seal.b_metal4
2026-06-05 19:08:10 +0100: Memory Usage (571780K) : Executing rule seal.b_metal5
2026-06-05 19:08:10 +0100: Memory Usage (571780K) : Executing rule seal.b_topmetal1
2026-06-05 19:08:10 +0100: Memory Usage (571780K) : Executing rule seal.b_topmetal2
2026-06-05 19:08:10 +0100: Memory Usage (571780K) : Executing rule seal.b_activ
2026-06-05 19:08:10 +0100: Memory Usage (571780K) : Executing rule seal.b_psd
2026-06-05 19:08:10 +0100: Memory Usage (571780K) : Executing rule Seal.k
2026-06-05 19:08:10 +0100: Memory Usage (571780K) : Executing rule Seal.m
2026-06-05 19:08:10 +0100: Memory Usage (571780K) : Starting 6.11 MIM table
2026-06-05 19:08:10 +0100: Memory Usage (571780K) : Executing rule MIM.c
2026-06-05 19:08:10 +0100: Memory Usage (571780K) : Executing rule MIM.d
2026-06-05 19:08:10 +0100: Memory Usage (571780K) : Executing rule MIM.gR
2026-06-05 19:08:10 +0100: Memory Usage (571780K) : Starting 7.3 Metal Slits table
2026-06-05 19:08:10 +0100: Memory Usage (571780K) : Executing rule Slt.e1_M1
2026-06-05 19:08:10 +0100: Memory Usage (571780K) : Executing rule Slt.e1_M2
2026-06-05 19:08:10 +0100: Memory Usage (571780K) : Executing rule Slt.e1_M3
2026-06-05 19:08:10 +0100: Memory Usage (571780K) : Executing rule Slt.e1_M4
2026-06-05 19:08:10 +0100: Memory Usage (571780K) : Executing rule Slt.e1_M5
2026-06-05 19:08:10 +0100: Memory Usage (571780K) : Executing rule Slt.e1_TM1
2026-06-05 19:08:10 +0100: Memory Usage (571780K) : Executing rule Slt.e1_TM2
2026-06-05 19:08:10 +0100: Memory Usage (571780K) : Starting 9.1. LBE table
2026-06-05 19:08:10 +0100: Memory Usage (571780K) : Executing rule LBE.a
2026-06-05 19:08:10 +0100: Memory Usage (571780K) : Executing rule LBE.b
2026-06-05 19:08:10 +0100: Memory Usage (571780K) : Executing rule LBE.b1
2026-06-05 19:08:10 +0100: Memory Usage (571780K) : Executing rule LBE.c
2026-06-05 19:08:10 +0100: Memory Usage (571780K) : Executing rule LBE.d
2026-06-05 19:08:10 +0100: Memory Usage (571908K) : Executing rule LBE.h
2026-06-05 19:08:10 +0100: Memory Usage (571908K) : Starting 7.4. PIN table
2026-06-05 19:08:10 +0100: Memory Usage (571908K) : Executing rule Pin.a
2026-06-05 19:08:10 +0100: Memory Usage (571908K) : Executing rule Pin.b
2026-06-05 19:08:10 +0100: Memory Usage (571908K) : Executing rule Pin.e
2026-06-05 19:08:11 +0100: Memory Usage (571908K) : Executing rule Pin.f_M2
2026-06-05 19:08:11 +0100: Memory Usage (571908K) : Executing rule Pin.f_M3
2026-06-05 19:08:11 +0100: Memory Usage (571908K) : Executing rule Pin.f_M4
2026-06-05 19:08:11 +0100: Memory Usage (571908K) : Executing rule Pin.f_M5
2026-06-05 19:08:11 +0100: Memory Usage (571908K) : Executing rule Pin.g
2026-06-05 19:08:11 +0100: Memory Usage (571908K) : Executing rule Pin.h
2026-06-05 19:08:11 +0100: Memory Usage (571908K) : Starting 3.2. FORBIDDEN table
2026-06-05 19:08:11 +0100: Memory Usage (571908K) : Executing rule forbidden.biwind
2026-06-05 19:08:11 +0100: Memory Usage (571908K) : Executing rule forbidden.pemwind
2026-06-05 19:08:11 +0100: Memory Usage (571908K) : Executing rule forbidden.baspoly
2026-06-05 19:08:11 +0100: Memory Usage (571908K) : Executing rule forbidden.deepco
2026-06-05 19:08:11 +0100: Memory Usage (571908K) : Executing rule forbidden.pempoly
2026-06-05 19:08:11 +0100: Memory Usage (571908K) : Executing rule forbidden.empoly
2026-06-05 19:08:11 +0100: Memory Usage (571908K) : Executing rule forbidden.ldmos
2026-06-05 19:08:11 +0100: Memory Usage (571908K) : Executing rule forbidden.pbiwind
2026-06-05 19:08:11 +0100: Memory Usage (571908K) : Executing rule forbidden.nodrc
2026-06-05 19:08:11 +0100: Memory Usage (571908K) : Executing rule forbidden.flash
2026-06-05 19:08:11 +0100: Memory Usage (571908K) : Executing rule forbidden.colwind
2026-06-05 19:08:11 +0100: Memory Usage (571908K) : KLayout DRC run for tables 'main' completed in 44.13 seconds
