Starting…
Running 'Verilator.Lint' at '../cpu_project/runs/RUN_2026-06-05_18-53-50/01-verilator-lint'…
Logging subprocess to [repr.filename]'../cpu_project/runs/RUN_2026-06-05_18-53-50/01-verilator-lint/verilator-lint.log'[/repr.filename]…
Running 'Checker.LintTimingConstructs' at '../cpu_project/runs/RUN_2026-06-05_18-53-50/02-checker-linttimingconstructs'…
Check for Lint Timing Errors clear.
Running 'Checker.LintErrors' at '../cpu_project/runs/RUN_2026-06-05_18-53-50/03-checker-linterrors'…
Check for Lint errors clear.
Running 'Checker.LintWarnings' at '../cpu_project/runs/RUN_2026-06-05_18-53-50/04-checker-lintwarnings'…
110 Lint warnings found.
Running 'Yosys.JsonHeader' at '../cpu_project/runs/RUN_2026-06-05_18-53-50/05-yosys-jsonheader'…
Logging subprocess to [repr.filename]'../cpu_project/runs/RUN_2026-06-05_18-53-50/05-yosys-jsonheader/yosys-jsonheader.log'[/repr.filename]…
Running 'Yosys.Synthesis' at '../cpu_project/runs/RUN_2026-06-05_18-53-50/06-yosys-synthesis'…
Logging subprocess to [repr.filename]'../cpu_project/runs/RUN_2026-06-05_18-53-50/06-yosys-synthesis/yosys-synthesis.log'[/repr.filename]…
Parsing synthesis checks…
Running 'Checker.YosysUnmappedCells' at '../cpu_project/runs/RUN_2026-06-05_18-53-50/07-checker-yosysunmappedcells'…
Check for Unmapped Yosys instances clear.
Running 'Checker.YosysSynthChecks' at '../cpu_project/runs/RUN_2026-06-05_18-53-50/08-checker-yosyssynthchecks'…
Check for Yosys check errors clear.
Running 'Checker.NetlistAssignStatements' at '../cpu_project/runs/RUN_2026-06-05_18-53-50/09-checker-netlistassignstatements'…
Running 'OpenROAD.CheckSDCFiles' at '../cpu_project/runs/RUN_2026-06-05_18-53-50/10-openroad-checksdcfiles'…
'PNR_SDC_FILE' is not defined. Using generic fallback SDC for OpenROAD PnR steps.
'SIGNOFF_SDC_FILE' is not defined. Using generic fallback SDC for OpenROAD PnR steps.
Running 'OpenROAD.CheckMacroInstances' at '../cpu_project/runs/RUN_2026-06-05_18-53-50/11-openroad-checkmacroinstances'…
No macros found, skipping instance check…
Running 'OpenROAD.STAPrePNR' at '../cpu_project/runs/RUN_2026-06-05_18-53-50/12-openroad-staprepnr'…
Starting STA for the nom_fast_1p32V_m40C timing corner…
Starting STA for the nom_slow_1p08V_125C timing corner…
Logging subprocess to [repr.filename]'../cpu_project/runs/RUN_2026-06-05_18-53-50/12-openroad-staprepnr/nom_fast_1p32V_m40C/sta.log'[/repr.filename]…
Logging subprocess to [repr.filename]'../cpu_project/runs/RUN_2026-06-05_18-53-50/12-openroad-staprepnr/nom_slow_1p08V_125C/sta.log'[/repr.filename]…
Finished STA for the nom_slow_1p08V_125C timing corner.
Starting STA for the nom_typ_1p20V_25C timing corner…
Finished STA for the nom_fast_1p32V_m40C timing corner.
Logging subprocess to [repr.filename]'../cpu_project/runs/RUN_2026-06-05_18-53-50/12-openroad-staprepnr/nom_typ_1p20V_25C/sta.log'[/repr.filename]…
Finished STA for the nom_typ_1p20V_25C timing corner.
Running 'OpenROAD.Floorplan' at '../cpu_project/runs/RUN_2026-06-05_18-53-50/13-openroad-floorplan'…
Logging subprocess to [repr.filename]'../cpu_project/runs/RUN_2026-06-05_18-53-50/13-openroad-floorplan/openroad-floorplan.log'[/repr.filename]…
Running 'OpenROAD.DumpRCValues' at '../cpu_project/runs/RUN_2026-06-05_18-53-50/14-openroad-dumprcvalues'…
Logging subprocess to [repr.filename]'../cpu_project/runs/RUN_2026-06-05_18-53-50/14-openroad-dumprcvalues/openroad-dumprcvalues.log'[/repr.filename]…
Running 'Odb.CheckMacroAntennaProperties' at '../cpu_project/runs/RUN_2026-06-05_18-53-50/15-odb-checkmacroantennaproperties'…
No cells provided, skipping 'Odb.CheckMacroAntennaProperties'…
Running 'Odb.SetPowerConnections' at '../cpu_project/runs/RUN_2026-06-05_18-53-50/16-odb-setpowerconnections'…
Logging subprocess to [repr.filename]'../cpu_project/runs/RUN_2026-06-05_18-53-50/16-odb-setpowerconnections/odb-setpowerconnections.log'[/repr.filename]…
Running 'Odb.ManualMacroPlacement' at '../cpu_project/runs/RUN_2026-06-05_18-53-50/17-odb-manualmacroplacement'…
No instances found, skipping 'Odb.ManualMacroPlacement'…
Running 'OpenROAD.CutRows' at '../cpu_project/runs/RUN_2026-06-05_18-53-50/18-openroad-cutrows'…
Logging subprocess to [repr.filename]'../cpu_project/runs/RUN_2026-06-05_18-53-50/18-openroad-cutrows/openroad-cutrows.log'[/repr.filename]…
Running 'OpenROAD.TapEndcapInsertion' at '../cpu_project/runs/RUN_2026-06-05_18-53-50/19-openroad-tapendcapinsertion'…
Logging subprocess to [repr.filename]'../cpu_project/runs/RUN_2026-06-05_18-53-50/19-openroad-tapendcapinsertion/openroad-tapendcapinsertion.log'[/repr.filename]…
Running 'Odb.AddPDNObstructions' at '../cpu_project/runs/RUN_2026-06-05_18-53-50/20-odb-addpdnobstructions'…
'PDN_OBSTRUCTIONS' is not defined. Skipping 'Odb.AddPDNObstructions'…
Running 'OpenROAD.GeneratePDN' at '../cpu_project/runs/RUN_2026-06-05_18-53-50/21-openroad-generatepdn'…
'PDN_CFG' not explicitly set, setting it to /nix/store/4ih3gsigr3b9bd23wa17npi2ivyrcbnd-python3-3.13.9-env/lib/python3.13/site-packages/librelane/scripts/openroad/common/pdn_cfg.tcl…
Logging subprocess to [repr.filename]'../cpu_project/runs/RUN_2026-06-05_18-53-50/21-openroad-generatepdn/openroad-generatepdn.log'[/repr.filename]…
Running 'Odb.RemovePDNObstructions' at '../cpu_project/runs/RUN_2026-06-05_18-53-50/22-odb-removepdnobstructions'…
'PDN_OBSTRUCTIONS' is not defined. Skipping 'Odb.RemovePDNObstructions'…
Running 'Odb.AddRoutingObstructions' at '../cpu_project/runs/RUN_2026-06-05_18-53-50/23-odb-addroutingobstructions'…
'ROUTING_OBSTRUCTIONS' is not defined. Skipping 'Odb.AddRoutingObstructions'…
Running 'OpenROAD.GlobalPlacementSkipIO' at '../cpu_project/runs/RUN_2026-06-05_18-53-50/24-openroad-globalplacementskipio'…
Logging subprocess to [repr.filename]'../cpu_project/runs/RUN_2026-06-05_18-53-50/24-openroad-globalplacementskipio/openroad-globalplacementskipio.log'[/repr.filename]…
[GPL-0302] Target density 0.4000 is too low for the available free area.
Running 'OpenROAD.IOPlacement' at '../cpu_project/runs/RUN_2026-06-05_18-53-50/25-openroad-ioplacement'…
Logging subprocess to [repr.filename]'../cpu_project/runs/RUN_2026-06-05_18-53-50/25-openroad-ioplacement/openroad-ioplacement.log'[/repr.filename]…
Running 'Odb.CustomIOPlacement' at '../cpu_project/runs/RUN_2026-06-05_18-53-50/26-odb-customioplacement'…
No custom I/O placement file configured, skipping 'Odb.CustomIOPlacement'…
Running 'Odb.ApplyDEFTemplate' at '../cpu_project/runs/RUN_2026-06-05_18-53-50/27-odb-applydeftemplate'…
No DEF template provided, skipping 'Odb.ApplyDEFTemplate'…
Running 'OpenROAD.GlobalPlacement' at '../cpu_project/runs/RUN_2026-06-05_18-53-50/28-openroad-globalplacement'…
Logging subprocess to [repr.filename]'../cpu_project/runs/RUN_2026-06-05_18-53-50/28-openroad-globalplacement/openroad-globalplacement.log'[/repr.filename]…
[GPL-0302] Target density 0.4000 is too low for the available free area.
Running 'Odb.WriteVerilogHeader' at '../cpu_project/runs/RUN_2026-06-05_18-53-50/29-odb-writeverilogheader'…
Logging subprocess to [repr.filename]'../cpu_project/runs/RUN_2026-06-05_18-53-50/29-odb-writeverilogheader/odb-writeverilogheader.log'[/repr.filename]…
Running 'Checker.PowerGridViolations' at '../cpu_project/runs/RUN_2026-06-05_18-53-50/30-checker-powergridviolations'…
Check for power grid violations (as reported by OpenROAD PSM- you may ignore these if LVS passes) clear.
Running 'OpenROAD.STAMidPNR' at '../cpu_project/runs/RUN_2026-06-05_18-53-50/31-openroad-stamidpnr'…
Logging subprocess to [repr.filename]'../cpu_project/runs/RUN_2026-06-05_18-53-50/31-openroad-stamidpnr/openroad-stamidpnr.log'[/repr.filename]…
Running 'OpenROAD.RepairDesignPostGPL' at '../cpu_project/runs/RUN_2026-06-05_18-53-50/32-openroad-repairdesignpostgpl'…
Logging subprocess to [repr.filename]'../cpu_project/runs/RUN_2026-06-05_18-53-50/32-openroad-repairdesignpostgpl/openroad-repairdesignpostgpl.log'[/repr.filename]…
Running 'Odb.ManualGlobalPlacement' at '../cpu_project/runs/RUN_2026-06-05_18-53-50/33-odb-manualglobalplacement'…
'MANUAL_GLOBAL_PLACEMENTS' not set. Skipping 'Odb.ManualGlobalPlacement'…
Running 'OpenROAD.DetailedPlacement' at '../cpu_project/runs/RUN_2026-06-05_18-53-50/34-openroad-detailedplacement'…
Logging subprocess to [repr.filename]'../cpu_project/runs/RUN_2026-06-05_18-53-50/34-openroad-detailedplacement/openroad-detailedplacement.log'[/repr.filename]…
Running 'OpenROAD.CTS' at '../cpu_project/runs/RUN_2026-06-05_18-53-50/35-openroad-cts'…
Logging subprocess to [repr.filename]'../cpu_project/runs/RUN_2026-06-05_18-53-50/35-openroad-cts/openroad-cts.log'[/repr.filename]…
Running 'OpenROAD.STAMidPNR-1' at '../cpu_project/runs/RUN_2026-06-05_18-53-50/36-openroad-stamidpnr-1'…
Logging subprocess to [repr.filename]'../cpu_project/runs/RUN_2026-06-05_18-53-50/36-openroad-stamidpnr-1/openroad-stamidpnr-1.log'[/repr.filename]…
Running 'OpenROAD.ResizerTimingPostCTS' at '../cpu_project/runs/RUN_2026-06-05_18-53-50/37-openroad-resizertimingpostcts'…
Logging subprocess to [repr.filename]'../cpu_project/runs/RUN_2026-06-05_18-53-50/37-openroad-resizertimingpostcts/openroad-resizertimingpostcts.log'[/repr.filename]…
Running 'OpenROAD.STAMidPNR-2' at '../cpu_project/runs/RUN_2026-06-05_18-53-50/38-openroad-stamidpnr-2'…
Logging subprocess to [repr.filename]'../cpu_project/runs/RUN_2026-06-05_18-53-50/38-openroad-stamidpnr-2/openroad-stamidpnr-2.log'[/repr.filename]…
Running 'OpenROAD.GlobalRouting' at '../cpu_project/runs/RUN_2026-06-05_18-53-50/39-openroad-globalrouting'…
Logging subprocess to [repr.filename]'../cpu_project/runs/RUN_2026-06-05_18-53-50/39-openroad-globalrouting/openroad-globalrouting.log'[/repr.filename]…
Running 'OpenROAD.CheckAntennas' at '../cpu_project/runs/RUN_2026-06-05_18-53-50/40-openroad-checkantennas'…
Logging subprocess to [repr.filename]'../cpu_project/runs/RUN_2026-06-05_18-53-50/40-openroad-checkantennas/openroad-checkantennas.log'[/repr.filename]…
Gating variable for step 'OpenROAD.RepairDesignPostGRT' set to 'False'- the step will be skipped.
Skipping step 'Repair Design (Post-Global Routing)'…
Running 'Odb.DiodesOnPorts' at '../cpu_project/runs/RUN_2026-06-05_18-53-50/41-odb-diodesonports'…
'DIODE_ON_PORTS' is set to 'none': skipping 'Odb.DiodesOnPorts'…
Gating variable for step 'Odb.HeuristicDiodeInsertion' set to 'False'- the step will be skipped.
Skipping step 'Heuristic Diode Insertion'…
Running 'OpenROAD.RepairAntennas' at '../cpu_project/runs/RUN_2026-06-05_18-53-50/42-openroad-repairantennas'…
Running 'OpenROAD.DiodeInsertion' at '../cpu_project/runs/RUN_2026-06-05_18-53-50/42-openroad-repairantennas/1-openroad-diodeinsertion'…
Logging subprocess to [repr.filename]'../cpu_project/runs/RUN_2026-06-05_18-53-50/42-openroad-repairantennas/1-openroad-diodeinsertion/openroad-diodeinsertion.log'[/repr.filename]…
Running 'OpenROAD.CheckAntennas' at '../cpu_project/runs/RUN_2026-06-05_18-53-50/42-openroad-repairantennas/2-openroad-checkantennas'…
Logging subprocess to [repr.filename]'../cpu_project/runs/RUN_2026-06-05_18-53-50/42-openroad-repairantennas/2-openroad-checkantennas/openroad-checkantennas.log'[/repr.filename]…
Gating variable for step 'OpenROAD.ResizerTimingPostGRT' set to 'False'- the step will be skipped.
Skipping step 'Resizer Timing Optimizations (Post-Global Routing)'…
Running 'OpenROAD.STAMidPNR-3' at '../cpu_project/runs/RUN_2026-06-05_18-53-50/43-openroad-stamidpnr-3'…
Logging subprocess to [repr.filename]'../cpu_project/runs/RUN_2026-06-05_18-53-50/43-openroad-stamidpnr-3/openroad-stamidpnr-3.log'[/repr.filename]…
Running 'OpenROAD.DetailedRouting' at '../cpu_project/runs/RUN_2026-06-05_18-53-50/44-openroad-detailedrouting'…
Running TritonRoute with 2 threads…
Logging subprocess to [repr.filename]'../cpu_project/runs/RUN_2026-06-05_18-53-50/44-openroad-detailedrouting/openroad-detailedrouting.log'[/repr.filename]…
[DRT-0349] LEF58_ENCLOSURE with no CUTCLASS is not supported. Skipping for layer Cont
[DRT-0349] LEF58_ENCLOSURE with no CUTCLASS is not supported. Skipping for layer Via1
[DRT-0349] LEF58_ENCLOSURE with no CUTCLASS is not supported. Skipping for layer Via1
[DRT-0349] LEF58_ENCLOSURE with no CUTCLASS is not supported. Skipping for layer Via2
[DRT-0349] LEF58_ENCLOSURE with no CUTCLASS is not supported. Skipping for layer Via3
[DRT-0349] LEF58_ENCLOSURE with no CUTCLASS is not supported. Skipping for layer Via4
[DRT-0349] LEF58_ENCLOSURE with no CUTCLASS is not supported. Skipping for layer TopVia1
[DRT-0349] LEF58_ENCLOSURE with no CUTCLASS is not supported. Skipping for layer TopVia1
[DRT-0349] LEF58_ENCLOSURE with no CUTCLASS is not supported. Skipping for layer TopVia2
[DRT-0349] LEF58_ENCLOSURE with no CUTCLASS is not supported. Skipping for layer TopVia2
Running 'Odb.RemoveRoutingObstructions' at '../cpu_project/runs/RUN_2026-06-05_18-53-50/45-odb-removeroutingobstructions'…
'ROUTING_OBSTRUCTIONS' is not defined. Skipping 'Odb.RemoveRoutingObstructions'…
Running 'OpenROAD.CheckAntennas-1' at '../cpu_project/runs/RUN_2026-06-05_18-53-50/46-openroad-checkantennas-1'…
Logging subprocess to [repr.filename]'../cpu_project/runs/RUN_2026-06-05_18-53-50/46-openroad-checkantennas-1/openroad-checkantennas-1.log'[/repr.filename]…
Running 'Checker.TrDRC' at '../cpu_project/runs/RUN_2026-06-05_18-53-50/47-checker-trdrc'…
Check for Routing DRC errors clear.
Running 'Odb.ReportDisconnectedPins' at '../cpu_project/runs/RUN_2026-06-05_18-53-50/48-odb-reportdisconnectedpins'…
Logging subprocess to [repr.filename]'../cpu_project/runs/RUN_2026-06-05_18-53-50/48-odb-reportdisconnectedpins/odb-reportdisconnectedpins.log'[/repr.filename]…
Running 'Checker.DisconnectedPins' at '../cpu_project/runs/RUN_2026-06-05_18-53-50/49-checker-disconnectedpins'…
Check for critical disconnected pins clear.
Running 'Odb.ReportWireLength' at '../cpu_project/runs/RUN_2026-06-05_18-53-50/50-odb-reportwirelength'…
Logging subprocess to [repr.filename]'../cpu_project/runs/RUN_2026-06-05_18-53-50/50-odb-reportwirelength/odb-reportwirelength.log'[/repr.filename]…
Running 'Checker.WireLength' at '../cpu_project/runs/RUN_2026-06-05_18-53-50/51-checker-wirelength'…
Threshold for Threshold-surpassing long wires is not set. The checker will be skipped.
Running 'OpenROAD.FillInsertion' at '../cpu_project/runs/RUN_2026-06-05_18-53-50/52-openroad-fillinsertion'…
Logging subprocess to [repr.filename]'../cpu_project/runs/RUN_2026-06-05_18-53-50/52-openroad-fillinsertion/openroad-fillinsertion.log'[/repr.filename]…
Running 'Odb.CellFrequencyTables' at '../cpu_project/runs/RUN_2026-06-05_18-53-50/53-odb-cellfrequencytables'…
Logging subprocess to [repr.filename]'../cpu_project/runs/RUN_2026-06-05_18-53-50/53-odb-cellfrequencytables/buffer_list.txt'[/repr.filename]…
Logging subprocess to [repr.filename]'../cpu_project/runs/RUN_2026-06-05_18-53-50/53-odb-cellfrequencytables/odb-cellfrequencytables.log'[/repr.filename]…
Running 'OpenROAD.RCX' at '../cpu_project/runs/RUN_2026-06-05_18-53-50/54-openroad-rcx'…
Running RCX for corners matching nom_* (/home/user/cpu_project/runs/RUN_2026-06-05_18-53-50/54-openroad-rcx/nom/rcx.log)…
Logging subprocess to [repr.filename]'../cpu_project/runs/RUN_2026-06-05_18-53-50/54-openroad-rcx/nom/rcx.log'[/repr.filename]…
Finished RCX for corners matching nom_*.
Running 'OpenROAD.STAPostPNR' at '../cpu_project/runs/RUN_2026-06-05_18-53-50/55-openroad-stapostpnr'…
Starting STA for the nom_fast_1p32V_m40C timing corner…
Logging subprocess to [repr.filename]'../cpu_project/runs/RUN_2026-06-05_18-53-50/55-openroad-stapostpnr/nom_fast_1p32V_m40C/sta.log'[/repr.filename]…
Starting STA for the nom_slow_1p08V_125C timing corner…
Logging subprocess to [repr.filename]'../cpu_project/runs/RUN_2026-06-05_18-53-50/55-openroad-stapostpnr/nom_slow_1p08V_125C/sta.log'[/repr.filename]…
Finished STA for the nom_slow_1p08V_125C timing corner.
Logging subprocess to [repr.filename]'../cpu_project/runs/RUN_2026-06-05_18-53-50/55-openroad-stapostpnr/nom_slow_1p08V_125C/filter_unannotated.log'[/repr.filename]…
Finished STA for the nom_fast_1p32V_m40C timing corner.
Logging subprocess to [repr.filename]'../cpu_project/runs/RUN_2026-06-05_18-53-50/55-openroad-stapostpnr/nom_fast_1p32V_m40C/filter_unannotated.log'[/repr.filename]…
Starting STA for the nom_typ_1p20V_25C timing corner…
Logging subprocess to [repr.filename]'../cpu_project/runs/RUN_2026-06-05_18-53-50/55-openroad-stapostpnr/nom_typ_1p20V_25C/sta.log'[/repr.filename]…
Finished STA for the nom_typ_1p20V_25C timing corner.
Logging subprocess to [repr.filename]'../cpu_project/runs/RUN_2026-06-05_18-53-50/55-openroad-stapostpnr/nom_typ_1p20V_25C/filter_unannotated.log'[/repr.filename]…
Running 'OpenROAD.IRDropReport' at '../cpu_project/runs/RUN_2026-06-05_18-53-50/56-openroad-irdropreport'…
'VSRC_LOC_FILES' was not given a value, which may make the results of IR drop analysis inaccurate. If you are not integrating a top-level chip for manufacture, you may ignore this warning, otherwise, see the documentation for 'VSRC_LOC_FILES'.
Logging subprocess to [repr.filename]'../cpu_project/runs/RUN_2026-06-05_18-53-50/56-openroad-irdropreport/openroad-irdropreport.log'[/repr.filename]…
+ analyze_power_grid -net VPWR -voltage_file /home/user/cpu_project/runs/RUN_2026-06-05_18-53-50/56-openroad-irdropreport/net-VPWR.csv
[INFO PSM-0040] All shapes on net VPWR are connected.
########## IR report #################
Net              : VPWR
Corner           : nom_typ_1p20V_25C
Total power      : 5.85e-03 W
Supply voltage   : 1.20e+00 V
Worstcase voltage: 1.19e+00 V
Average voltage  : 1.20e+00 V
Average IR drop  : 7.02e-04 V
Worstcase IR drop: 1.33e-02 V
Percentage drop  : 1.11 %
######################################
+ analyze_power_grid -net VGND -voltage_file /home/user/cpu_project/runs/RUN_2026-06-05_18-53-50/56-openroad-irdropreport/net-VGND.csv
[INFO PSM-0040] All shapes on net VGND are connected.
########## IR report #################
Net              : VGND
Corner           : nom_typ_1p20V_25C
Total power      : 5.85e-03 W
Supply voltage   : 0.00e+00 V
Worstcase voltage: 5.18e-03 V
Average voltage  : 4.04e-04 V
Average IR drop  : 4.04e-04 V
Worstcase IR drop: 5.18e-03 V
Percentage drop  : 0.43 %
######################################

Running 'Magic.StreamOut' at '../cpu_project/runs/RUN_2026-06-05_18-53-50/57-magic-streamout'…
Logging subprocess to [repr.filename]'../cpu_project/runs/RUN_2026-06-05_18-53-50/57-magic-streamout/magic-streamout.log'[/repr.filename]…
Running 'KLayout.StreamOut' at '../cpu_project/runs/RUN_2026-06-05_18-53-50/58-klayout-streamout'…
Logging subprocess to [repr.filename]'../cpu_project/runs/RUN_2026-06-05_18-53-50/58-klayout-streamout/klayout-streamout.log'[/repr.filename]…
Running 'KLayout.Render' at '../cpu_project/runs/RUN_2026-06-05_18-53-50/59-klayout-render'…
Logging subprocess to [repr.filename]'../cpu_project/runs/RUN_2026-06-05_18-53-50/59-klayout-render/klayout-render.log'[/repr.filename]…
Running 'Magic.WriteLEF' at '../cpu_project/runs/RUN_2026-06-05_18-53-50/60-magic-writelef'…
Logging subprocess to [repr.filename]'../cpu_project/runs/RUN_2026-06-05_18-53-50/60-magic-writelef/magic-writelef.log'[/repr.filename]…
Running 'Odb.CheckDesignAntennaProperties' at '../cpu_project/runs/RUN_2026-06-05_18-53-50/61-odb-checkdesignantennaproperties'…
Logging subprocess to [repr.filename]'../cpu_project/runs/RUN_2026-06-05_18-53-50/61-odb-checkdesignantennaproperties/odb-checkdesignantennaproperties.log'[/repr.filename]…
Cell 'CPU_TOP' has (8) input pin(s) without antenna gate information. They might not be connected to a gate.
Running 'KLayout.XOR' at '../cpu_project/runs/RUN_2026-06-05_18-53-50/62-klayout-xor'…
Running XOR with 2 threads…
Logging subprocess to [repr.filename]'../cpu_project/runs/RUN_2026-06-05_18-53-50/62-klayout-xor/klayout-xor.log'[/repr.filename]…
Running 'Checker.XOR' at '../cpu_project/runs/RUN_2026-06-05_18-53-50/63-checker-xor'…
Check for XOR differences clear.
Running 'Magic.DRC' at '../cpu_project/runs/RUN_2026-06-05_18-53-50/64-magic-drc'…
Logging subprocess to [repr.filename]'../cpu_project/runs/RUN_2026-06-05_18-53-50/64-magic-drc/magic-drc.log'[/repr.filename]…
Running 'KLayout.DRC' at '../cpu_project/runs/RUN_2026-06-05_18-53-50/65-klayout-drc'…
Running KLayout DRC with 2 threads…
Logging subprocess to [repr.filename]'../cpu_project/runs/RUN_2026-06-05_18-53-50/65-klayout-drc/klayout-drc.log'[/repr.filename]…
Logging subprocess to [repr.filename]'../cpu_project/runs/RUN_2026-06-05_18-53-50/65-klayout-drc/xml_drc_report_to_json.log'[/repr.filename]…
Running 'Checker.MagicDRC' at '../cpu_project/runs/RUN_2026-06-05_18-53-50/66-checker-magicdrc'…
Check for Magic DRC errors clear.
Running 'Checker.KLayoutDRC' at '../cpu_project/runs/RUN_2026-06-05_18-53-50/67-checker-klayoutdrc'…
Check for KLayout DRC errors clear.
Running 'Magic.SpiceExtraction' at '../cpu_project/runs/RUN_2026-06-05_18-53-50/68-magic-spiceextraction'…
Logging subprocess to [repr.filename]'../cpu_project/runs/RUN_2026-06-05_18-53-50/68-magic-spiceextraction/magic-spiceextraction.log'[/repr.filename]…
Running 'Checker.IllegalOverlap' at '../cpu_project/runs/RUN_2026-06-05_18-53-50/69-checker-illegaloverlap'…
Check for Magic Illegal Overlap errors clear.
Running 'Netgen.LVS' at '../cpu_project/runs/RUN_2026-06-05_18-53-50/70-netgen-lvs'…
Logging subprocess to [repr.filename]'../cpu_project/runs/RUN_2026-06-05_18-53-50/70-netgen-lvs/netgen-lvs.log'[/repr.filename]…
Running 'Checker.LVS' at '../cpu_project/runs/RUN_2026-06-05_18-53-50/71-checker-lvs'…
Check for LVS errors clear.
Gating variable for step 'Yosys.EQY' set to 'False'- the step will be skipped.
Skipping step 'Equivalence Check'…
Running 'Checker.SetupViolations' at '../cpu_project/runs/RUN_2026-06-05_18-53-50/72-checker-setupviolations'…
Setup violations found in the following corners:
* nom_slow_1p08V_125C
No setup violations found
Running 'Checker.HoldViolations' at '../cpu_project/runs/RUN_2026-06-05_18-53-50/73-checker-holdviolations'…
No hold violations found
Running 'Checker.MaxSlewViolations' at '../cpu_project/runs/RUN_2026-06-05_18-53-50/74-checker-maxslewviolations'…
No max slew violations found
Running 'Checker.MaxCapViolations' at '../cpu_project/runs/RUN_2026-06-05_18-53-50/75-checker-maxcapviolations'…
No max cap violations found
Running 'Misc.ReportManufacturability' at '../cpu_project/runs/RUN_2026-06-05_18-53-50/76-misc-reportmanufacturability'…
Saving views to '/home/user/cpu_project/runs/RUN_2026-06-05_18-53-50/final'…
Flow complete.
Starting…
Running 'OpenROAD.OpenGUI' at '../cpu_project/runs/RUN_2026-06-05_18-53-50/77-openroad-opengui'…
Logging subprocess to [repr.filename]'../cpu_project/runs/RUN_2026-06-05_18-53-50/77-openroad-opengui/openroad-opengui.log'[/repr.filename]…
[GUI-0076] qglx_findConfig: Failed to finding matching FBConfig for QSurfaceFormat(version 2.0, options QFlags<QSurfaceFormat::FormatOption>(), depthBufferSize -1, redBufferSize 1, greenBufferSize 1, blueBufferSize 1, alphaBufferSize -1, stencilBufferSize -1, samples -1, swapBehavior QSurfaceFormat::SingleBuffer, swapInterval 1, colorSpace QSurfaceFormat::DefaultColorSpace, profile  QSurfaceFormat::NoProfile)
[GUI-0076] qglx_findConfig: Failed to finding matching FBConfig for QSurfaceFormat(version 2.0, options QFlags<QSurfaceFormat::FormatOption>(), depthBufferSize -1, redBufferSize 1, greenBufferSize 1, blueBufferSize 1, alphaBufferSize -1, stencilBufferSize -1, samples -1, swapBehavior QSurfaceFormat::SingleBuffer, swapInterval 1, colorSpace QSurfaceFormat::DefaultColorSpace, profile  QSurfaceFormat::NoProfile)
[GUI-0076] qglx_findConfig: Failed to finding matching FBConfig for QSurfaceFormat(version 2.0, options QFlags<QSurfaceFormat::FormatOption>(), depthBufferSize -1, redBufferSize 1, greenBufferSize 1, blueBufferSize 1, alphaBufferSize -1, stencilBufferSize -1, samples -1, swapBehavior QSurfaceFormat::SingleBuffer, swapInterval 1, colorSpace QSurfaceFormat::DefaultColorSpace, profile  QSurfaceFormat::NoProfile)
[GUI-0076] qglx_findConfig: Failed to finding matching FBConfig for QSurfaceFormat(version 2.0, options QFlags<QSurfaceFormat::FormatOption>(), depthBufferSize -1, redBufferSize 1, greenBufferSize 1, blueBufferSize 1, alphaBufferSize -1, stencilBufferSize -1, samples -1, swapBehavior QSurfaceFormat::SingleBuffer, swapInterval 1, colorSpace QSurfaceFormat::DefaultColorSpace, profile  QSurfaceFormat::NoProfile)
[GUI-0076] qglx_findConfig: Failed to finding matching FBConfig for QSurfaceFormat(version 2.0, options QFlags<QSurfaceFormat::FormatOption>(), depthBufferSize -1, redBufferSize 1, greenBufferSize 1, blueBufferSize 1, alphaBufferSize -1, stencilBufferSize -1, samples -1, swapBehavior QSurfaceFormat::SingleBuffer, swapInterval 1, colorSpace QSurfaceFormat::DefaultColorSpace, profile  QSurfaceFormat::NoProfile)
[GUI-0076] qglx_findConfig: Failed to finding matching FBConfig for QSurfaceFormat(version 2.0, options QFlags<QSurfaceFormat::FormatOption>(), depthBufferSize -1, redBufferSize 1, greenBufferSize 1, blueBufferSize 1, alphaBufferSize -1, stencilBufferSize -1, samples -1, swapBehavior QSurfaceFormat::SingleBuffer, swapInterval 1, colorSpace QSurfaceFormat::DefaultColorSpace, profile  QSurfaceFormat::NoProfile)
[GUI-0076] qglx_findConfig: Failed to finding matching FBConfig for QSurfaceFormat(version 2.0, options QFlags<QSurfaceFormat::FormatOption>(), depthBufferSize -1, redBufferSize 1, greenBufferSize 1, blueBufferSize 1, alphaBufferSize -1, stencilBufferSize -1, samples -1, swapBehavior QSurfaceFormat::SingleBuffer, swapInterval 1, colorSpace QSurfaceFormat::DefaultColorSpace, profile  QSurfaceFormat::NoProfile)
[GUI-0076] qglx_findConfig: Failed to finding matching FBConfig for QSurfaceFormat(version 2.0, options QFlags<QSurfaceFormat::FormatOption>(), depthBufferSize -1, redBufferSize 1, greenBufferSize 1, blueBufferSize 1, alphaBufferSize -1, stencilBufferSize -1, samples -1, swapBehavior QSurfaceFormat::SingleBuffer, swapInterval 1, colorSpace QSurfaceFormat::DefaultColorSpace, profile  QSurfaceFormat::NoProfile)
Saving views to '/home/user/cpu_project/runs/RUN_2026-06-05_18-53-50/final'…
Flow complete.
