Reading timing models for corner nom_typ_1p20V_25C…
Reading timing library for the 'nom_typ_1p20V_25C' corner at '/home/user/your_directory/IHP-Open-PDK/ciel/ihp-sg13g2/versions/c4b8b4e5e7a05f375cca3815d51b3a37721fbf5c/ihp-sg13g2/libs.ref/sg13g2_stdcell/lib/sg13g2_stdcell_typ_1p20V_25C.lib'…
Reading timing library for the 'nom_typ_1p20V_25C' corner at '/home/user/your_directory/IHP-Open-PDK/ciel/ihp-sg13g2/versions/c4b8b4e5e7a05f375cca3815d51b3a37721fbf5c/ihp-sg13g2/libs.ref/sg13g2_io/lib/sg13g2_io_typ_1p2V_3p3V_25C.lib'…
Reading OpenROAD database at '/home/user/cpu_project/runs/RUN_2026-06-05_18-53-50/48-odb-reportdisconnectedpins/CPU_TOP.odb'…
Reading design constraints file at '/nix/store/4ih3gsigr3b9bd23wa17npi2ivyrcbnd-python3-3.13.9-env/lib/python3.13/site-packages/librelane/scripts/base.sdc'…
[INFO] Using clock clk…
[INFO] Setting output delay to: 2
[INFO] Setting input delay to: 2
[INFO] Setting load to: 0.006
[INFO] Setting clock uncertainty to: 0.25
[INFO] Setting clock transition to: 0.15
[INFO] Setting timing derate to: 5%
sg13g2_decap_* sg13g2_fill_1 sg13g2_fill_2
[INFO DPL-0001] Placed 5540 filler instances.
Setting global connections for newly added cells…
[INFO] Setting global connections...
[INFO ODB-0403] 11080 connections made, 0 conflicts skipped.
Updating metrics…
Cell type report:                       Count       Area
  Fill cell                              5540   47557.24
  Buffer                                   32     232.24
  Clock buffer                             31     840.07
  Timing Repair Buffer                    892    9079.26
  Inverter                                397    2160.95
  Clock inverter                           15     163.30
  Sequential cell                         260   12737.09
  Multi-Input combinational cell         2240   24234.94
  Total                                  9407   97005.08
Writing OpenROAD database to '/home/user/cpu_project/runs/RUN_2026-06-05_18-53-50/52-openroad-fillinsertion/CPU_TOP.odb'…
Writing netlist to '/home/user/cpu_project/runs/RUN_2026-06-05_18-53-50/52-openroad-fillinsertion/CPU_TOP.nl.v'…
Writing powered netlist to '/home/user/cpu_project/runs/RUN_2026-06-05_18-53-50/52-openroad-fillinsertion/CPU_TOP.pnl.v'…
Writing layout to '/home/user/cpu_project/runs/RUN_2026-06-05_18-53-50/52-openroad-fillinsertion/CPU_TOP.def'…
Writing timing constraints to '/home/user/cpu_project/runs/RUN_2026-06-05_18-53-50/52-openroad-fillinsertion/CPU_TOP.sdc'…
