Reading technology LEF file at '/home/user/your_directory/IHP-Open-PDK/ciel/ihp-sg13g2/versions/c4b8b4e5e7a05f375cca3815d51b3a37721fbf5c/ihp-sg13g2/libs.ref/sg13g2_stdcell/lef/sg13g2_tech.lef'…
[INFO ODB-0227] LEF file: /home/user/your_directory/IHP-Open-PDK/ciel/ihp-sg13g2/versions/c4b8b4e5e7a05f375cca3815d51b3a37721fbf5c/ihp-sg13g2/libs.ref/sg13g2_stdcell/lef/sg13g2_tech.lef, created 19 layers, 70 vias
Reading cell LEF file at '/home/user/your_directory/IHP-Open-PDK/ciel/ihp-sg13g2/versions/c4b8b4e5e7a05f375cca3815d51b3a37721fbf5c/ihp-sg13g2/libs.ref/sg13g2_stdcell/lef/sg13g2_stdcell.lef'…
[INFO ODB-0227] LEF file: /home/user/your_directory/IHP-Open-PDK/ciel/ihp-sg13g2/versions/c4b8b4e5e7a05f375cca3815d51b3a37721fbf5c/ihp-sg13g2/libs.ref/sg13g2_stdcell/lef/sg13g2_stdcell.lef, created 84 library cells
Reading gpio pad LEF file at '/home/user/your_directory/IHP-Open-PDK/ciel/ihp-sg13g2/versions/c4b8b4e5e7a05f375cca3815d51b3a37721fbf5c/ihp-sg13g2/libs.ref/sg13g2_io/lef/sg13g2_io.lef'…
[INFO ODB-0227] LEF file: /home/user/your_directory/IHP-Open-PDK/ciel/ihp-sg13g2/versions/c4b8b4e5e7a05f375cca3815d51b3a37721fbf5c/ihp-sg13g2/libs.ref/sg13g2_io/lef/sg13g2_io.lef, created 22 library cells
[INFO ODB-0127] Reading DEF file: /home/user/cpu_project/runs/RUN_2026-06-05_18-53-50/53-odb-cellfrequencytables/CPU_TOP.def
[INFO ODB-0128] Design: CPU_TOP
[INFO ODB-0130]     Created 240 pins.
[INFO ODB-0131]     Created 9407 components and 31295 component-terminals.
[INFO ODB-0132]     Created 2 special nets and 18814 connections.
[INFO ODB-0133]     Created 3956 nets and 12464 connections.
[INFO ODB-0134] Finished DEF file: /home/user/cpu_project/runs/RUN_2026-06-05_18-53-50/53-odb-cellfrequencytables/CPU_TOP.def
Using RCX ruleset '/home/user/your_directory/IHP-Open-PDK/ciel/ihp-sg13g2/versions/c4b8b4e5e7a05f375cca3815d51b3a37721fbf5c/ihp-sg13g2/libs.tech/librelane/IHP_rcx_patterns.rules'…
[INFO RCX-0431] Defined process_corner CURRENT_CORNER with ext_model_index 0
[INFO RCX-0029] Defined extraction corner CURRENT_CORNER
+ extract_parasitics  -ext_model_file /home/user/your_directory/IHP-Open-PDK/ciel/ihp-sg13g2/versions/c4b8b4e5e7a05f375cca3815d51b3a37721fbf5c/ihp-sg13g2/libs.tech/librelane/IHP_rcx_patterns.rules -lef_res
[INFO RCX-0435] Reading extraction model file /home/user/your_directory/IHP-Open-PDK/ciel/ihp-sg13g2/versions/c4b8b4e5e7a05f375cca3815d51b3a37721fbf5c/ihp-sg13g2/libs.tech/librelane/IHP_rcx_patterns.rules ...
[INFO RCX-0436] RC segment generation CPU_TOP (max_merge_res 50.0) ...
[INFO RCX-0040] Final 18528 rc segments
[INFO RCX-0439] Coupling Cap extraction CPU_TOP ...
[INFO RCX-0440] Coupling threshhold is 0.1000 fF, coupling capacitance less than 0.1000 fF will be grounded.
[INFO RCX-0442] 47% of 27665 wires extracted
[INFO RCX-0442] 100% of 27665 wires extracted
[INFO RCX-0045] Extract 3956 nets, 22476 rsegs, 22476 caps, 34029 ccs
Setting global connections for newly added cells…
[INFO] Setting global connections...
[INFO ODB-0403] 0 connections made, 0 conflicts skipped.
Updating metrics…
Cell type report:                       Count       Area
  Fill cell                              5540   47557.24
  Standard cell                          3867   49447.84
  Total                                  9407   97005.08
Writing extracted parasitics to '/home/user/cpu_project/runs/RUN_2026-06-05_18-53-50/54-openroad-rcx/nom/CPU_TOP.nom.spef'…
[INFO RCX-0443] 3956 nets finished
