151. Printing statistics.

=== CPU_TOP ===

        +----------Local Count, excluding submodules.
        |        +-Local Area, excluding submodules.
        |        | 
     4037        - wires
     4540        - wire bits
       30        - public wires
      533        - public wire bits
       14        - ports
      238        - port bits
     4402 1.27E+04 cells
     1469        -   $_ANDNOT_
       66        -   $_AND_
      581        -   $_MUX_
       86        -   $_NAND_
      234        -   $_NOR_
      477        -   $_NOT_
       98        -   $_ORNOT_
      794        -   $_OR_
       98        -   $_XNOR_
      239        -   $_XOR_
      260 1.27E+04   sg13g2_dfrbpq_1

   Area for cell type $_ANDNOT_ is unknown!
   Area for cell type $_AND_ is unknown!
   Area for cell type $_MUX_ is unknown!
   Area for cell type $_NAND_ is unknown!
   Area for cell type $_NOR_ is unknown!
   Area for cell type $_NOT_ is unknown!
   Area for cell type $_ORNOT_ is unknown!
   Area for cell type $_OR_ is unknown!
   Area for cell type $_XNOR_ is unknown!
   Area for cell type $_XOR_ is unknown!

   Chip area for module '\CPU_TOP': 12737.088000
     of which used for sequential elements: 12737.088000 (100.00%)

