159. Printing statistics.

=== CPU_TOP ===

        +----------Local Count, excluding submodules.
        |        +-Local Area, excluding submodules.
        |        | 
     2811        - wires
     3035        - wire bits
      272        - public wires
      496        - public wire bits
       14        - ports
      238        - port bits
     2929 3.93E+04 cells
       45  571.536   sg13g2_a21o_1
      251 2.28E+03   sg13g2_a21oi_1
      103  1.5E+03   sg13g2_a221oi_1
      205 2.22E+03   sg13g2_a22oi_1
       67  607.824   sg13g2_and2_1
       13   165.11   sg13g2_and3_1
       19  275.789   sg13g2_and4_1
       32  232.243   sg13g2_buf_1
      260 1.27E+04   sg13g2_dfrbpq_1
      397  2160.95   sg13g2_inv_1
      225   4082.4   sg13g2_mux2_1
      200  1451.52   sg13g2_nand2_1
       67  607.824   sg13g2_nand2b_1
       73  662.256   sg13g2_nand3_1
       18  228.614   sg13g2_nand3b_1
       75   816.48   sg13g2_nand4_1
      210 1.52E+03   sg13g2_nor2_1
       41  371.952   sg13g2_nor2b_1
       69  625.968   sg13g2_nor3_1
       40  435.456   sg13g2_nor4_1
      277 2.51E+03   sg13g2_o21ai_1
       55   498.96   sg13g2_or2_1
        9  114.307   sg13g2_or3_1
       10  145.152   sg13g2_or4_1
      137 1.99E+03   sg13g2_xnor2_1
       31  449.971   sg13g2_xor2_1

   Chip area for module '\CPU_TOP': 39263.124600
     of which used for sequential elements: 12737.088000 (32.44%)

