[WARNING ORD-0039] .openroad ignored with -python
                                Cells by Master                                 
┏━━━━━━━━━━━━━━━━━━━━━━━━━━━━━━━━━━━━━━━━━━━━━━━━━━━━━━━━━━━┳━━━━━━━━━━━━━━━━━━┓
┃ Cell                                                      ┃ Count            ┃
┡━━━━━━━━━━━━━━━━━━━━━━━━━━━━━━━━━━━━━━━━━━━━━━━━━━━━━━━━━━━╇━━━━━━━━━━━━━━━━━━┩
│ sg13g2_a21o_1                                             │ 45               │
│ sg13g2_a21oi_1                                            │ 246              │
│ sg13g2_a21oi_2                                            │ 5                │
│ sg13g2_a221oi_1                                           │ 103              │
│ sg13g2_a22oi_1                                            │ 205              │
│ sg13g2_and2_1                                             │ 67               │
│ sg13g2_and3_1                                             │ 13               │
│ sg13g2_and4_1                                             │ 19               │
│ sg13g2_buf_1                                              │ 626              │
│ sg13g2_buf_16                                             │ 5                │
│ sg13g2_buf_2                                              │ 14               │
│ sg13g2_buf_4                                              │ 2                │
│ sg13g2_buf_8                                              │ 27               │
│ sg13g2_decap_4                                            │ 717              │
│ sg13g2_decap_8                                            │ 2936             │
│ sg13g2_dfrbpq_1                                           │ 260              │
│ sg13g2_dlygate4sd3_1                                      │ 281              │
│ sg13g2_fill_1                                             │ 983              │
│ sg13g2_fill_2                                             │ 904              │
│ sg13g2_inv_1                                              │ 400              │
│ sg13g2_inv_16                                             │ 1                │
│ sg13g2_inv_2                                              │ 6                │
│ sg13g2_inv_4                                              │ 3                │
│ sg13g2_inv_8                                              │ 2                │
│ sg13g2_mux2_1                                             │ 225              │
│ sg13g2_nand2_1                                            │ 200              │
│ sg13g2_nand2b_1                                           │ 66               │
│ sg13g2_nand2b_2                                           │ 1                │
│ sg13g2_nand3_1                                            │ 73               │
│ sg13g2_nand3b_1                                           │ 18               │
│ sg13g2_nand4_1                                            │ 75               │
│ sg13g2_nor2_1                                             │ 210              │
│ sg13g2_nor2b_1                                            │ 41               │
│ sg13g2_nor3_1                                             │ 65               │
│ sg13g2_nor3_2                                             │ 4                │
│ sg13g2_nor4_1                                             │ 37               │
│ sg13g2_nor4_2                                             │ 3                │
│ sg13g2_o21ai_1                                            │ 277              │
│ sg13g2_or2_1                                              │ 55               │
│ sg13g2_or3_1                                              │ 9                │
│ sg13g2_or4_1                                              │ 10               │
│ sg13g2_xnor2_1                                            │ 137              │
│ sg13g2_xor2_1                                             │ 31               │
└───────────────────────────────────────────────────────────┴──────────────────┘
                               Cells by Function                                
┏━━━━━━━━━━━━━━━━━━━━━━━━━━━━━━━━━━━━━━━━━━━━━━━━━━━━━┳━━━━━━━━━━━━━━━━━━━━━━━━┓
┃ Cell Function                                       ┃ Count                  ┃
┡━━━━━━━━━━━━━━━━━━━━━━━━━━━━━━━━━━━━━━━━━━━━━━━━━━━━━╇━━━━━━━━━━━━━━━━━━━━━━━━┩
└─────────────────────────────────────────────────────┴────────────────────────┘
                                  Cells by SCL                                  
┏━━━━━━━━━━━━━━━━━━━━━━━━━━━━━━━━━┳━━━━━━━━━━━━━━━━━━━━━━━━━━━━━━━━━━━━━━━━━━━━┓
┃ SCL                             ┃ Count                                      ┃
┡━━━━━━━━━━━━━━━━━━━━━━━━━━━━━━━━━╇━━━━━━━━━━━━━━━━━━━━━━━━━━━━━━━━━━━━━━━━━━━━┩
└─────────────────────────────────┴────────────────────────────────────────────┘
                             Buffers by Cell Master                             
┏━━━━━━━━━━━━━━━━━━━━━━━━━━━━━━━━━━━━━━━━━━━━━━━━━━━━━━━━━━━┳━━━━━━━━━━━━━━━━━━┓
┃ Buffer                                                    ┃ Count            ┃
┡━━━━━━━━━━━━━━━━━━━━━━━━━━━━━━━━━━━━━━━━━━━━━━━━━━━━━━━━━━━╇━━━━━━━━━━━━━━━━━━┩
│ sg13g2_buf_1                                              │ 626              │
│ sg13g2_buf_16                                             │ 5                │
│ sg13g2_buf_2                                              │ 14               │
│ sg13g2_buf_4                                              │ 2                │
│ sg13g2_buf_8                                              │ 27               │
│ sg13g2_dlygate4sd3_1                                      │ 281              │
└───────────────────────────────────────────────────────────┴──────────────────┘
