Reading timing models for corner nom_typ_1p20V_25C…
Reading timing library for the 'nom_typ_1p20V_25C' corner at '/home/user/your_directory/IHP-Open-PDK/ciel/ihp-sg13g2/versions/c4b8b4e5e7a05f375cca3815d51b3a37721fbf5c/ihp-sg13g2/libs.ref/sg13g2_stdcell/lib/sg13g2_stdcell_typ_1p20V_25C.lib'…
Reading timing library for the 'nom_typ_1p20V_25C' corner at '/home/user/your_directory/IHP-Open-PDK/ciel/ihp-sg13g2/versions/c4b8b4e5e7a05f375cca3815d51b3a37721fbf5c/ihp-sg13g2/libs.ref/sg13g2_io/lib/sg13g2_io_typ_1p2V_3p3V_25C.lib'…
Reading OpenROAD database at '/home/user/cpu_project/runs/RUN_2026-06-05_18-53-50/37-openroad-resizertimingpostcts/CPU_TOP.odb'…
Reading design constraints file at '/nix/store/4ih3gsigr3b9bd23wa17npi2ivyrcbnd-python3-3.13.9-env/lib/python3.13/site-packages/librelane/scripts/base.sdc'…
[INFO] Using clock clk…
[INFO] Setting output delay to: 2
[INFO] Setting input delay to: 2
[INFO] Setting load to: 0.006
[INFO] Setting clock uncertainty to: 0.25
[INFO] Setting clock transition to: 0.15
[INFO] Setting timing derate to: 5%
[INFO] Setting signal min routing layer to: Metal2 and clock min routing layer to Metal2. 
[INFO] Setting signal max routing layer to: TopMetal2 and clock max routing layer to TopMetal2. 
+ global_route -congestion_iterations 50 -verbose
[INFO GRT-0020] Min routing layer: Metal2
[INFO GRT-0021] Max routing layer: TopMetal2
[INFO GRT-0022] Global adjustment: 30%
[INFO GRT-0023] Grid origin: (0, 0)
[INFO GRT-0088] Layer Metal1  Track-Pitch = 0.4200  line-2-Via Pitch: 0.3650
[INFO GRT-0088] Layer Metal2  Track-Pitch = 0.4800  line-2-Via Pitch: 0.4150
[INFO GRT-0088] Layer Metal3  Track-Pitch = 0.4200  line-2-Via Pitch: 0.4150
[INFO GRT-0088] Layer Metal4  Track-Pitch = 0.4800  line-2-Via Pitch: 0.4150
[INFO GRT-0088] Layer Metal5  Track-Pitch = 0.4200  line-2-Via Pitch: 0.6200
[INFO GRT-0088] Layer TopMetal1 Track-Pitch = 2.2800  line-2-Via Pitch: 3.4100
[INFO GRT-0088] Layer TopMetal2 Track-Pitch = 4.0000  line-2-Via Pitch: 3.9500
[INFO GRT-0003] Macros: 0
[INFO GRT-0004] Blockages: 0
[INFO GRT-0019] Found 30 clock nets.
[INFO GRT-0001] Minimum degree: 2
[INFO GRT-0002] Maximum degree: 15

[INFO GRT-0053] Routing resources analysis:
          Routing      Original      Derated      Resource
Layer     Direction    Resources     Resources    Reduction (%)
---------------------------------------------------------------
Metal1     Horizontal          0             0          0.00%
Metal2     Vertical        29684         19704          33.62%
Metal3     Horizontal      35608         23302          34.56%
Metal4     Vertical        29684         19704          33.62%
Metal5     Horizontal      35268         23056          34.63%
TopMetal1    Vertical         6096          3833          37.12%
TopMetal2    Horizontal       3256          2024          37.84%
---------------------------------------------------------------

[INFO GRT-0197] Via related to pin nodes: 21149
[INFO GRT-0198] Via related Steiner nodes: 507
[INFO GRT-0199] Via filling finished.
[INFO GRT-0111] Final number of vias: 26507
[INFO GRT-0112] Final usage 3D: 100823

[INFO GRT-0096] Final congestion report:
Layer         Resource        Demand        Usage (%)    Max H / Max V / Total Overflow
---------------------------------------------------------------------------------------
Metal1               0             0            0.00%             0 /  0 /  0
Metal2           19704          9272           47.06%             0 /  0 /  0
Metal3           23302          9590           41.16%             0 /  0 /  0
Metal4           19704          1434            7.28%             0 /  0 /  0
Metal5           23056          1006            4.36%             0 /  0 /  0
TopMetal1           3833             0            0.00%             0 /  0 /  0
TopMetal2           2024             0            0.00%             0 /  0 /  0
---------------------------------------------------------------------------------------
Total            91623         21302           23.25%             0 /  0 /  0

[INFO GRT-0018] Total wirelength: 220680 um
[INFO GRT-0014] Routed nets: 3948
[INFO GRT-0303] Global routing runtime = 00:00:01
Setting global connections for newly added cells…
[INFO] Setting global connections...
[INFO ODB-0403] 0 connections made, 0 conflicts skipped.
Updating metrics…
Cell type report:                       Count       Area
  Buffer                                   32     232.24
  Clock buffer                             31     840.07
  Timing Repair Buffer                    892    9079.26
  Inverter                                397    2160.95
  Clock inverter                           15     163.30
  Sequential cell                         260   12737.09
  Multi-Input combinational cell         2240   24234.94
  Total                                  3867   49447.84
Writing OpenROAD database to '/home/user/cpu_project/runs/RUN_2026-06-05_18-53-50/39-openroad-globalrouting/CPU_TOP.odb'…
Writing layout to '/home/user/cpu_project/runs/RUN_2026-06-05_18-53-50/39-openroad-globalrouting/CPU_TOP.def'…
