Clock: clk
Sources: clk 
Generated: no
Virtual: yes
Propagated: no
Period: 10.000000

===========================================================================
report_clock_properties
============================================================================
Clock                   Period          Waveform
----------------------------------------------------
clk                  10.000000    0.000000  5.000000

===========================================================================
report_clock_latency
============================================================================
Clock clk
rise -> rise
    min     max
0.000000 0.000000 source latency
0.237944         network latency _5273_/CLK
        0.250915 network latency _5261_/CLK
---------------
0.237944 0.250915 latency
        0.012971 skew

fall -> fall
    min     max
0.000000 0.000000 source latency
0.234331         network latency _5273_/CLK
        0.246767 network latency _5261_/CLK
---------------
0.234331 0.246767 latency
        0.012436 skew



===========================================================================
report_clock_min_period
============================================================================
clk period_min = 3.54 fmax = 282.11
