
===========================================================================
 report_power
============================================================================
======================= nom_fast_1p32V_m40C Corner ===================================

Group                    Internal    Switching      Leakage        Total
                            Power        Power        Power        Power (Watts)
------------------------------------------------------------------------
Sequential           2.570145e-03 2.461757e-04 2.730336e-07 2.816594e-03  38.4%
Combinational        1.864608e-03 1.909026e-03 1.195325e-06 3.774830e-03  51.4%
Clock                3.583202e-04 3.775289e-04 9.730930e-06 7.455799e-04  10.2%
Macro                0.000000e+00 0.000000e+00 0.000000e+00 0.000000e+00   0.0%
Pad                  0.000000e+00 0.000000e+00 0.000000e+00 0.000000e+00   0.0%
------------------------------------------------------------------------
Total                4.793064e-03 2.532729e-03 1.119922e-05 7.336992e-03 100.0%
                            65.3%        34.5%         0.2%

