Clock: clk
Sources: clk 
Generated: no
Virtual: yes
Propagated: no
Period: 10.000000

===========================================================================
report_clock_properties
============================================================================
Clock                   Period          Waveform
----------------------------------------------------
clk                  10.000000    0.000000  5.000000

===========================================================================
report_clock_latency
============================================================================
Clock clk
rise -> rise
    min     max
0.000000 0.000000 source latency
0.314374         network latency _5308_/CLK
        0.323652 network latency _5261_/CLK
---------------
0.314374 0.323652 latency
        0.009278 skew

fall -> fall
    min     max
0.000000 0.000000 source latency
0.310151         network latency _5402_/CLK
        0.319493 network latency _5261_/CLK
---------------
0.310151 0.319493 latency
        0.009342 skew



===========================================================================
report_clock_min_period
============================================================================
clk period_min = 4.57 fmax = 218.66
