Reading timing models for corner nom_typ_1p20V_25C…
Reading timing library for the 'nom_typ_1p20V_25C' corner at '/home/user/your_directory/IHP-Open-PDK/ciel/ihp-sg13g2/versions/c4b8b4e5e7a05f375cca3815d51b3a37721fbf5c/ihp-sg13g2/libs.ref/sg13g2_stdcell/lib/sg13g2_stdcell_typ_1p20V_25C.lib'…
Reading timing library for the 'nom_typ_1p20V_25C' corner at '/home/user/your_directory/IHP-Open-PDK/ciel/ihp-sg13g2/versions/c4b8b4e5e7a05f375cca3815d51b3a37721fbf5c/ihp-sg13g2/libs.ref/sg13g2_io/lib/sg13g2_io_typ_1p2V_3p3V_25C.lib'…
Reading OpenROAD database at '/home/user/cpu_project/runs/RUN_2026-06-05_18-53-50/21-openroad-generatepdn/CPU_TOP.odb'…
Reading design constraints file at '/nix/store/4ih3gsigr3b9bd23wa17npi2ivyrcbnd-python3-3.13.9-env/lib/python3.13/site-packages/librelane/scripts/base.sdc'…
[INFO] Using clock clk…
[INFO] Setting output delay to: 2
[INFO] Setting input delay to: 2
[INFO] Setting load to: 0.006
[INFO] Setting clock uncertainty to: 0.25
[INFO] Setting clock transition to: 0.15
[INFO] Setting timing derate to: 5%
+ global_placement -density 0.4 -skip_io -pad_right 0 -pad_left 0 -init_wirelength_coef 0.25
[INFO GPL-0001] ---- Initialize GPL Main Data Structures
[INFO GPL-0002] DBU: 1000
[INFO GPL-0003] SiteSize: (  0.480  3.780 ) um
[INFO GPL-0004] CoreBBox: (  5.760 15.120 ) ( 318.720 325.080 ) um
[INFO GPL-0036] Movable instances area:      39270.874 um^2
[INFO GPL-0037] Total instances area:        39270.874 um^2
[INFO GPL-0035] Pin density area adjust:      5053.022 um^2
[INFO GPL-0032] ---- Initialize Region: Top-level
[INFO GPL-0006] Number of instances:              2929
[INFO GPL-0007] Movable instances:                2929
[INFO GPL-0008] Fixed instances:                     0
[INFO GPL-0009] Dummy instances:                     0
[INFO GPL-0010] Number of nets:                   3035
[INFO GPL-0011] Number of pins:                  10605
[INFO GPL-0012] Die BBox:  (  0.000  0.000 ) ( 324.850 343.570 ) um
[INFO GPL-0013] Core BBox: (  5.760 15.120 ) ( 318.720 325.080 ) um
[INFO GPL-0016] Core area:                   97005.082 um^2
[INFO GPL-0014] Region name: top-level.
[INFO GPL-0015] Region area:                 97005.082 um^2
[INFO GPL-0017] Fixed instances area:            0.000 um^2
[INFO GPL-0018] Movable instances area:      44323.895 um^2
[INFO GPL-0019] Utilization:                    45.692 %
[INFO GPL-0020] Standard cells area:         44323.895 um^2
[INFO GPL-0021] Large instances area:            0.000 um^2
[INFO GPL-0005] ---- Execute Conjugate Gradient Initial Placement.
[INFO GPL-0051] Source of initial instance position counters:
	Odb location = 0	Core center = 2929	Region center = 0
[INFO GPL-0033] ---- Initialize Nesterov Region: Top-level
[WARNING GPL-0302] Target density 0.4000 is too low for the available free area.
Automatically adjusting to uniform density 0.4600.
[INFO GPL-0023] Placement target density:       0.4600
[INFO GPL-0024] Movable insts average area:     15.133 um^2
[INFO GPL-0025] Ideal bin area:                 32.897 um^2
[INFO GPL-0026] Ideal bin count:                  2948
[INFO GPL-0027] Total bin area:              97005.082 um^2
[INFO GPL-0028] Bin count (X, Y):          32 ,     32
[INFO GPL-0029] Bin size (W * H):       9.780 *  9.686 um
[INFO GPL-0030] Number of bins:                   1024
[INFO GPL-0007] ---- Execute Nesterov Global Placement.
[INFO GPL-0031] HPWL: Half-Perimeter Wirelength
Iteration | Overflow |     HPWL (um) |  HPWL(%) |   Penalty | Group
---------------------------------------------------------------
        0 |   0.9960 |  9.196979e+03 |   +0.00% |  4.81e-15 |      
       10 |   0.9933 |  6.053859e+03 |  -34.18% |  7.84e-15 |      
       20 |   0.9933 |  6.007004e+03 |   -0.77% |  1.28e-14 |      
       30 |   0.9932 |  5.990411e+03 |   -0.28% |  2.08e-14 |      
       40 |   0.9932 |  5.986858e+03 |   -0.06% |  3.39e-14 |      
       50 |   0.9932 |  5.987347e+03 |   +0.01% |  5.52e-14 |      
       60 |   0.9931 |  5.989153e+03 |   +0.03% |  8.99e-14 |      
       70 |   0.9931 |  5.992203e+03 |   +0.05% |  1.46e-13 |      
       80 |   0.9929 |  5.998482e+03 |   +0.10% |  2.39e-13 |      
       90 |   0.9926 |  6.014834e+03 |   +0.27% |  3.89e-13 |      
      100 |   0.9920 |  6.065414e+03 |   +0.84% |  6.33e-13 |      
      110 |   0.9912 |  6.298969e+03 |   +3.85% |  1.03e-12 |      
      120 |   0.9887 |  7.506135e+03 |  +19.16% |  1.68e-12 |      
      130 |   0.9782 |  1.019416e+04 |  +35.81% |  2.74e-12 |      
      140 |   0.9674 |  1.285478e+04 |  +26.10% |  4.45e-12 |      
      150 |   0.9515 |  1.601774e+04 |  +24.61% |  7.25e-12 |      
      160 |   0.9354 |  1.931740e+04 |  +20.60% |  1.18e-11 |      
      170 |   0.9178 |  2.241807e+04 |  +16.05% |  1.92e-11 |      
      180 |   0.8958 |  2.633340e+04 |  +17.47% |  3.13e-11 |      
      190 |   0.8673 |  3.113003e+04 |  +18.22% |  5.10e-11 |      
      200 |   0.8333 |  3.541382e+04 |  +13.76% |  8.30e-11 |      
      210 |   0.7963 |  3.933633e+04 |  +11.08% |  1.35e-10 |      
      220 |   0.7542 |  4.376844e+04 |  +11.27% |  2.20e-10 |      
      230 |   0.7136 |  4.820264e+04 |  +10.13% |  3.58e-10 |      
      240 |   0.6635 |  5.261084e+04 |   +9.15% |  5.83e-10 |      
      250 |   0.6145 |  5.668902e+04 |   +7.75% |  9.50e-10 |      
      260 |   0.5635 |  6.030829e+04 |   +6.38% |  1.55e-09 |      
      270 |   0.5096 |  6.404863e+04 |   +6.20% |  2.52e-09 |      
      280 |   0.4618 |  6.645347e+04 |   +3.75% |  4.10e-09 |      
      290 |   0.4144 |  6.874412e+04 |   +3.45% |  6.68e-09 |      
      300 |   0.3694 |  7.035043e+04 |   +2.34% |  1.09e-08 |      
      310 |   0.3299 |  7.128020e+04 |   +1.32% |  1.70e-08 |      
      320 |   0.3018 |  7.213708e+04 |   +1.20% |  2.51e-08 |      
      330 |   0.2682 |  7.302235e+04 |   +1.23% |  3.69e-08 |      
      340 |   0.2342 |  7.392598e+04 |   +1.24% |  5.44e-08 |      
      350 |   0.2025 |  7.466987e+04 |   +1.01% |  8.01e-08 |      
      360 |   0.1743 |  7.511625e+04 |   +0.60% |  1.18e-07 |      
      370 |   0.1453 |  7.545149e+04 |   +0.45% |  1.74e-07 |      
      380 |   0.1222 |  7.572778e+04 |   +0.37% |  2.56e-07 |      
      390 |   0.1027 |  7.592564e+04 |   +0.26% |  3.77e-07 |      
      392 |   0.0995 |  7.598278e+04 |          |  4.24e-07 |      
---------------------------------------------------------------
[INFO GPL-1001] Global placement finished at iteration 392
[INFO GPL-1002] Placed Cell Area            44323.8954
[INFO GPL-1003] Available Free Area         97005.0816
[INFO GPL-1004] Minimum Feasible Density        0.4600 (cell_area / free_area)
[INFO GPL-1006]   Suggested Target Densities:
[INFO GPL-1007]     - For 90% usage of free space: 0.5077
[INFO GPL-1008]     - For 80% usage of free space: 0.5712
[INFO GPL-1009]     - For 50% usage of free space: 0.9138
[INFO GPL-1014] Final placement area: 44323.90 (+0.00%)
Setting global connections for newly added cells…
[INFO] Setting global connections...
[INFO ODB-0403] 0 connections made, 0 conflicts skipped.
Updating metrics…
Cell type report:                       Count       Area
  Buffer                                   32     232.24
  Inverter                                397    2160.95
  Sequential cell                         260   12737.09
  Multi-Input combinational cell         2240   24140.59
  Total                                  2929   39270.87
Writing OpenROAD database to '/home/user/cpu_project/runs/RUN_2026-06-05_18-53-50/24-openroad-globalplacementskipio/CPU_TOP.odb'…
Writing netlist to '/home/user/cpu_project/runs/RUN_2026-06-05_18-53-50/24-openroad-globalplacementskipio/CPU_TOP.nl.v'…
Writing powered netlist to '/home/user/cpu_project/runs/RUN_2026-06-05_18-53-50/24-openroad-globalplacementskipio/CPU_TOP.pnl.v'…
Writing layout to '/home/user/cpu_project/runs/RUN_2026-06-05_18-53-50/24-openroad-globalplacementskipio/CPU_TOP.def'…
Writing timing constraints to '/home/user/cpu_project/runs/RUN_2026-06-05_18-53-50/24-openroad-globalplacementskipio/CPU_TOP.sdc'…
