
===========================================================================
report_checks -unconstrained
===========================================================================
======================= nom_slow_1p08V_125C Corner ===================================

Startpoint: rst (input port clocked by clk)
Endpoint: _5190_ (recovery check against rising-edge clock clk)
Path Group: asynchronous
Path Type: max

Fanout         Cap        Slew       Delay        Time   Description
---------------------------------------------------------------------------------------------
                                  0.000000    0.000000   clock clk (rise edge)
                                  0.000000    0.000000   clock network delay (propagated)
                                  2.000000    2.000000 v input external delay
     1    0.002745    0.027243    0.003162    2.003162 v rst (in)
                                                         rst (net)
                      0.027243    0.000000    2.003162 v input97/A (sg13g2_buf_1)
     3    0.040112    0.213322    0.232750    2.235912 v input97/X (sg13g2_buf_1)
                                                         net97 (net)
                      0.213413    0.003694    2.239607 v fanout545/A (sg13g2_buf_1)
     5    0.089489    0.462633    0.490001    2.729608 v fanout545/X (sg13g2_buf_1)
                                                         net545 (net)
                      0.462813    0.007706    2.737314 v fanout533/A (sg13g2_buf_1)
     4    0.026589    0.149797    0.322781    3.060095 v fanout533/X (sg13g2_buf_1)
                                                         net533 (net)
                      0.149824    0.002011    3.062105 v fanout532/A (sg13g2_buf_1)
     7    0.040151    0.214142    0.289781    3.351886 v fanout532/X (sg13g2_buf_1)
                                                         net532 (net)
                      0.214150    0.001569    3.353455 v fanout530/A (sg13g2_buf_1)
     8    0.044665    0.237319    0.327752    3.681207 v fanout530/X (sg13g2_buf_1)
                                                         net530 (net)
                      0.237320    0.000944    3.682151 v fanout529/A (sg13g2_buf_1)
     8    0.036904    0.198777    0.306414    3.988565 v fanout529/X (sg13g2_buf_1)
                                                         net529 (net)
                      0.198825    0.002955    3.991521 v _4930_/A (sg13g2_inv_1)
     1    0.007214    0.087103    0.116924    4.108445 ^ _4930_/Y (sg13g2_inv_1)
                                                         _0014_ (net)
                      0.087104    0.000500    4.108944 ^ _5190_/RESET_B (sg13g2_dfrbpq_1)
                                              4.108944   data arrival time

                                 10.000000   10.000000   clock clk (rise edge)
                                  0.000000   10.000000   clock source latency
     1    0.053724    0.106928    0.078283   10.078283 ^ clk (in)
                                                         clk (net)
                      0.111502    0.000000   10.078283 ^ clkbuf_0_clk/A (sg13g2_buf_16)
     4    0.113001    0.065087    0.164629   10.242912 ^ clkbuf_0_clk/X (sg13g2_buf_16)
                                                         clknet_0_clk (net)
                      0.067216    0.009087   10.252000 ^ clkbuf_2_0__f_clk/A (sg13g2_buf_16)
     6    0.096450    0.057526    0.137177   10.389177 ^ clkbuf_2_0__f_clk/X (sg13g2_buf_16)
                                                         clknet_2_0__leaf_clk (net)
                      0.058223    0.004611   10.393787 ^ clkbuf_leaf_20_clk/A (sg13g2_buf_8)
    12    0.059528    0.065039    0.140110   10.533897 ^ clkbuf_leaf_20_clk/X (sg13g2_buf_8)
                                                         clknet_leaf_20_clk (net)
                      0.065300    0.002890   10.536788 ^ _5190_/CLK (sg13g2_dfrbpq_1)
                                 -0.250000   10.286788   clock uncertainty
                                  0.000000   10.286788   clock reconvergence pessimism
                                 -0.220653   10.066134   library recovery time
                                             10.066134   data required time
---------------------------------------------------------------------------------------------
                                             10.066134   data required time
                                             -4.108944   data arrival time
---------------------------------------------------------------------------------------------
                                              5.957191   slack (MET)


Startpoint: imem_data[23] (input port clocked by clk)
Endpoint: _5294_ (rising edge-triggered flip-flop clocked by clk)
Path Group: clk
Path Type: max

Fanout         Cap        Slew       Delay        Time   Description
---------------------------------------------------------------------------------------------
                                  0.000000    0.000000   clock clk (rise edge)
                                  0.000000    0.000000   clock network delay (propagated)
                                  2.000000    2.000000 v input external delay
     1    0.003040    0.027591    0.003503    2.003503 v imem_data[23] (in)
                                                         imem_data[23] (net)
                      0.027591    0.000000    2.003503 v input48/A (sg13g2_buf_1)
     3    0.043128    0.229019    0.242153    2.245656 v input48/X (sg13g2_buf_1)
                                                         net48 (net)
                      0.229108    0.003809    2.249464 v fanout583/A (sg13g2_buf_1)
     7    0.055619    0.292509    0.372075    2.621540 v fanout583/X (sg13g2_buf_1)
                                                         net583 (net)
                      0.292657    0.003832    2.625371 v fanout582/A (sg13g2_buf_1)
     8    0.038393    0.206486    0.328487    2.953858 v fanout582/X (sg13g2_buf_1)
                                                         net582 (net)
                      0.206505    0.002040    2.955899 v _2702_/A (sg13g2_nor2b_1)
     3    0.011823    0.197405    0.222231    3.178130 ^ _2702_/Y (sg13g2_nor2b_1)
                                                         _0597_ (net)
                      0.197410    0.000759    3.178888 ^ _2705_/B_N (sg13g2_nor2b_1)
     1    0.012152    0.185586    0.288694    3.467582 ^ _2705_/Y (sg13g2_nor2b_1)
                                                         _0600_ (net)
                      0.185595    0.001087    3.468669 ^ fanout458/A (sg13g2_buf_1)
     4    0.051030    0.329988    0.365444    3.834114 ^ fanout458/X (sg13g2_buf_1)
                                                         net458 (net)
                      0.330008    0.002180    3.836293 ^ fanout457/A (sg13g2_buf_1)
     7    0.065949    0.422089    0.476780    4.313074 ^ fanout457/X (sg13g2_buf_1)
                                                         net457 (net)
                      0.422116    0.002849    4.315922 ^ fanout456/A (sg13g2_buf_1)
     8    0.078217    0.499206    0.545517    4.861439 ^ fanout456/X (sg13g2_buf_1)
                                                         net456 (net)
                      0.499523    0.010484    4.871923 ^ _2785_/B1 (sg13g2_a221oi_1)
     1    0.006171    0.202648    0.263052    5.134975 v _2785_/Y (sg13g2_a221oi_1)
                                                         _0676_ (net)
                      0.202648    0.000381    5.135357 v _2787_/A2 (sg13g2_a21oi_1)
     1    0.024268    0.343845    0.376149    5.511506 ^ _2787_/Y (sg13g2_a21oi_1)
                                                         _0678_ (net)
                      0.343871    0.002455    5.513961 ^ fanout345/A (sg13g2_buf_1)
     8    0.051447    0.331055    0.416292    5.930253 ^ fanout345/X (sg13g2_buf_1)
                                                         net345 (net)
                      0.331076    0.002238    5.932491 ^ fanout344/A (sg13g2_buf_1)
     8    0.041522    0.270651    0.372998    6.305489 ^ fanout344/X (sg13g2_buf_1)
                                                         net344 (net)
                      0.270661    0.001986    6.307475 ^ _2799_/A (sg13g2_xnor2_1)
     8    0.040610    0.551870    0.551629    6.859105 ^ _2799_/Y (sg13g2_xnor2_1)
                                                         _0689_ (net)
                      0.551920    0.004388    6.863493 ^ _3044_/B (sg13g2_nand4_1)
     1    0.003777    0.208925    0.294505    7.157998 v _3044_/Y (sg13g2_nand4_1)
                                                         _0926_ (net)
                      0.208925    0.000149    7.158147 v _3045_/C1 (sg13g2_a221oi_1)
     3    0.021588    0.500942    0.412946    7.571093 ^ _3045_/Y (sg13g2_a221oi_1)
                                                         _0927_ (net)
                      0.500952    0.001830    7.572922 ^ _3410_/A2 (sg13g2_o21ai_1)
     4    0.032442    0.372230    0.477114    8.050036 v _3410_/Y (sg13g2_o21ai_1)
                                                         _1273_ (net)
                      0.372271    0.003940    8.053976 v _3565_/A1 (sg13g2_a21o_1)
     2    0.018448    0.122297    0.342219    8.396195 v _3565_/X (sg13g2_a21o_1)
                                                         _1420_ (net)
                      0.122304    0.001001    8.397196 v _3619_/A1 (sg13g2_a221oi_1)
     4    0.026904    0.603049    0.568686    8.965882 ^ _3619_/Y (sg13g2_a221oi_1)
                                                         _1472_ (net)
                      0.603066    0.002619    8.968502 ^ _3665_/B2 (sg13g2_a221oi_1)
     3    0.017473    0.288966    0.417086    9.385588 v _3665_/Y (sg13g2_a221oi_1)
                                                         _1516_ (net)
                      0.288970    0.001643    9.387231 v _3703_/A1 (sg13g2_o21ai_1)
     3    0.014066    0.270695    0.340546    9.727777 ^ _3703_/Y (sg13g2_o21ai_1)
                                                         _1552_ (net)
                      0.270695    0.001076    9.728853 ^ _3705_/A2 (sg13g2_a21oi_1)
     3    0.012984    0.185323    0.255699    9.984552 v _3705_/Y (sg13g2_a21oi_1)
                                                         _1554_ (net)
                      0.185323    0.000681    9.985233 v _3706_/B (sg13g2_xnor2_1)
     1    0.003716    0.073980    0.197771   10.183004 v _3706_/Y (sg13g2_xnor2_1)
                                                         _1555_ (net)
                      0.073980    0.000258   10.183263 v _3793_/A2 (sg13g2_a221oi_1)
     3    0.033971    0.734942    0.664232   10.847495 ^ _3793_/Y (sg13g2_a221oi_1)
                                                         _1642_ (net)
                      0.734945    0.001235   10.848730 ^ _3794_/B (sg13g2_or2_1)
     1    0.004300    0.067941    0.287210   11.135941 ^ _3794_/X (sg13g2_or2_1)
                                                         _1643_ (net)
                      0.067941    0.000169   11.136109 ^ _3796_/B1 (sg13g2_a22oi_1)
     7    0.038917    0.399864    0.341736   11.477845 v _3796_/Y (sg13g2_a22oi_1)
                                                         _1645_ (net)
                      0.399902    0.003234   11.481079 v _4361_/A0 (sg13g2_mux2_1)
     1    0.002778    0.069243    0.291757   11.772836 v _4361_/X (sg13g2_mux2_1)
                                                         _0348_ (net)
                      0.069243    0.000162   11.772997 v _5294_/D (sg13g2_dfrbpq_1)
                                             11.772997   data arrival time

                                 10.000000   10.000000   clock clk (rise edge)
                                  0.000000   10.000000   clock source latency
     1    0.053724    0.106928    0.078283   10.078283 ^ clk (in)
                                                         clk (net)
                      0.111502    0.000000   10.078283 ^ clkbuf_0_clk/A (sg13g2_buf_16)
     4    0.113001    0.065087    0.164629   10.242912 ^ clkbuf_0_clk/X (sg13g2_buf_16)
                                                         clknet_0_clk (net)
                      0.067216    0.009087   10.252000 ^ clkbuf_2_0__f_clk/A (sg13g2_buf_16)
     6    0.096450    0.057526    0.137177   10.389177 ^ clkbuf_2_0__f_clk/X (sg13g2_buf_16)
                                                         clknet_2_0__leaf_clk (net)
                      0.058223    0.004611   10.393787 ^ clkbuf_leaf_20_clk/A (sg13g2_buf_8)
    12    0.059528    0.065039    0.140110   10.533897 ^ clkbuf_leaf_20_clk/X (sg13g2_buf_8)
                                                         clknet_leaf_20_clk (net)
                      0.065255    0.002565   10.536463 ^ _5294_/CLK (sg13g2_dfrbpq_1)
                                 -0.250000   10.286463   clock uncertainty
                                  0.000000   10.286463   clock reconvergence pessimism
                                 -0.185453   10.101010   library setup time
                                             10.101010   data required time
---------------------------------------------------------------------------------------------
                                             10.101010   data required time
                                            -11.772997   data arrival time
---------------------------------------------------------------------------------------------
                                             -1.671987   slack (VIOLATED)




===========================================================================
report_checks --slack_max -0.01
============================================================================
======================= nom_slow_1p08V_125C Corner ===================================

Startpoint: imem_data[23] (input port clocked by clk)
Endpoint: _5294_ (rising edge-triggered flip-flop clocked by clk)
Path Group: clk
Path Type: max

Fanout         Cap        Slew       Delay        Time   Description
---------------------------------------------------------------------------------------------
                                  0.000000    0.000000   clock clk (rise edge)
                                  0.000000    0.000000   clock network delay (propagated)
                                  2.000000    2.000000 v input external delay
     1    0.003040    0.027591    0.003503    2.003503 v imem_data[23] (in)
                                                         imem_data[23] (net)
                      0.027591    0.000000    2.003503 v input48/A (sg13g2_buf_1)
     3    0.043128    0.229019    0.242153    2.245656 v input48/X (sg13g2_buf_1)
                                                         net48 (net)
                      0.229108    0.003809    2.249464 v fanout583/A (sg13g2_buf_1)
     7    0.055619    0.292509    0.372075    2.621540 v fanout583/X (sg13g2_buf_1)
                                                         net583 (net)
                      0.292657    0.003832    2.625371 v fanout582/A (sg13g2_buf_1)
     8    0.038393    0.206486    0.328487    2.953858 v fanout582/X (sg13g2_buf_1)
                                                         net582 (net)
                      0.206505    0.002040    2.955899 v _2702_/A (sg13g2_nor2b_1)
     3    0.011823    0.197405    0.222231    3.178130 ^ _2702_/Y (sg13g2_nor2b_1)
                                                         _0597_ (net)
                      0.197410    0.000759    3.178888 ^ _2705_/B_N (sg13g2_nor2b_1)
     1    0.012152    0.185586    0.288694    3.467582 ^ _2705_/Y (sg13g2_nor2b_1)
                                                         _0600_ (net)
                      0.185595    0.001087    3.468669 ^ fanout458/A (sg13g2_buf_1)
     4    0.051030    0.329988    0.365444    3.834114 ^ fanout458/X (sg13g2_buf_1)
                                                         net458 (net)
                      0.330008    0.002180    3.836293 ^ fanout457/A (sg13g2_buf_1)
     7    0.065949    0.422089    0.476780    4.313074 ^ fanout457/X (sg13g2_buf_1)
                                                         net457 (net)
                      0.422116    0.002849    4.315922 ^ fanout456/A (sg13g2_buf_1)
     8    0.078217    0.499206    0.545517    4.861439 ^ fanout456/X (sg13g2_buf_1)
                                                         net456 (net)
                      0.499523    0.010484    4.871923 ^ _2785_/B1 (sg13g2_a221oi_1)
     1    0.006171    0.202648    0.263052    5.134975 v _2785_/Y (sg13g2_a221oi_1)
                                                         _0676_ (net)
                      0.202648    0.000381    5.135357 v _2787_/A2 (sg13g2_a21oi_1)
     1    0.024268    0.343845    0.376149    5.511506 ^ _2787_/Y (sg13g2_a21oi_1)
                                                         _0678_ (net)
                      0.343871    0.002455    5.513961 ^ fanout345/A (sg13g2_buf_1)
     8    0.051447    0.331055    0.416292    5.930253 ^ fanout345/X (sg13g2_buf_1)
                                                         net345 (net)
                      0.331076    0.002238    5.932491 ^ fanout344/A (sg13g2_buf_1)
     8    0.041522    0.270651    0.372998    6.305489 ^ fanout344/X (sg13g2_buf_1)
                                                         net344 (net)
                      0.270661    0.001986    6.307475 ^ _2799_/A (sg13g2_xnor2_1)
     8    0.040610    0.551870    0.551629    6.859105 ^ _2799_/Y (sg13g2_xnor2_1)
                                                         _0689_ (net)
                      0.551920    0.004388    6.863493 ^ _3044_/B (sg13g2_nand4_1)
     1    0.003777    0.208925    0.294505    7.157998 v _3044_/Y (sg13g2_nand4_1)
                                                         _0926_ (net)
                      0.208925    0.000149    7.158147 v _3045_/C1 (sg13g2_a221oi_1)
     3    0.021588    0.500942    0.412946    7.571093 ^ _3045_/Y (sg13g2_a221oi_1)
                                                         _0927_ (net)
                      0.500952    0.001830    7.572922 ^ _3410_/A2 (sg13g2_o21ai_1)
     4    0.032442    0.372230    0.477114    8.050036 v _3410_/Y (sg13g2_o21ai_1)
                                                         _1273_ (net)
                      0.372271    0.003940    8.053976 v _3565_/A1 (sg13g2_a21o_1)
     2    0.018448    0.122297    0.342219    8.396195 v _3565_/X (sg13g2_a21o_1)
                                                         _1420_ (net)
                      0.122304    0.001001    8.397196 v _3619_/A1 (sg13g2_a221oi_1)
     4    0.026904    0.603049    0.568686    8.965882 ^ _3619_/Y (sg13g2_a221oi_1)
                                                         _1472_ (net)
                      0.603066    0.002619    8.968502 ^ _3665_/B2 (sg13g2_a221oi_1)
     3    0.017473    0.288966    0.417086    9.385588 v _3665_/Y (sg13g2_a221oi_1)
                                                         _1516_ (net)
                      0.288970    0.001643    9.387231 v _3703_/A1 (sg13g2_o21ai_1)
     3    0.014066    0.270695    0.340546    9.727777 ^ _3703_/Y (sg13g2_o21ai_1)
                                                         _1552_ (net)
                      0.270695    0.001076    9.728853 ^ _3705_/A2 (sg13g2_a21oi_1)
     3    0.012984    0.185323    0.255699    9.984552 v _3705_/Y (sg13g2_a21oi_1)
                                                         _1554_ (net)
                      0.185323    0.000681    9.985233 v _3706_/B (sg13g2_xnor2_1)
     1    0.003716    0.073980    0.197771   10.183004 v _3706_/Y (sg13g2_xnor2_1)
                                                         _1555_ (net)
                      0.073980    0.000258   10.183263 v _3793_/A2 (sg13g2_a221oi_1)
     3    0.033971    0.734942    0.664232   10.847495 ^ _3793_/Y (sg13g2_a221oi_1)
                                                         _1642_ (net)
                      0.734945    0.001235   10.848730 ^ _3794_/B (sg13g2_or2_1)
     1    0.004300    0.067941    0.287210   11.135941 ^ _3794_/X (sg13g2_or2_1)
                                                         _1643_ (net)
                      0.067941    0.000169   11.136109 ^ _3796_/B1 (sg13g2_a22oi_1)
     7    0.038917    0.399864    0.341736   11.477845 v _3796_/Y (sg13g2_a22oi_1)
                                                         _1645_ (net)
                      0.399902    0.003234   11.481079 v _4361_/A0 (sg13g2_mux2_1)
     1    0.002778    0.069243    0.291757   11.772836 v _4361_/X (sg13g2_mux2_1)
                                                         _0348_ (net)
                      0.069243    0.000162   11.772997 v _5294_/D (sg13g2_dfrbpq_1)
                                             11.772997   data arrival time

                                 10.000000   10.000000   clock clk (rise edge)
                                  0.000000   10.000000   clock source latency
     1    0.053724    0.106928    0.078283   10.078283 ^ clk (in)
                                                         clk (net)
                      0.111502    0.000000   10.078283 ^ clkbuf_0_clk/A (sg13g2_buf_16)
     4    0.113001    0.065087    0.164629   10.242912 ^ clkbuf_0_clk/X (sg13g2_buf_16)
                                                         clknet_0_clk (net)
                      0.067216    0.009087   10.252000 ^ clkbuf_2_0__f_clk/A (sg13g2_buf_16)
     6    0.096450    0.057526    0.137177   10.389177 ^ clkbuf_2_0__f_clk/X (sg13g2_buf_16)
                                                         clknet_2_0__leaf_clk (net)
                      0.058223    0.004611   10.393787 ^ clkbuf_leaf_20_clk/A (sg13g2_buf_8)
    12    0.059528    0.065039    0.140110   10.533897 ^ clkbuf_leaf_20_clk/X (sg13g2_buf_8)
                                                         clknet_leaf_20_clk (net)
                      0.065255    0.002565   10.536463 ^ _5294_/CLK (sg13g2_dfrbpq_1)
                                 -0.250000   10.286463   clock uncertainty
                                  0.000000   10.286463   clock reconvergence pessimism
                                 -0.185453   10.101010   library setup time
                                             10.101010   data required time
---------------------------------------------------------------------------------------------
                                             10.101010   data required time
                                            -11.772997   data arrival time
---------------------------------------------------------------------------------------------
                                             -1.671987   slack (VIOLATED)




===========================================================================
 report_check_types -max_slew -max_cap -max_fanout -violators
============================================================================
======================= nom_slow_1p08V_125C Corner ===================================

max fanout

Pin                                   Limit Fanout  Slack
---------------------------------------------------------
clkbuf_leaf_0_clk/X                       8     14     -6 (VIOLATED)
clkbuf_leaf_12_clk/X                      8     14     -6 (VIOLATED)
clkbuf_leaf_3_clk/X                       8     14     -6 (VIOLATED)
clkbuf_leaf_11_clk/X                      8     13     -5 (VIOLATED)
clkbuf_leaf_21_clk/X                      8     13     -5 (VIOLATED)
clkbuf_leaf_2_clk/X                       8     13     -5 (VIOLATED)
clkbuf_leaf_4_clk/X                       8     13     -5 (VIOLATED)
clkbuf_leaf_5_clk/X                       8     13     -5 (VIOLATED)
clkbuf_leaf_7_clk/X                       8     13     -5 (VIOLATED)
clkbuf_leaf_8_clk/X                       8     13     -5 (VIOLATED)
clkbuf_leaf_9_clk/X                       8     13     -5 (VIOLATED)
clkbuf_leaf_10_clk/X                      8     12     -4 (VIOLATED)
clkbuf_leaf_19_clk/X                      8     12     -4 (VIOLATED)
clkbuf_leaf_1_clk/X                       8     12     -4 (VIOLATED)
clkbuf_leaf_20_clk/X                      8     12     -4 (VIOLATED)
clkbuf_leaf_22_clk/X                      8     12     -4 (VIOLATED)
clkbuf_leaf_6_clk/X                       8     12     -4 (VIOLATED)
clkbuf_leaf_14_clk/X                      8     11     -3 (VIOLATED)
clkbuf_leaf_15_clk/X                      8     11     -3 (VIOLATED)
clkbuf_leaf_18_clk/X                      8     11     -3 (VIOLATED)



===========================================================================
report_parasitic_annotation -report_unannotated
============================================================================
Found 25 unannotated drivers.
 io_addr[0]
 io_addr[1]
 io_addr[2]
 io_addr[3]
 io_addr[4]
 io_addr[5]
 io_addr[6]
 io_addr[7]
 clkload0/Y
 clkload1/Y
 clkload10/Y
 clkload11/Y
 clkload12/X
 clkload13/Y
 clkload14/Y
 clkload15/Y
 clkload16/Y
 clkload2/Y
 clkload3/Y
 clkload4/Y
 clkload5/Y
 clkload6/X
 clkload7/Y
 clkload8/Y
 clkload9/Y
Found 0 partially unannotated drivers.

===========================================================================
max slew violation count 0
max fanout violation count 20
max cap violation count 0
============================================================================

===========================================================================
check_setup -verbose -unconstrained_endpoints -multiple_clock -no_clock -no_input_delay -loops -generated_clocks
===========================================================================
