Clock: clk
Sources: clk 
Generated: no
Virtual: yes
Propagated: no
Period: 10.000000

===========================================================================
report_clock_properties
============================================================================
Clock                   Period          Waveform
----------------------------------------------------
clk                  10.000000    0.000000  5.000000

===========================================================================
report_clock_latency
============================================================================
Clock clk
rise -> rise
    min     max
0.000000 0.000000 source latency
0.530685         network latency _5273_/CLK
        0.552189 network latency _5261_/CLK
---------------
0.530685 0.552189 latency
        0.021504 skew

fall -> fall
    min     max
0.000000 0.000000 source latency
0.518840         network latency _5273_/CLK
        0.539405 network latency _5261_/CLK
---------------
0.518840 0.539405 latency
        0.020564 skew



===========================================================================
report_clock_min_period
============================================================================
clk period_min = 8.29 fmax = 120.64
