[WARNING ORD-0039] .openroad ignored with -python
Unannotated report:
['report_parasitic_annotation -report_unannotated\n',
 '============================================================================\n',
 'Found 25 unannotated drivers.\n',
 ' io_addr[0]\n',
 ' io_addr[1]\n',
 ' io_addr[2]\n',
 ' io_addr[3]\n',
 ' io_addr[4]\n',
 ' io_addr[5]\n',
 ' io_addr[6]\n',
 ' io_addr[7]\n',
 ' clkload0/Y\n',
 ' clkload1/Y\n',
 ' clkload10/Y\n',
 ' clkload11/Y\n',
 ' clkload12/X\n',
 ' clkload13/Y\n',
 ' clkload14/Y\n',
 ' clkload15/Y\n',
 ' clkload16/Y\n',
 ' clkload2/Y\n',
 ' clkload3/Y\n',
 ' clkload4/Y\n',
 ' clkload5/Y\n',
 ' clkload6/X\n',
 ' clkload7/Y\n',
 ' clkload8/Y\n',
 ' clkload9/Y\n',
 'Found 0 partially unannotated drivers.\n',
 '\n']
Reported nets:
['io_addr[0]',
 'io_addr[1]',
 'io_addr[2]',
 'io_addr[3]',
 'io_addr[4]',
 'io_addr[5]',
 'io_addr[6]',
 'io_addr[7]',
 'clkload0/Y',
 'clkload1/Y',
 'clkload10/Y',
 'clkload11/Y',
 'clkload12/X',
 'clkload13/Y',
 'clkload14/Y',
 'clkload15/Y',
 'clkload16/Y',
 'clkload2/Y',
 'clkload3/Y',
 'clkload4/Y',
 'clkload5/Y',
 'clkload6/X',
 'clkload7/Y',
 'clkload8/Y',
 'clkload9/Y']
Filtered nets:
[]
done
