
===========================================================================
Violator List
============================================================================
[setup in-reg] imem_data[23] -> _5294_/D : -1.671987
[setup in-reg] imem_data[23] -> _5194_/D : -1.669914
[setup in-reg] imem_data[23] -> _5358_/D : -1.668609
[setup in-reg] imem_data[23] -> _5262_/D : -1.665542
[setup in-reg] imem_data[23] -> _5422_/D : -1.663604
[setup in-reg] imem_data[23] -> _5326_/D : -1.662714
[setup in-reg] imem_data[23] -> _5390_/D : -1.661780
[setup in-reg] imem_data[23] -> _5325_/D : -1.504849
[setup in-reg] imem_data[23] -> _5193_/D : -1.491959
[setup in-reg] imem_data[23] -> _5293_/D : -1.491439
[setup in-reg] imem_data[23] -> _5357_/D : -1.486706
[setup in-reg] imem_data[23] -> _5421_/D : -1.486381
[setup in-reg] imem_data[23] -> _5389_/D : -1.483973
[setup in-reg] imem_data[23] -> _5261_/D : -1.468692
[setup in-reg] imem_data[23] -> _5388_/D : -1.384986
[setup in-reg] imem_data[23] -> _5192_/D : -1.384044
[setup in-reg] imem_data[23] -> _5292_/D : -1.376617
[setup in-reg] imem_data[23] -> _5356_/D : -1.375241
[setup in-reg] imem_data[23] -> _5324_/D : -1.373437
[setup in-reg] imem_data[23] -> _5260_/D : -1.365740
[setup in-reg] imem_data[23] -> _5420_/D : -1.361854
[setup in-reg] imem_data[23] -> _5228_/D : -1.250593
[setup in-reg] imem_data[23] -> _5318_/D : -1.096692
[setup in-reg] imem_data[23] -> _5350_/D : -1.096065
[setup in-reg] imem_data[23] -> _5382_/D : -1.094526
[setup in-reg] imem_data[23] -> _5286_/D : -1.094164
[setup in-reg] imem_data[23] -> _5186_/D : -1.093722
[setup in-reg] imem_data[23] -> _5254_/D : -1.092901
[setup in-reg] imem_data[23] -> _5184_/D : -1.091135
[setup in-reg] imem_data[23] -> _5412_/D : -1.088850
[setup in-reg] imem_data[23] -> _5414_/D : -1.087334
[setup in-reg] imem_data[23] -> _5348_/D : -1.085058
[setup in-reg] imem_data[23] -> _5316_/D : -1.082148
[setup in-reg] imem_data[23] -> _5252_/D : -1.081624
[setup in-reg] imem_data[23] -> _5284_/D : -1.079560
[setup in-reg] imem_data[23] -> _5380_/D : -1.037290
[setup in-reg] imem_data[23] -> _5322_/D : -0.964458
[setup in-reg] imem_data[23] -> _5418_/D : -0.957926
[setup in-reg] imem_data[23] -> _5386_/D : -0.957741
[setup in-reg] imem_data[23] -> _5190_/D : -0.954734
[setup in-reg] imem_data[24] -> _5321_/D : -0.953976
[setup in-reg] imem_data[23] -> _5290_/D : -0.953056
[setup in-reg] imem_data[24] -> _5189_/D : -0.952998
[setup in-reg] imem_data[24] -> _5289_/D : -0.951091
[setup in-reg] imem_data[23] -> _5354_/D : -0.950751
[setup in-reg] imem_data[24] -> _5353_/D : -0.950298
[setup in-reg] imem_data[23] -> _5227_/D : -0.948437
[setup in-reg] imem_data[24] -> _5385_/D : -0.947898
[setup in-reg] imem_data[24] -> _5257_/D : -0.939228
[setup in-reg] imem_data[24] -> _5417_/D : -0.934836
[setup in-reg] imem_data[23] -> _5258_/D : -0.931695
[setup in-reg] imem_data[24] -> _5384_/D : -0.894826
[setup in-reg] imem_data[23] -> _5405_/D : -0.891028
[setup in-reg] imem_data[24] -> _5320_/D : -0.890598
[setup in-reg] imem_data[24] -> _5188_/D : -0.890144
[setup in-reg] imem_data[23] -> _5277_/D : -0.886857
[setup in-reg] imem_data[23] -> _5245_/D : -0.886554
[setup in-reg] imem_data[23] -> _5177_/D : -0.879911
[setup in-reg] imem_data[24] -> _5256_/D : -0.876892
[setup in-reg] imem_data[24] -> _5352_/D : -0.876208
[setup in-reg] imem_data[24] -> _5288_/D : -0.875829
[setup in-reg] imem_data[23] -> _5341_/D : -0.875759
[setup in-reg] imem_data[23] -> _5309_/D : -0.838605
[setup in-reg] imem_data[23] -> _5349_/D : -0.834707
[setup in-reg] imem_data[24] -> _5416_/D : -0.832594
[setup in-reg] imem_data[23] -> _5413_/D : -0.829603
[setup in-reg] imem_data[23] -> _5185_/D : -0.829468
[setup in-reg] imem_data[23] -> _5317_/D : -0.829412
[setup in-reg] imem_data[23] -> _5381_/D : -0.829111
[setup in-reg] imem_data[23] -> _5253_/D : -0.829016
[setup in-reg] imem_data[23] -> _5285_/D : -0.828625
[setup in-reg] imem_data[23] -> _5373_/D : -0.816898
[setup in-reg] imem_data[23] -> _5435_/D : -0.777267
[setup in-reg] imem_data[23] -> _5403_/D : -0.757095
[setup in-reg] imem_data[23] -> _5323_/D : -0.756431
[setup in-reg] imem_data[23] -> _5355_/D : -0.754918
[setup in-reg] imem_data[23] -> _5387_/D : -0.754413
[setup in-reg] imem_data[23] -> _5371_/D : -0.751985
[setup in-reg] imem_data[23] -> _5291_/D : -0.751838
[setup in-reg] imem_data[23] -> _5191_/D : -0.751201
[setup in-reg] imem_data[23] -> _5419_/D : -0.750207
[setup in-reg] imem_data[23] -> _5259_/D : -0.749790
[setup in-reg] imem_data[23] -> _5307_/D : -0.741503
[setup in-reg] imem_data[23] -> _5275_/D : -0.735892
[setup in-out] imem_data[22] -> dmem_addr[31] : -0.730557
[setup in-reg] imem_data[23] -> _5339_/D : -0.728104
[setup in-reg] imem_data[23] -> _5243_/D : -0.722467
[setup in-reg] imem_data[23] -> _5230_/D : -0.666122
[setup in-out] imem_data[22] -> dmem_addr[30] : -0.596072
[setup in-reg] imem_data[23] -> _5411_/D : -0.565132
[setup in-reg] imem_data[23] -> _5315_/D : -0.564661
[setup in-reg] imem_data[23] -> _5347_/D : -0.558359
[setup in-reg] imem_data[23] -> _5283_/D : -0.558272
[setup in-reg] imem_data[23] -> _5379_/D : -0.557884
[setup in-reg] imem_data[23] -> _5183_/D : -0.557487
[setup in-reg] imem_data[23] -> _5251_/D : -0.556296
[setup in-reg] imem_data[23] -> _5282_/D : -0.528540
[setup in-reg] imem_data[23] -> _5346_/D : -0.527269
[setup in-reg] imem_data[23] -> _5378_/D : -0.523887
[setup in-reg] imem_data[23] -> _5314_/D : -0.523747
[setup in-reg] imem_data[23] -> _5182_/D : -0.522676
[setup in-reg] imem_data[23] -> _5250_/D : -0.521578
[setup in-reg] imem_data[23] -> _5410_/D : -0.520138
[setup in-reg] imem_data[24] -> _5351_/D : -0.490022
[setup in-reg] imem_data[24] -> _5383_/D : -0.489931
[setup in-reg] imem_data[24] -> _5287_/D : -0.485281
[setup in-reg] imem_data[24] -> _5319_/D : -0.483381
[setup in-reg] imem_data[24] -> _5187_/D : -0.481762
[setup in-reg] imem_data[24] -> _5415_/D : -0.481188
[setup in-reg] imem_data[24] -> _5255_/D : -0.465862
[setup in-out] imem_data[22] -> dmem_addr[29] : -0.446680
[setup in-out] imem_data[22] -> dmem_addr[28] : -0.365547
[setup in-reg] imem_data[23] -> _5229_/D : -0.355620
[setup in-reg] imem_data[23] -> _5374_/D : -0.355278
[setup in-reg] imem_data[23] -> _5342_/D : -0.350870
[setup in-reg] imem_data[23] -> _5310_/D : -0.350005
[setup in-reg] imem_data[23] -> _5278_/D : -0.349752
[setup in-reg] imem_data[23] -> _5178_/D : -0.347868
[setup in-reg] imem_data[23] -> _5406_/D : -0.340727
[setup in-reg] imem_data[23] -> _5246_/D : -0.338315
[setup in-reg] imem_data[23] -> _5181_/D : -0.283260
[setup in-reg] imem_data[23] -> _5409_/D : -0.271251
[setup in-reg] imem_data[23] -> _5313_/D : -0.269817
[setup in-reg] imem_data[23] -> _5345_/D : -0.269504
[setup in-reg] imem_data[23] -> _5281_/D : -0.268257
[setup in-reg] imem_data[23] -> _5249_/D : -0.267497
[setup in-out] imem_data[22] -> dmem_addr[26] : -0.239789
[setup in-out] imem_data[22] -> dmem_addr[27] : -0.219215
[setup in-reg] imem_data[23] -> _5377_/D : -0.212595
[setup in-out] imem_data[22] -> dmem_addr[25] : -0.164576
[setup in-reg] imem_data[23] -> _5276_/D : -0.094775
[setup in-reg] imem_data[23] -> _5340_/D : -0.080158
[setup in-reg] imem_data[23] -> _5308_/D : -0.080076
[setup in-reg] imem_data[23] -> _5404_/D : -0.079418
[setup in-reg] imem_data[23] -> _5244_/D : -0.076656
[setup in-reg] imem_data[23] -> _5176_/D : -0.076266
[setup in-reg] imem_data[24] -> _5280_/D : -0.044634
[setup in-reg] imem_data[24] -> _5312_/D : -0.039847
[setup in-reg] imem_data[23] -> _5372_/D : -0.038220
[setup in-reg] imem_data[24] -> _5344_/D : -0.036001
[setup in-reg] imem_data[24] -> _5408_/D : -0.034500
[setup in-reg] imem_data[24] -> _5180_/D : -0.034209
[setup in-reg] imem_data[24] -> _5248_/D : -0.032305
